Archive member included because of file (symbol)

/home/letrend/workspace/MKR1000_Lighthouse_Embed/lib/libcore.a(WInterrupts.c.o)
                              /home/letrend/workspace/MKR1000_Lighthouse_Embed/build/main.o (attachInterrupt)
/home/letrend/workspace/MKR1000_Lighthouse_Embed/lib/libcore.a(cortex_handlers.c.o)
                              (Reset_Handler)
/home/letrend/workspace/MKR1000_Lighthouse_Embed/lib/libcore.a(delay.c.o)
                              /home/letrend/workspace/MKR1000_Lighthouse_Embed/build/WiFi.o (millis)
/home/letrend/workspace/MKR1000_Lighthouse_Embed/lib/libcore.a(hooks.c.o)
                              /home/letrend/workspace/MKR1000_Lighthouse_Embed/lib/libcore.a(delay.c.o) (yield)
/home/letrend/workspace/MKR1000_Lighthouse_Embed/lib/libcore.a(startup.c.o)
                              /home/letrend/workspace/MKR1000_Lighthouse_Embed/lib/libcore.a(cortex_handlers.c.o) (SystemInit)
/home/letrend/workspace/MKR1000_Lighthouse_Embed/lib/libcore.a(wiring.c.o)
                              /home/letrend/workspace/MKR1000_Lighthouse_Embed/build/main.o (init)
/home/letrend/workspace/MKR1000_Lighthouse_Embed/lib/libcore.a(wiring_analog.c.o)
                              /home/letrend/workspace/MKR1000_Lighthouse_Embed/lib/libcore.a(wiring.c.o) (analogReference)
/home/letrend/workspace/MKR1000_Lighthouse_Embed/lib/libcore.a(wiring_digital.c.o)
                              /home/letrend/workspace/MKR1000_Lighthouse_Embed/build/main.o (pinMode)
/home/letrend/workspace/MKR1000_Lighthouse_Embed/lib/libcore.a(wiring_private.c.o)
                              /home/letrend/workspace/MKR1000_Lighthouse_Embed/build/SPI.o (pinPeripheral)
/home/letrend/workspace/MKR1000_Lighthouse_Embed/lib/libcore.a(IPAddress.cpp.o)
                              /home/letrend/workspace/MKR1000_Lighthouse_Embed/build/WiFi.o (IPAddress::IPAddress())
/home/letrend/workspace/MKR1000_Lighthouse_Embed/lib/libcore.a(Print.cpp.o)
                              /home/letrend/workspace/MKR1000_Lighthouse_Embed/build/WiFiUdp.o (Print::write(unsigned char const*, unsigned int))
/home/letrend/workspace/MKR1000_Lighthouse_Embed/lib/libcore.a(Reset.cpp.o)
                              /home/letrend/workspace/MKR1000_Lighthouse_Embed/lib/libcore.a(delay.c.o) (tickReset)
/home/letrend/workspace/MKR1000_Lighthouse_Embed/lib/libcore.a(SERCOM.cpp.o)
                              /home/letrend/workspace/MKR1000_Lighthouse_Embed/build/variant.o (SERCOM::SERCOM(Sercom*))
/home/letrend/workspace/MKR1000_Lighthouse_Embed/lib/libcore.a(Uart.cpp.o)
                              /home/letrend/workspace/MKR1000_Lighthouse_Embed/build/variant.o (Uart::Uart(SERCOM*, unsigned char, unsigned char, SercomRXPad, SercomUartTXPad))
/home/letrend/workspace/MKR1000_Lighthouse_Embed/lib/libcore.a(WString.cpp.o)
                              /home/letrend/workspace/MKR1000_Lighthouse_Embed/build/WiFiMDNSResponder.o (String::~String())
/home/letrend/workspace/MKR1000_Lighthouse_Embed/lib/libcore.a(abi.cpp.o)
                              /home/letrend/workspace/MKR1000_Lighthouse_Embed/build/WiFi.o (__cxa_pure_virtual)
/home/letrend/workspace/MKR1000_Lighthouse_Embed/lib/libcore.a(CDC.cpp.o)
                              /home/letrend/workspace/MKR1000_Lighthouse_Embed/build/wirelessLove.o (Serial_::flush())
/home/letrend/workspace/MKR1000_Lighthouse_Embed/lib/libcore.a(USBCore.cpp.o)
                              /home/letrend/workspace/MKR1000_Lighthouse_Embed/build/main.o (USBDeviceClass::init())
/home/letrend/workspace/MKR1000_Lighthouse_Embed/lib/libcore.a(itoa.c.o)
                              /home/letrend/workspace/MKR1000_Lighthouse_Embed/lib/libcore.a(WString.cpp.o) (ltoa)
/home/letrend/workspace/MKR1000_Lighthouse_Embed/lib/libcore.a(dtostrf.c.o)
                              /home/letrend/workspace/MKR1000_Lighthouse_Embed/lib/libcore.a(WString.cpp.o) (dtostrf)
/home/letrend/workspace/MKR1000_Lighthouse_Embed/lib/libcore.a(RingBuffer.cpp.o)
                              /home/letrend/workspace/MKR1000_Lighthouse_Embed/lib/libcore.a(Uart.cpp.o) (RingBuffer::RingBuffer())
/home/letrend/workspace/MKR1000_Lighthouse_Embed/lib/libcore.a(new.cpp.o)
                              /home/letrend/workspace/MKR1000_Lighthouse_Embed/lib/libcore.a(USBCore.cpp.o) (operator new(unsigned int))
/home/letrend/workspace/MKR1000_Lighthouse_Embed/lib/libcore.a(PluggableUSB.cpp.o)
                              /home/letrend/workspace/MKR1000_Lighthouse_Embed/lib/libcore.a(USBCore.cpp.o) (PluggableUSB_::getInterface(unsigned char*))
/home/letrend/workspace/MKR1000_Lighthouse_Embed/tools/gcc-arm-none-eabi/bin/../lib/gcc/arm-none-eabi/4.8.3/../../../../arm-none-eabi/lib/armv6-m/libm.a(lib_a-s_fpclassify.o)
                              /home/letrend/workspace/MKR1000_Lighthouse_Embed/lib/libcore.a(Print.cpp.o) (__fpclassifyd)
[...]
Memory Configuration

Name             Origin             Length             Attributes
FLASH            0x0000000000002000 0x000000000003e000 xr
RAM              0x0000000020000000 0x0000000000008000 xrw
*default*        0x0000000000000000 0xffffffffffffffff

Linker script and memory map

LOAD /home/letrend/workspace/MKR1000_Lighthouse_Embed/tools/gcc-arm-none-eabi/bin/../lib/gcc/arm-none-eabi/4.8.3/armv6-m/crti.o
LOAD /home/letrend/workspace/MKR1000_Lighthouse_Embed/tools/gcc-arm-none-eabi/bin/../lib/gcc/arm-none-eabi/4.8.3/armv6-m/crtbegin.o
LOAD /home/letrend/workspace/MKR1000_Lighthouse_Embed/tools/gcc-arm-none-eabi/bin/../lib/gcc/arm-none-eabi/4.8.3/../../../../arm-none-eabi/lib/armv6-m/crt0.o
LOAD /home/letrend/workspace/MKR1000_Lighthouse_Embed/build/wirelessLove.o
LOAD /home/letrend/workspace/MKR1000_Lighthouse_Embed/build/sensors.o
LOAD /home/letrend/workspace/MKR1000_Lighthouse_Embed/build/protoLighthouse.o
LOAD /home/letrend/workspace/MKR1000_Lighthouse_Embed/build/logging.o
LOAD /home/letrend/workspace/MKR1000_Lighthouse_Embed/build/main.o
LOAD /home/letrend/workspace/MKR1000_Lighthouse_Embed/build/variant.o
LOAD /home/letrend/workspace/MKR1000_Lighthouse_Embed/build/SPI.o
LOAD /home/letrend/workspace/MKR1000_Lighthouse_Embed/build/WiFi.o
LOAD /home/letrend/workspace/MKR1000_Lighthouse_Embed/build/WiFiMDNSResponder.o
LOAD /home/letrend/workspace/MKR1000_Lighthouse_Embed/build/WiFiUdp.o
LOAD /home/letrend/workspace/MKR1000_Lighthouse_Embed/build/WiFiClient.o
LOAD /home/letrend/workspace/MKR1000_Lighthouse_Embed/build/WiFiSSLClient.o
LOAD /home/letrend/workspace/MKR1000_Lighthouse_Embed/build/WiFiServer.o
LOAD /home/letrend/workspace/MKR1000_Lighthouse_Embed/build/nm_bus_wrapper_samd21.o
LOAD /home/letrend/workspace/MKR1000_Lighthouse_Embed/build/nmasic.o
LOAD /home/letrend/workspace/MKR1000_Lighthouse_Embed/build/nmbus.o
LOAD /home/letrend/workspace/MKR1000_Lighthouse_Embed/build/m2m_periph.o
LOAD /home/letrend/workspace/MKR1000_Lighthouse_Embed/build/m2m_ota.o
LOAD /home/letrend/workspace/MKR1000_Lighthouse_Embed/build/m2m_wifi.o
LOAD /home/letrend/workspace/MKR1000_Lighthouse_Embed/build/m2m_hif.o
LOAD /home/letrend/workspace/MKR1000_Lighthouse_Embed/build/nmspi.o
LOAD /home/letrend/workspace/MKR1000_Lighthouse_Embed/build/nmdrv.o
LOAD /home/letrend/workspace/MKR1000_Lighthouse_Embed/build/nmi2c.o
LOAD /home/letrend/workspace/MKR1000_Lighthouse_Embed/build/nmuart.o
LOAD /home/letrend/workspace/MKR1000_Lighthouse_Embed/build/nm_common.o
LOAD /home/letrend/workspace/MKR1000_Lighthouse_Embed/build/nm_bsp_arduino.o
LOAD /home/letrend/workspace/MKR1000_Lighthouse_Embed/build/socket.o
LOAD /home/letrend/workspace/MKR1000_Lighthouse_Embed/build/socket_buffer.o
LOAD /home/letrend/workspace/MKR1000_Lighthouse_Embed/build/spi_flash.o
LOAD /home/letrend/workspace/MKR1000_Lighthouse_Embed/build/pb_encode.o
LOAD /home/letrend/workspace/MKR1000_Lighthouse_Embed/build/lighthouse_sensor.pb.o
LOAD /home/letrend/workspace/MKR1000_Lighthouse_Embed/build/pb_decode.o
LOAD /home/letrend/workspace/MKR1000_Lighthouse_Embed/build/pb_common.o
START GROUP
LOAD /home/letrend/workspace/MKR1000_Lighthouse_Embed/tools/gcc-arm-none-eabi/bin/../lib/gcc/arm-none-eabi/4.8.3/../../../../arm-none-eabi/lib/armv6-m/libm.a
LOAD /home/letrend/workspace/MKR1000_Lighthouse_Embed/lib/libcore.a
END GROUP
START GROUP
LOAD /home/letrend/workspace/MKR1000_Lighthouse_Embed/tools/gcc-arm-none-eabi/bin/../lib/gcc/arm-none-eabi/4.8.3/armv6-m/libgcc.a
LOAD /home/letrend/workspace/MKR1000_Lighthouse_Embed/tools/gcc-arm-none-eabi/bin/../lib/gcc/arm-none-eabi/4.8.3/../../../../arm-none-eabi/lib/armv6-m/libc_s.a
END GROUP
START GROUP
LOAD /home/letrend/workspace/MKR1000_Lighthouse_Embed/tools/gcc-arm-none-eabi/bin/../lib/gcc/arm-none-eabi/4.8.3/armv6-m/libgcc.a
LOAD /home/letrend/workspace/MKR1000_Lighthouse_Embed/tools/gcc-arm-none-eabi/bin/../lib/gcc/arm-none-eabi/4.8.3/../../../../arm-none-eabi/lib/armv6-m/libc_s.a
LOAD /home/letrend/workspace/MKR1000_Lighthouse_Embed/tools/gcc-arm-none-eabi/bin/../lib/gcc/arm-none-eabi/4.8.3/../../../../arm-none-eabi/lib/armv6-m/libnosys.a
END GROUP
START GROUP
LOAD /home/letrend/workspace/MKR1000_Lighthouse_Embed/tools/gcc-arm-none-eabi/bin/../lib/gcc/arm-none-eabi/4.8.3/armv6-m/libgcc.a
LOAD /home/letrend/workspace/MKR1000_Lighthouse_Embed/tools/gcc-arm-none-eabi/bin/../lib/gcc/arm-none-eabi/4.8.3/../../../../arm-none-eabi/lib/armv6-m/libc_s.a
LOAD /home/letrend/workspace/MKR1000_Lighthouse_Embed/tools/gcc-arm-none-eabi/bin/../lib/gcc/arm-none-eabi/4.8.3/../../../../arm-none-eabi/lib/armv6-m/libnosys.a
END GROUP
LOAD /home/letrend/workspace/MKR1000_Lighthouse_Embed/tools/gcc-arm-none-eabi/bin/../lib/gcc/arm-none-eabi/4.8.3/armv6-m/crtend.o
LOAD /home/letrend/workspace/MKR1000_Lighthouse_Embed/tools/gcc-arm-none-eabi/bin/../lib/gcc/arm-none-eabi/4.8.3/armv6-m/crtn.o

.text           0x0000000000002000     0xf260
 *(.isr_vector)
 .isr_vector    0x0000000000002000       0xb0 /home/letrend/workspace/MKR1000_Lighthouse_Embed/lib/libcore.a(cortex_handlers.c.o)
                0x0000000000002000                exception_table
 *(.text*)
 .text          0x00000000000020b0       0x60 /home/letrend/workspace/MKR1000_Lighthouse_Embed/tools/gcc-arm-none-eabi/bin/../lib/gcc/arm-none-eabi/4.8.3/armv6-m/crtbegin.o
 .text._ZN5Print5writeEPKc
                0x0000000000002110       0x3c /home/letrend/workspace/MKR1000_Lighthouse_Embed/build/wirelessLove.o
                0x0000000000002110                Print::write(char const*)
 .text._ZNK9IPAddresscvmEv
                0x000000000000214c       0x14 /home/letrend/workspace/MKR1000_Lighthouse_Embed/build/wirelessLove.o
                0x000000000000214c                IPAddress::operator unsigned long() const
 .text._ZL15printMacAddressv
                0x0000000000002160       0x68 /home/letrend/workspace/MKR1000_Lighthouse_Embed/build/wirelessLove.o
 .text._ZL19printEncryptionTypeh
                0x00000000000021c8       0x8c /home/letrend/workspace/MKR1000_Lighthouse_Embed/build/wirelessLove.o
 .text._ZL22printAvailableNetworksv
                0x0000000000002254      0x118 /home/letrend/workspace/MKR1000_Lighthouse_Embed/build/wirelessLove.o
 .text._ZL15printWifiStatusv
                0x000000000000236c       0xcc /home/letrend/workspace/MKR1000_Lighthouse_Embed/build/wirelessLove.o
 .text._ZL19getConnectionStatusv
                0x0000000000002438       0x1c /home/letrend/workspace/MKR1000_Lighthouse_Embed/build/wirelessLove.o
 .text._ZL8initWifiv
                0x0000000000002454       0xb4 /home/letrend/workspace/MKR1000_Lighthouse_Embed/build/wirelessLove.o
 .text._ZL14initUDPSocketsv
                0x0000000000002508       0x80 /home/letrend/workspace/MKR1000_Lighthouse_Embed/build/wirelessLove.o
 .text._ZL17sendUDPTestPacketv
                0x0000000000002588       0x44 /home/letrend/workspace/MKR1000_Lighthouse_Embed/build/wirelessLove.o
 .text._ZL13sendUDPPacketPKhj
                0x00000000000025cc       0x70 /home/letrend/workspace/MKR1000_Lighthouse_Embed/build/wirelessLove.o
 .text._ZL16receiveUDPPacketPKhj
                0x000000000000263c      0x188 /home/letrend/workspace/MKR1000_Lighthouse_Embed/build/wirelessLove.o
 .text._Z41__static_initialization_and_destruction_0ii
                0x00000000000027c4       0x5c /home/letrend/workspace/MKR1000_Lighthouse_Embed/build/wirelessLove.o
 .text._GLOBAL__sub_I_whylove
                0x0000000000002820       0x18 /home/letrend/workspace/MKR1000_Lighthouse_Embed/build/wirelessLove.o
 .text._Z10sensor_spiv
                0x0000000000002838      0x268 /home/letrend/workspace/MKR1000_Lighthouse_Embed/build/sensors.o
                0x0000000000002838                sensor_spi()
 .text._Z11initSensorsv
                0x0000000000002aa0       0x24 /home/letrend/workspace/MKR1000_Lighthouse_Embed/build/sensors.o
                0x0000000000002aa0                initSensors()
 .text._Z11initCounterv
                0x0000000000002ac4       0x9c /home/letrend/workspace/MKR1000_Lighthouse_Embed/build/sensors.o
                0x0000000000002ac4                initCounter()
 .text._ZL15processDurationP5Sweep
                0x0000000000002b60      0x178 /home/letrend/workspace/MKR1000_Lighthouse_Embed/build/sensors.o
 .text._Z19processSensorValuesv
                0x0000000000002cd8       0x8c /home/letrend/workspace/MKR1000_Lighthouse_Embed/build/sensors.o
                0x0000000000002cd8                processSensorValues()
 .text._ZL9initProtov
                0x0000000000002d64       0x74 /home/letrend/workspace/MKR1000_Lighthouse_Embed/build/protoLighthouse.o
 .text._ZL16resetSensorEntryt
                0x0000000000002dd8       0x80 /home/letrend/workspace/MKR1000_Lighthouse_Embed/build/protoLighthouse.o
 .text._ZL20incrementSensorEntryt
                0x0000000000002e58       0xc4 /home/letrend/workspace/MKR1000_Lighthouse_Embed/build/protoLighthouse.o
 .text._ZL14addSensor_Datafitt
                0x0000000000002f1c      0x2ec /home/letrend/workspace/MKR1000_Lighthouse_Embed/build/protoLighthouse.o
 .text._ZL23decode_trackedObj_ProtojPh
                0x0000000000003208      0x20c /home/letrend/workspace/MKR1000_Lighthouse_Embed/build/protoLighthouse.o
 .text._ZL19decode_config_ProtoPKhj
                0x0000000000003414      0x19c /home/letrend/workspace/MKR1000_Lighthouse_Embed/build/protoLighthouse.o
 .text._ZL17encode_send_Protot
                0x00000000000035b0      0x4e4 /home/letrend/workspace/MKR1000_Lighthouse_Embed/build/protoLighthouse.o
 .text._ZL12printWiFiUDPv
                0x0000000000003a94       0x30 /home/letrend/workspace/MKR1000_Lighthouse_Embed/build/logging.o
 .text._ZL11printSerialv
                0x0000000000003ac4       0x20 /home/letrend/workspace/MKR1000_Lighthouse_Embed/build/logging.o
 .text._ZL15setLoggingLevel9TLogLevel
                0x0000000000003ae4       0x20 /home/letrend/workspace/MKR1000_Lighthouse_Embed/build/logging.o
 .text._ZL17setFlushInterface14FlushInterface
                0x0000000000003b04       0x40 /home/letrend/workspace/MKR1000_Lighthouse_Embed/build/logging.o
 .text._ZL15createLogStringPc9TLogLevel
                0x0000000000003b44       0x7c /home/letrend/workspace/MKR1000_Lighthouse_Embed/build/logging.o
 .text._ZL15deleteLogStringv
                0x0000000000003bc0       0x28 /home/letrend/workspace/MKR1000_Lighthouse_Embed/build/logging.o
 .text._ZL15appendLogStringPKc
                0x0000000000003be8      0x100 /home/letrend/workspace/MKR1000_Lighthouse_Embed/build/logging.o
 .text._ZL17GetReportingLevelv
                0x0000000000003ce8       0x14 /home/letrend/workspace/MKR1000_Lighthouse_Embed/build/logging.o
 .text._ZL12GetLogString9TLogLevelPKc
                0x0000000000003cfc      0x110 /home/letrend/workspace/MKR1000_Lighthouse_Embed/build/logging.o
 .text._ZL15MakeldLogString9TLogLevelPKcl
                0x0000000000003e0c      0x12c /home/letrend/workspace/MKR1000_Lighthouse_Embed/build/logging.o
 .text._ZL14MakedLogString9TLogLevelPKci
                0x0000000000003f38      0x130 /home/letrend/workspace/MKR1000_Lighthouse_Embed/build/logging.o
 .text._ZL14MakefLogString9TLogLevelPKcf
                0x0000000000004068      0x13c /home/letrend/workspace/MKR1000_Lighthouse_Embed/build/logging.o
 .text._Z11initVariantv
                0x00000000000041a4        0x8 /home/letrend/workspace/MKR1000_Lighthouse_Embed/build/main.o
                0x00000000000041a4                initVariant()
 .text._ZL15initPeripheralsv
                0x00000000000041ac       0xc0 /home/letrend/workspace/MKR1000_Lighthouse_Embed/build/main.o
 .text._ZL19initPins_Interruptsv
                0x000000000000426c       0x1c /home/letrend/workspace/MKR1000_Lighthouse_Embed/build/main.o
 .text.main     0x0000000000004288       0x48 /home/letrend/workspace/MKR1000_Lighthouse_Embed/build/main.o
                0x0000000000004288                main
 .text.SERCOM5_Handler
                0x00000000000042d0       0x14 /home/letrend/workspace/MKR1000_Lighthouse_Embed/build/variant.o
                0x00000000000042d0                SERCOM5_Handler
 .text._Z41__static_initialization_and_destruction_0ii
                0x00000000000042e4       0xb8 /home/letrend/workspace/MKR1000_Lighthouse_Embed/build/variant.o
 .text._GLOBAL__sub_I_g_APinDescription
                0x000000000000439c       0x18 /home/letrend/workspace/MKR1000_Lighthouse_Embed/build/variant.o
 .text._ZN11SPISettingsC2Ev
                0x00000000000043b4       0x98 /home/letrend/workspace/MKR1000_Lighthouse_Embed/build/SPI.o
                0x00000000000043b4                SPISettings::SPISettings()
                0x00000000000043b4                SPISettings::SPISettings()
 .text._ZN8SPIClassC2EP6SERCOMhhh14SercomSpiTXPad11SercomRXPad
                0x000000000000444c       0x7c /home/letrend/workspace/MKR1000_Lighthouse_Embed/build/SPI.o
                0x000000000000444c                SPIClass::SPIClass(SERCOM*, unsigned char, unsigned char, unsigned char, SercomSpiTXPad, SercomRXPad)
                0x000000000000444c                SPIClass::SPIClass(SERCOM*, unsigned char, unsigned char, unsigned char, SercomSpiTXPad, SercomRXPad)
 .text._ZN8SPIClass5beginEv
                0x00000000000044c8       0xa0 /home/letrend/workspace/MKR1000_Lighthouse_Embed/build/SPI.o
                0x00000000000044c8                SPIClass::begin()
 .text._ZN8SPIClass4initEv
                0x0000000000004568       0x30 /home/letrend/workspace/MKR1000_Lighthouse_Embed/build/SPI.o
                0x0000000000004568                SPIClass::init()
 .text._ZN8SPIClass6configE11SPISettings
                0x0000000000004598       0x5c /home/letrend/workspace/MKR1000_Lighthouse_Embed/build/SPI.o
                0x0000000000004598                SPIClass::config(SPISettings)
 .text._ZN8SPIClass3endEv
                0x00000000000045f4       0x20 /home/letrend/workspace/MKR1000_Lighthouse_Embed/build/SPI.o
                0x00000000000045f4                SPIClass::end()
 .text._ZN8SPIClass16beginTransactionE11SPISettings
                0x0000000000004614       0x6c /home/letrend/workspace/MKR1000_Lighthouse_Embed/build/SPI.o
                0x0000000000004614                SPIClass::beginTransaction(SPISettings)
 .text._ZN8SPIClass14endTransactionEv
                0x0000000000004680       0x4c /home/letrend/workspace/MKR1000_Lighthouse_Embed/build/SPI.o
                0x0000000000004680                SPIClass::endTransaction()
 .text._ZN8SPIClass11setBitOrderE8BitOrder
                0x00000000000046cc       0x38 /home/letrend/workspace/MKR1000_Lighthouse_Embed/build/SPI.o
                0x00000000000046cc                SPIClass::setBitOrder(BitOrder)
 .text._ZN8SPIClass8transferEh
                0x0000000000004704       0x34 /home/letrend/workspace/MKR1000_Lighthouse_Embed/build/SPI.o
                0x0000000000004704                SPIClass::transfer(unsigned char)
 .text._ZN8SPIClass10transfer16Et
                0x0000000000004738       0xa8 /home/letrend/workspace/MKR1000_Lighthouse_Embed/build/SPI.o
                0x0000000000004738                SPIClass::transfer16(unsigned short)
 .text._Z41__static_initialization_and_destruction_0ii
                0x00000000000047e0       0x78 /home/letrend/workspace/MKR1000_Lighthouse_Embed/build/SPI.o
 .text._GLOBAL__sub_I__ZN8SPIClassC2EP6SERCOMhhh14SercomSpiTXPad11SercomRXPad
                0x0000000000004858       0x18 /home/letrend/workspace/MKR1000_Lighthouse_Embed/build/SPI.o
 .text._ZL7wifi_cbhPv
                0x0000000000004870      0x29c /home/letrend/workspace/MKR1000_Lighthouse_Embed/build/WiFi.o
 .text._ZL10resolve_cbPhm
                0x0000000000004b0c       0x1c /home/letrend/workspace/MKR1000_Lighthouse_Embed/build/WiFi.o
 .text._ZN9WiFiClassC2Ev
                0x0000000000004b28       0x24 /home/letrend/workspace/MKR1000_Lighthouse_Embed/build/WiFi.o
                0x0000000000004b28                WiFiClass::WiFiClass()
                0x0000000000004b28                WiFiClass::WiFiClass()
 .text._ZN9WiFiClass4initEv
                0x0000000000004b4c      0x118 /home/letrend/workspace/MKR1000_Lighthouse_Embed/build/WiFi.o
                0x0000000000004b4c                WiFiClass::init()
 .text._ZN9WiFiClass5beginEPKc
                0x0000000000004c64       0x24 /home/letrend/workspace/MKR1000_Lighthouse_Embed/build/WiFi.o
                0x0000000000004c64                WiFiClass::begin(char const*)
 .text._ZN9WiFiClass12startConnectEPKchPKv
                0x0000000000004c88      0x108 /home/letrend/workspace/MKR1000_Lighthouse_Embed/build/WiFi.o
                0x0000000000004c88                WiFiClass::startConnect(char const*, unsigned char, void const*)
 .text._ZN9PrintableC2ERKS_
                0x0000000000004d90       0x20 /home/letrend/workspace/MKR1000_Lighthouse_Embed/build/WiFi.o
                0x0000000000004d90                Printable::Printable(Printable const&)
                0x0000000000004d90                Printable::Printable(Printable const&)
 .text._ZN9IPAddressC2ERKS_
                0x0000000000004db0       0x34 /home/letrend/workspace/MKR1000_Lighthouse_Embed/build/WiFi.o
                0x0000000000004db0                IPAddress::IPAddress(IPAddress const&)
                0x0000000000004db0                IPAddress::IPAddress(IPAddress const&)
 .text._ZN9WiFiClass10macAddressEPh
                0x0000000000004de4       0x64 /home/letrend/workspace/MKR1000_Lighthouse_Embed/build/WiFi.o
                0x0000000000004de4                WiFiClass::macAddress(unsigned char*)
 .text._ZN9WiFiClass7localIPEv
                0x0000000000004e48       0x14 /home/letrend/workspace/MKR1000_Lighthouse_Embed/build/WiFi.o
                0x0000000000004e48                WiFiClass::localIP()
 .text._ZN9WiFiClass4SSIDEv
                0x0000000000004e5c       0x30 /home/letrend/workspace/MKR1000_Lighthouse_Embed/build/WiFi.o
                0x0000000000004e5c                WiFiClass::SSID()
 .text._ZN9WiFiClass4RSSIEv
                0x0000000000004e8c       0x6c /home/letrend/workspace/MKR1000_Lighthouse_Embed/build/WiFi.o
                0x0000000000004e8c                WiFiClass::RSSI()
 .text._ZN9WiFiClass12scanNetworksEv
                0x0000000000004ef8       0x94 /home/letrend/workspace/MKR1000_Lighthouse_Embed/build/WiFi.o
                0x0000000000004ef8                WiFiClass::scanNetworks()
 .text._ZN9WiFiClass4SSIDEh
                0x0000000000004f8c       0x98 /home/letrend/workspace/MKR1000_Lighthouse_Embed/build/WiFi.o
                0x0000000000004f8c                WiFiClass::SSID(unsigned char)
 .text._ZN9WiFiClass4RSSIEh
                0x0000000000005024       0x88 /home/letrend/workspace/MKR1000_Lighthouse_Embed/build/WiFi.o
                0x0000000000005024                WiFiClass::RSSI(unsigned char)
 .text._ZN9WiFiClass14encryptionTypeEh
                0x00000000000050ac       0x8c /home/letrend/workspace/MKR1000_Lighthouse_Embed/build/WiFi.o
                0x00000000000050ac                WiFiClass::encryptionType(unsigned char)
 .text._ZN9WiFiClass6statusEv
                0x0000000000005138       0x2c /home/letrend/workspace/MKR1000_Lighthouse_Embed/build/WiFi.o
                0x0000000000005138                WiFiClass::status()
 .text._ZN9WiFiClass10hostByNameEPKcR9IPAddress
                0x0000000000005164       0xd0 /home/letrend/workspace/MKR1000_Lighthouse_Embed/build/WiFi.o
                0x0000000000005164                WiFiClass::hostByName(char const*, IPAddress&)
 .text._Z41__static_initialization_and_destruction_0ii
                0x0000000000005234       0x44 /home/letrend/workspace/MKR1000_Lighthouse_Embed/build/WiFi.o
 .text._GLOBAL__sub_I__ZN9WiFiClassC2Ev
                0x0000000000005278       0x18 /home/letrend/workspace/MKR1000_Lighthouse_Embed/build/WiFi.o
 .text._Z41__static_initialization_and_destruction_0ii
                0x0000000000005290       0x38 /home/letrend/workspace/MKR1000_Lighthouse_Embed/build/WiFiMDNSResponder.o
 .text._GLOBAL__sub_I__ZN17WiFiMDNSResponderC2Ev
                0x00000000000052c8       0x18 /home/letrend/workspace/MKR1000_Lighthouse_Embed/build/WiFiMDNSResponder.o
 .text._ZN5PrintC2Ev
                0x00000000000052e0       0x24 /home/letrend/workspace/MKR1000_Lighthouse_Embed/build/WiFiUdp.o
                0x00000000000052e0                Print::Print()
                0x00000000000052e0                Print::Print()
 .text._ZN6StreamC2Ev
                0x0000000000005304       0x2c /home/letrend/workspace/MKR1000_Lighthouse_Embed/build/WiFiUdp.o
                0x0000000000005304                Stream::Stream()
                0x0000000000005304                Stream::Stream()
 .text._ZN7WiFiUDP4readEPcj
                0x0000000000005330       0x28 /home/letrend/workspace/MKR1000_Lighthouse_Embed/build/WiFiUdp.o
                0x0000000000005330                WiFiUDP::read(char*, unsigned int)
 .text._ZN3UDPC2Ev
                0x0000000000005358       0x24 /home/letrend/workspace/MKR1000_Lighthouse_Embed/build/WiFiUdp.o
                0x0000000000005358                UDP::UDP()
                0x0000000000005358                UDP::UDP()
 .text._ZN7WiFiUDPC2Ev
                0x000000000000537c       0x6c /home/letrend/workspace/MKR1000_Lighthouse_Embed/build/WiFiUdp.o
                0x000000000000537c                WiFiUDP::WiFiUDP()
                0x000000000000537c                WiFiUDP::WiFiUDP()
 .text._ZN7WiFiUDP5beginEt
                0x00000000000053e8      0x180 /home/letrend/workspace/MKR1000_Lighthouse_Embed/build/WiFiUdp.o
                0x00000000000053e8                WiFiUDP::begin(unsigned short)
 .text._ZN7WiFiUDP10beginMultiE9IPAddresst
                0x0000000000005568       0x60 /home/letrend/workspace/MKR1000_Lighthouse_Embed/build/WiFiUdp.o
                0x0000000000005568                WiFiUDP::beginMulti(IPAddress, unsigned short)
 .text._ZN7WiFiUDP9availableEv
                0x00000000000055c8       0x2c /home/letrend/workspace/MKR1000_Lighthouse_Embed/build/WiFiUdp.o
                0x00000000000055c8                WiFiUDP::available()
 .text._ZN7WiFiUDP4stopEv
                0x00000000000055f4       0x38 /home/letrend/workspace/MKR1000_Lighthouse_Embed/build/WiFiUdp.o
                0x00000000000055f4                WiFiUDP::stop()
 .text._ZN7WiFiUDP11beginPacketEPKct
                0x000000000000562c       0x74 /home/letrend/workspace/MKR1000_Lighthouse_Embed/build/WiFiUdp.o
                0x000000000000562c                WiFiUDP::beginPacket(char const*, unsigned short)
 .text._ZN7WiFiUDP11beginPacketE9IPAddresst
                0x00000000000056a0       0x48 /home/letrend/workspace/MKR1000_Lighthouse_Embed/build/WiFiUdp.o
                0x00000000000056a0                WiFiUDP::beginPacket(IPAddress, unsigned short)
 .text._ZN7WiFiUDP9endPacketEv
                0x00000000000056e8       0xbc /home/letrend/workspace/MKR1000_Lighthouse_Embed/build/WiFiUdp.o
                0x00000000000056e8                WiFiUDP::endPacket()
 .text._ZN7WiFiUDP5writeEh
                0x00000000000057a4       0x2c /home/letrend/workspace/MKR1000_Lighthouse_Embed/build/WiFiUdp.o
                0x00000000000057a4                WiFiUDP::write(unsigned char)
 .text._ZN7WiFiUDP5writeEPKhj
                0x00000000000057d0       0x70 /home/letrend/workspace/MKR1000_Lighthouse_Embed/build/WiFiUdp.o
                0x00000000000057d0                WiFiUDP::write(unsigned char const*, unsigned int)
 .text._ZN7WiFiUDP11parsePacketEv
                0x0000000000005840      0x110 /home/letrend/workspace/MKR1000_Lighthouse_Embed/build/WiFiUdp.o
                0x0000000000005840                WiFiUDP::parsePacket()
 .text._ZN7WiFiUDP4readEv
                0x0000000000005950       0x40 /home/letrend/workspace/MKR1000_Lighthouse_Embed/build/WiFiUdp.o
                0x0000000000005950                WiFiUDP::read()
 .text._ZN7WiFiUDP4readEPhj
                0x0000000000005990      0x110 /home/letrend/workspace/MKR1000_Lighthouse_Embed/build/WiFiUdp.o
                0x0000000000005990                WiFiUDP::read(unsigned char*, unsigned int)
 .text._ZN7WiFiUDP4peekEv
                0x0000000000005aa0       0x40 /home/letrend/workspace/MKR1000_Lighthouse_Embed/build/WiFiUdp.o
                0x0000000000005aa0                WiFiUDP::peek()
 .text._ZN7WiFiUDP5flushEv
                0x0000000000005ae0       0x38 /home/letrend/workspace/MKR1000_Lighthouse_Embed/build/WiFiUdp.o
                0x0000000000005ae0                WiFiUDP::flush()
 .text._ZN7WiFiUDP8remoteIPEv
                0x0000000000005b18       0x28 /home/letrend/workspace/MKR1000_Lighthouse_Embed/build/WiFiUdp.o
                0x0000000000005b18                WiFiUDP::remoteIP()
 .text._ZN7WiFiUDP10remotePortEv
                0x0000000000005b40       0x1c /home/letrend/workspace/MKR1000_Lighthouse_Embed/build/WiFiUdp.o
                0x0000000000005b40                WiFiUDP::remotePort()
 .text._Z41__static_initialization_and_destruction_0ii
                0x0000000000005b5c       0x38 /home/letrend/workspace/MKR1000_Lighthouse_Embed/build/WiFiUdp.o
 .text._GLOBAL__sub_I__ZN7WiFiUDPC2Ev
                0x0000000000005b94       0x18 /home/letrend/workspace/MKR1000_Lighthouse_Embed/build/WiFiUdp.o
 .text._Z41__static_initialization_and_destruction_0ii
                0x0000000000005bac       0x38 /home/letrend/workspace/MKR1000_Lighthouse_Embed/build/WiFiClient.o
 .text._GLOBAL__sub_I__ZN10WiFiClientC2Ev
                0x0000000000005be4       0x18 /home/letrend/workspace/MKR1000_Lighthouse_Embed/build/WiFiClient.o
 .text._Z41__static_initialization_and_destruction_0ii
                0x0000000000005bfc       0x38 /home/letrend/workspace/MKR1000_Lighthouse_Embed/build/WiFiSSLClient.o
 .text._GLOBAL__sub_I__ZN13WiFiSSLClientC2Ev
                0x0000000000005c34       0x18 /home/letrend/workspace/MKR1000_Lighthouse_Embed/build/WiFiSSLClient.o
 .text._Z41__static_initialization_and_destruction_0ii
                0x0000000000005c4c       0x38 /home/letrend/workspace/MKR1000_Lighthouse_Embed/build/WiFiServer.o
 .text._GLOBAL__sub_I__ZN10WiFiServerC2Et
                0x0000000000005c84       0x18 /home/letrend/workspace/MKR1000_Lighthouse_Embed/build/WiFiServer.o
 .text._ZN11SPISettingsC2Em8BitOrderh
                0x0000000000005c9c       0x30 /home/letrend/workspace/MKR1000_Lighthouse_Embed/build/nm_bus_wrapper_samd21.o
                0x0000000000005c9c                SPISettings::SPISettings(unsigned long, BitOrder, unsigned char)
                0x0000000000005c9c                SPISettings::SPISettings(unsigned long, BitOrder, unsigned char)
 .text._ZN11SPISettings16init_MightInlineEm8BitOrderh
                0x0000000000005ccc       0xa0 /home/letrend/workspace/MKR1000_Lighthouse_Embed/build/nm_bus_wrapper_samd21.o
                0x0000000000005ccc                SPISettings::init_MightInline(unsigned long, BitOrder, unsigned char)
 .text._ZL6spi_rwPhS_t
                0x0000000000005d6c       0xec /home/letrend/workspace/MKR1000_Lighthouse_Embed/build/nm_bus_wrapper_samd21.o
 .text.nm_bus_init
                0x0000000000005e58       0x58 /home/letrend/workspace/MKR1000_Lighthouse_Embed/build/nm_bus_wrapper_samd21.o
                0x0000000000005e58                nm_bus_init
 .text.nm_bus_ioctl
                0x0000000000005eb0       0x5c /home/letrend/workspace/MKR1000_Lighthouse_Embed/build/nm_bus_wrapper_samd21.o
                0x0000000000005eb0                nm_bus_ioctl
 .text.nm_bus_deinit
                0x0000000000005f0c       0x1c /home/letrend/workspace/MKR1000_Lighthouse_Embed/build/nm_bus_wrapper_samd21.o
                0x0000000000005f0c                nm_bus_deinit
 .text._Z41__static_initialization_and_destruction_0ii
                0x0000000000005f28       0x3c /home/letrend/workspace/MKR1000_Lighthouse_Embed/build/nm_bus_wrapper_samd21.o
 .text._GLOBAL__sub_I_egstrNmBusCapabilities
                0x0000000000005f64       0x18 /home/letrend/workspace/MKR1000_Lighthouse_Embed/build/nm_bus_wrapper_samd21.o
 .text.chip_apply_conf
                0x0000000000005f7c       0x2e /home/letrend/workspace/MKR1000_Lighthouse_Embed/build/nmasic.o
                0x0000000000005f7c                chip_apply_conf
 *fill*         0x0000000000005faa        0x2 
 .text.nm_clkless_wake
                0x0000000000005fac       0xb4 /home/letrend/workspace/MKR1000_Lighthouse_Embed/build/nmasic.o
                0x0000000000005fac                nm_clkless_wake
 .text.enable_interrupts
                0x0000000000006060       0x54 /home/letrend/workspace/MKR1000_Lighthouse_Embed/build/nmasic.o
                0x0000000000006060                enable_interrupts
 .text.nmi_get_chipid
                0x00000000000060b4       0xac /home/letrend/workspace/MKR1000_Lighthouse_Embed/build/nmasic.o
                0x00000000000060b4                nmi_get_chipid
 .text.wait_for_bootrom
                0x0000000000006160       0xc4 /home/letrend/workspace/MKR1000_Lighthouse_Embed/build/nmasic.o
                0x0000000000006160                wait_for_bootrom
 .text.wait_for_firmware_start
                0x0000000000006224       0x60 /home/letrend/workspace/MKR1000_Lighthouse_Embed/build/nmasic.o
                0x0000000000006224                wait_for_firmware_start
 .text.chip_deinit
                0x0000000000006284       0x5c /home/letrend/workspace/MKR1000_Lighthouse_Embed/build/nmasic.o
                0x0000000000006284                chip_deinit
 .text.set_gpio_dir
                0x00000000000062e0       0x34 /home/letrend/workspace/MKR1000_Lighthouse_Embed/build/nmasic.o
                0x00000000000062e0                set_gpio_dir
 .text.set_gpio_val
                0x0000000000006314       0x34 /home/letrend/workspace/MKR1000_Lighthouse_Embed/build/nmasic.o
                0x0000000000006314                set_gpio_val
 .text.nmi_get_mac_address
                0x0000000000006348       0x74 /home/letrend/workspace/MKR1000_Lighthouse_Embed/build/nmasic.o
                0x0000000000006348                nmi_get_mac_address
 .text.nm_bus_iface_init
                0x00000000000063bc        0x8 /home/letrend/workspace/MKR1000_Lighthouse_Embed/build/nmbus.o
                0x00000000000063bc                nm_bus_iface_init
 .text.nm_bus_iface_deinit
                0x00000000000063c4        0x8 /home/letrend/workspace/MKR1000_Lighthouse_Embed/build/nmbus.o
                0x00000000000063c4                nm_bus_iface_deinit
 .text.nm_read_reg
                0x00000000000063cc        0x8 /home/letrend/workspace/MKR1000_Lighthouse_Embed/build/nmbus.o
                0x00000000000063cc                nm_read_reg
 .text.nm_read_reg_with_ret
                0x00000000000063d4        0x8 /home/letrend/workspace/MKR1000_Lighthouse_Embed/build/nmbus.o
                0x00000000000063d4                nm_read_reg_with_ret
 .text.nm_write_reg
                0x00000000000063dc        0x8 /home/letrend/workspace/MKR1000_Lighthouse_Embed/build/nmbus.o
                0x00000000000063dc                nm_write_reg
 .text.nm_read_block
                0x00000000000063e4       0x40 /home/letrend/workspace/MKR1000_Lighthouse_Embed/build/nmbus.o
                0x00000000000063e4                nm_read_block
 .text.nm_write_block
                0x0000000000006424       0x40 /home/letrend/workspace/MKR1000_Lighthouse_Embed/build/nmbus.o
                0x0000000000006424                nm_write_block
 .text.get_gpio_idx
                0x0000000000006464       0x3a /home/letrend/workspace/MKR1000_Lighthouse_Embed/build/m2m_periph.o
 .text.m2m_periph_gpio_set_dir
                0x000000000000649e       0x28 /home/letrend/workspace/MKR1000_Lighthouse_Embed/build/m2m_periph.o
                0x000000000000649e                m2m_periph_gpio_set_dir
 .text.m2m_periph_gpio_set_val
                0x00000000000064c6       0x28 /home/letrend/workspace/MKR1000_Lighthouse_Embed/build/m2m_periph.o
                0x00000000000064c6                m2m_periph_gpio_set_val
 *fill*         0x00000000000064ee        0x2 
 .text.m2m_wifi_cb
                0x00000000000064f0      0x15c /home/letrend/workspace/MKR1000_Lighthouse_Embed/build/m2m_wifi.o
 .text.m2m_wifi_init
                0x000000000000664c       0x60 /home/letrend/workspace/MKR1000_Lighthouse_Embed/build/m2m_wifi.o
                0x000000000000664c                m2m_wifi_init
 .text.m2m_wifi_handle_events
                0x00000000000066ac       0x2c /home/letrend/workspace/MKR1000_Lighthouse_Embed/build/m2m_wifi.o
                0x00000000000066ac                m2m_wifi_handle_events
 .text.m2m_wifi_connect_sc
                0x00000000000066d8      0x108 /home/letrend/workspace/MKR1000_Lighthouse_Embed/build/m2m_wifi.o
                0x00000000000066d8                m2m_wifi_connect_sc
 .text.m2m_wifi_connect
                0x00000000000067e0       0x12 /home/letrend/workspace/MKR1000_Lighthouse_Embed/build/m2m_wifi.o
                0x00000000000067e0                m2m_wifi_connect
 *fill*         0x00000000000067f2        0x2 
 .text.m2m_wifi_request_scan
                0x00000000000067f4       0x48 /home/letrend/workspace/MKR1000_Lighthouse_Embed/build/m2m_wifi.o
                0x00000000000067f4                m2m_wifi_request_scan
 .text.m2m_wifi_req_curr_rssi
                0x000000000000683c       0x18 /home/letrend/workspace/MKR1000_Lighthouse_Embed/build/m2m_wifi.o
                0x000000000000683c                m2m_wifi_req_curr_rssi
 .text.m2m_wifi_get_mac_address
                0x0000000000006854       0x1e /home/letrend/workspace/MKR1000_Lighthouse_Embed/build/m2m_wifi.o
                0x0000000000006854                m2m_wifi_get_mac_address
 .text.m2m_wifi_req_scan_result
                0x0000000000006872       0x1c /home/letrend/workspace/MKR1000_Lighthouse_Embed/build/m2m_wifi.o
                0x0000000000006872                m2m_wifi_req_scan_result
 *fill*         0x000000000000688e        0x2 
 .text.m2m_wifi_get_num_ap_found
                0x0000000000006890        0xc /home/letrend/workspace/MKR1000_Lighthouse_Embed/build/m2m_wifi.o
                0x0000000000006890                m2m_wifi_get_num_ap_found
 .text.isr      0x000000000000689c       0x10 /home/letrend/workspace/MKR1000_Lighthouse_Embed/build/m2m_hif.o
 .text.m2m_hif_cb
                0x00000000000068ac        0x2 /home/letrend/workspace/MKR1000_Lighthouse_Embed/build/m2m_hif.o
 *fill*         0x00000000000068ae        0x2 
 .text.hif_set_rx_done
                0x00000000000068b0       0x2c /home/letrend/workspace/MKR1000_Lighthouse_Embed/build/m2m_hif.o
 .text.hif_chip_wake
                0x00000000000068dc       0x4c /home/letrend/workspace/MKR1000_Lighthouse_Embed/build/m2m_hif.o
                0x00000000000068dc                hif_chip_wake
 .text.hif_chip_sleep
                0x0000000000006928       0x6c /home/letrend/workspace/MKR1000_Lighthouse_Embed/build/m2m_hif.o
                0x0000000000006928                hif_chip_sleep
 .text.hif_init
                0x0000000000006994       0x48 /home/letrend/workspace/MKR1000_Lighthouse_Embed/build/m2m_hif.o
                0x0000000000006994                hif_init
 .text.hif_send
                0x00000000000069dc      0x174 /home/letrend/workspace/MKR1000_Lighthouse_Embed/build/m2m_hif.o
                0x00000000000069dc                hif_send
 .text.hif_handle_isr
                0x0000000000006b50      0x150 /home/letrend/workspace/MKR1000_Lighthouse_Embed/build/m2m_hif.o
                0x0000000000006b50                hif_handle_isr
 .text.hif_receive
                0x0000000000006ca0       0x90 /home/letrend/workspace/MKR1000_Lighthouse_Embed/build/m2m_hif.o
                0x0000000000006ca0                hif_receive
 .text.hif_register_cb
                0x0000000000006d30       0x50 /home/letrend/workspace/MKR1000_Lighthouse_Embed/build/m2m_hif.o
                0x0000000000006d30                hif_register_cb
 .text.nmi_spi_read
                0x0000000000006d80       0x18 /home/letrend/workspace/MKR1000_Lighthouse_Embed/build/nmspi.o
 .text.spi_cmd_rsp
                0x0000000000006d98       0x68 /home/letrend/workspace/MKR1000_Lighthouse_Embed/build/nmspi.o
 .text.spi_data_read
                0x0000000000006e00       0x8c /home/letrend/workspace/MKR1000_Lighthouse_Embed/build/nmspi.o
 .text.nmi_spi_write
                0x0000000000006e8c       0x18 /home/letrend/workspace/MKR1000_Lighthouse_Embed/build/nmspi.o
 .text.spi_cmd  0x0000000000006ea4      0x108 /home/letrend/workspace/MKR1000_Lighthouse_Embed/build/nmspi.o
 .text.spi_write_reg
                0x0000000000006fac       0x48 /home/letrend/workspace/MKR1000_Lighthouse_Embed/build/nmspi.o
 .text.spi_read_reg
                0x0000000000006ff4       0x74 /home/letrend/workspace/MKR1000_Lighthouse_Embed/build/nmspi.o
 .text.nm_spi_deinit
                0x0000000000007068        0xc /home/letrend/workspace/MKR1000_Lighthouse_Embed/build/nmspi.o
                0x0000000000007068                nm_spi_deinit
 .text.nm_spi_read_reg
                0x0000000000007074        0xc /home/letrend/workspace/MKR1000_Lighthouse_Embed/build/nmspi.o
                0x0000000000007074                nm_spi_read_reg
 .text.nm_spi_read_reg_with_ret
                0x0000000000007080       0x14 /home/letrend/workspace/MKR1000_Lighthouse_Embed/build/nmspi.o
                0x0000000000007080                nm_spi_read_reg_with_ret
 .text.nm_spi_write_reg
                0x0000000000007094       0x14 /home/letrend/workspace/MKR1000_Lighthouse_Embed/build/nmspi.o
                0x0000000000007094                nm_spi_write_reg
 .text.nm_spi_init
                0x00000000000070a8       0x80 /home/letrend/workspace/MKR1000_Lighthouse_Embed/build/nmspi.o
                0x00000000000070a8                nm_spi_init
 .text.nm_spi_read_block
                0x0000000000007128       0x4c /home/letrend/workspace/MKR1000_Lighthouse_Embed/build/nmspi.o
                0x0000000000007128                nm_spi_read_block
 .text.nm_spi_write_block
                0x0000000000007174       0xc8 /home/letrend/workspace/MKR1000_Lighthouse_Embed/build/nmspi.o
                0x0000000000007174                nm_spi_write_block
 .text.nm_get_firmware_info
                0x000000000000723c       0xa0 /home/letrend/workspace/MKR1000_Lighthouse_Embed/build/nmdrv.o
                0x000000000000723c                nm_get_firmware_info
 .text.nm_drv_init
                0x00000000000072dc       0x4a /home/letrend/workspace/MKR1000_Lighthouse_Embed/build/nmdrv.o
                0x00000000000072dc                nm_drv_init
 .text.nm_drv_deinit
                0x0000000000007326       0x22 /home/letrend/workspace/MKR1000_Lighthouse_Embed/build/nmdrv.o
                0x0000000000007326                nm_drv_deinit
 .text.m2m_memcpy
                0x0000000000007348       0x12 /home/letrend/workspace/MKR1000_Lighthouse_Embed/build/nm_common.o
                0x0000000000007348                m2m_memcpy
 .text.m2m_memset
                0x000000000000735a       0x10 /home/letrend/workspace/MKR1000_Lighthouse_Embed/build/nm_common.o
                0x000000000000735a                m2m_memset
 .text.m2m_strlen
                0x000000000000736a       0x14 /home/letrend/workspace/MKR1000_Lighthouse_Embed/build/nm_common.o
                0x000000000000736a                m2m_strlen
 *fill*         0x000000000000737e        0x2 
 .text.chip_isr
                0x0000000000007380       0x14 /home/letrend/workspace/MKR1000_Lighthouse_Embed/build/nm_bsp_arduino.o
 .text.attachInterruptMultiArch
                0x0000000000007394        0x8 /home/letrend/workspace/MKR1000_Lighthouse_Embed/build/nm_bsp_arduino.o
                0x0000000000007394                attachInterruptMultiArch
 .text.detachInterruptMultiArch
                0x000000000000739c        0x8 /home/letrend/workspace/MKR1000_Lighthouse_Embed/build/nm_bsp_arduino.o
                0x000000000000739c                detachInterruptMultiArch
 .text.nm_bsp_sleep
                0x00000000000073a4       0x14 /home/letrend/workspace/MKR1000_Lighthouse_Embed/build/nm_bsp_arduino.o
                0x00000000000073a4                nm_bsp_sleep
 .text.nm_bsp_reset
                0x00000000000073b8       0x2c /home/letrend/workspace/MKR1000_Lighthouse_Embed/build/nm_bsp_arduino.o
                0x00000000000073b8                nm_bsp_reset
 .text.nm_bsp_init
                0x00000000000073e4       0x54 /home/letrend/workspace/MKR1000_Lighthouse_Embed/build/nm_bsp_arduino.o
                0x00000000000073e4                nm_bsp_init
 .text.nm_bsp_register_isr
                0x0000000000007438       0x24 /home/letrend/workspace/MKR1000_Lighthouse_Embed/build/nm_bsp_arduino.o
                0x0000000000007438                nm_bsp_register_isr
 .text.nm_bsp_interrupt_ctrl
                0x000000000000745c       0x28 /home/letrend/workspace/MKR1000_Lighthouse_Embed/build/nm_bsp_arduino.o
                0x000000000000745c                nm_bsp_interrupt_ctrl
 .text.Socket_ReadSocketData
                0x0000000000007484       0xc0 /home/letrend/workspace/MKR1000_Lighthouse_Embed/build/socket.o
                0x0000000000007484                Socket_ReadSocketData
 .text.m2m_ip_cb
                0x0000000000007544      0x270 /home/letrend/workspace/MKR1000_Lighthouse_Embed/build/socket.o
 .text.Socket_ReadSocketData_Small
                0x00000000000077b4       0xb8 /home/letrend/workspace/MKR1000_Lighthouse_Embed/build/socket.o
                0x00000000000077b4                Socket_ReadSocketData_Small
 .text.socketInit
                0x000000000000786c       0x38 /home/letrend/workspace/MKR1000_Lighthouse_Embed/build/socket.o
                0x000000000000786c                socketInit
 .text.registerSocketCallback
                0x00000000000078a4       0x14 /home/letrend/workspace/MKR1000_Lighthouse_Embed/build/socket.o
                0x00000000000078a4                registerSocketCallback
 .text.socket   0x00000000000078b8       0x94 /home/letrend/workspace/MKR1000_Lighthouse_Embed/build/socket.o
                0x00000000000078b8                socket
 .text.bind     0x000000000000794c       0x58 /home/letrend/workspace/MKR1000_Lighthouse_Embed/build/socket.o
                0x000000000000794c                bind
 .text.listen   0x00000000000079a4       0x48 /home/letrend/workspace/MKR1000_Lighthouse_Embed/build/socket.o
                0x00000000000079a4                listen
 .text.sendto   0x00000000000079ec       0x8c /home/letrend/workspace/MKR1000_Lighthouse_Embed/build/socket.o
                0x00000000000079ec                sendto
 .text.recv     0x0000000000007a78       0x80 /home/letrend/workspace/MKR1000_Lighthouse_Embed/build/socket.o
                0x0000000000007a78                recv
 .text.close    0x0000000000007af8       0x60 /home/letrend/workspace/MKR1000_Lighthouse_Embed/build/socket.o
                0x0000000000007af8                close
 .text.recvfrom
                0x0000000000007b58       0x84 /home/letrend/workspace/MKR1000_Lighthouse_Embed/build/socket.o
                0x0000000000007b58                recvfrom
 .text.gethostbyname
                0x0000000000007bdc       0x34 /home/letrend/workspace/MKR1000_Lighthouse_Embed/build/socket.o
                0x0000000000007bdc                gethostbyname
 .text.setsockopt
                0x0000000000007c10       0xf0 /home/letrend/workspace/MKR1000_Lighthouse_Embed/build/socket.o
                0x0000000000007c10                setsockopt
 .text.socketBufferInit
                0x0000000000007d00       0x14 /home/letrend/workspace/MKR1000_Lighthouse_Embed/build/socket_buffer.o
                0x0000000000007d00                socketBufferInit
 .text.socketBufferRegister
                0x0000000000007d14       0x18 /home/letrend/workspace/MKR1000_Lighthouse_Embed/build/socket_buffer.o
                0x0000000000007d14                socketBufferRegister
 .text.socketBufferUnregister
                0x0000000000007d2c       0x18 /home/letrend/workspace/MKR1000_Lighthouse_Embed/build/socket_buffer.o
                0x0000000000007d2c                socketBufferUnregister
 .text.socketBufferCb
                0x0000000000007d44      0x20c /home/letrend/workspace/MKR1000_Lighthouse_Embed/build/socket_buffer.o
                0x0000000000007d44                socketBufferCb
 .text.spi_flash_enable
                0x0000000000007f50       0xd8 /home/letrend/workspace/MKR1000_Lighthouse_Embed/build/spi_flash.o
                0x0000000000007f50                spi_flash_enable
 .text.buf_write
                0x0000000000008028       0x1a /home/letrend/workspace/MKR1000_Lighthouse_Embed/build/pb_encode.o
 *fill*         0x0000000000008042        0x2 
 .text.pb_ostream_from_buffer
                0x0000000000008044       0x14 /home/letrend/workspace/MKR1000_Lighthouse_Embed/build/pb_encode.o
                0x0000000000008044                pb_ostream_from_buffer
 .text.pb_write
                0x0000000000008058       0x4c /home/letrend/workspace/MKR1000_Lighthouse_Embed/build/pb_encode.o
                0x0000000000008058                pb_write
 .text.pb_encode_varint
                0x00000000000080a4       0x46 /home/letrend/workspace/MKR1000_Lighthouse_Embed/build/pb_encode.o
                0x00000000000080a4                pb_encode_varint
 *fill*         0x00000000000080ea        0x2 
 .text.pb_enc_uvarint
                0x00000000000080ec       0x44 /home/letrend/workspace/MKR1000_Lighthouse_Embed/build/pb_encode.o
 .text.pb_enc_varint
                0x0000000000008130       0x48 /home/letrend/workspace/MKR1000_Lighthouse_Embed/build/pb_encode.o
 .text.pb_encode_svarint
                0x0000000000008178       0x1e /home/letrend/workspace/MKR1000_Lighthouse_Embed/build/pb_encode.o
                0x0000000000008178                pb_encode_svarint
 *fill*         0x0000000000008196        0x2 
 .text.pb_enc_svarint
                0x0000000000008198       0x48 /home/letrend/workspace/MKR1000_Lighthouse_Embed/build/pb_encode.o
 .text.pb_encode_fixed32
                0x00000000000081e0       0x1c /home/letrend/workspace/MKR1000_Lighthouse_Embed/build/pb_encode.o
                0x00000000000081e0                pb_encode_fixed32
 .text.pb_enc_fixed32
                0x00000000000081fc        0xa /home/letrend/workspace/MKR1000_Lighthouse_Embed/build/pb_encode.o
 .text.pb_encode_fixed64
                0x0000000000008206       0x2e /home/letrend/workspace/MKR1000_Lighthouse_Embed/build/pb_encode.o
                0x0000000000008206                pb_encode_fixed64
 .text.pb_enc_fixed64
                0x0000000000008234        0xa /home/letrend/workspace/MKR1000_Lighthouse_Embed/build/pb_encode.o
 .text.pb_encode_tag
                0x000000000000823e        0xe /home/letrend/workspace/MKR1000_Lighthouse_Embed/build/pb_encode.o
                0x000000000000823e                pb_encode_tag
 .text.pb_encode_tag_for_field
                0x000000000000824c       0x48 /home/letrend/workspace/MKR1000_Lighthouse_Embed/build/pb_encode.o
                0x000000000000824c                pb_encode_tag_for_field
 .text.encode_field
                0x0000000000008294      0x25c /home/letrend/workspace/MKR1000_Lighthouse_Embed/build/pb_encode.o
 .text.pb_encode
                0x00000000000084f0       0x74 /home/letrend/workspace/MKR1000_Lighthouse_Embed/build/pb_encode.o
                0x00000000000084f0                pb_encode
 .text.pb_encode_string
                0x0000000000008564       0x1e /home/letrend/workspace/MKR1000_Lighthouse_Embed/build/pb_encode.o
                0x0000000000008564                pb_encode_string
 .text.pb_enc_string
                0x0000000000008582       0x36 /home/letrend/workspace/MKR1000_Lighthouse_Embed/build/pb_encode.o
 .text.pb_enc_bytes
                0x00000000000085b8       0x4c /home/letrend/workspace/MKR1000_Lighthouse_Embed/build/pb_encode.o
 .text.pb_encode_submessage
                0x0000000000008604       0xa0 /home/letrend/workspace/MKR1000_Lighthouse_Embed/build/pb_encode.o
                0x0000000000008604                pb_encode_submessage
 .text.pb_enc_submessage
                0x00000000000086a4       0x30 /home/letrend/workspace/MKR1000_Lighthouse_Embed/build/pb_encode.o
 .text.buf_read
                0x00000000000086d4       0x1e /home/letrend/workspace/MKR1000_Lighthouse_Embed/build/pb_decode.o
 *fill*         0x00000000000086f2        0x2 
 .text.pb_readbyte
                0x00000000000086f4       0x40 /home/letrend/workspace/MKR1000_Lighthouse_Embed/build/pb_decode.o
 .text.pb_decode_varint32
                0x0000000000008734       0x70 /home/letrend/workspace/MKR1000_Lighthouse_Embed/build/pb_decode.o
 .text.pb_field_set_to_default
                0x00000000000087a4       0xcc /home/letrend/workspace/MKR1000_Lighthouse_Embed/build/pb_decode.o
 .text.pb_message_set_to_defaults
                0x0000000000008870       0x24 /home/letrend/workspace/MKR1000_Lighthouse_Embed/build/pb_decode.o
 .text.pb_read  0x0000000000008894       0x74 /home/letrend/workspace/MKR1000_Lighthouse_Embed/build/pb_decode.o
                0x0000000000008894                pb_read
 .text.pb_dec_string
                0x0000000000008908       0x68 /home/letrend/workspace/MKR1000_Lighthouse_Embed/build/pb_decode.o
 .text.pb_dec_bytes
                0x0000000000008970       0x8c /home/letrend/workspace/MKR1000_Lighthouse_Embed/build/pb_decode.o
 .text.pb_istream_from_buffer
                0x00000000000089fc       0x14 /home/letrend/workspace/MKR1000_Lighthouse_Embed/build/pb_decode.o
                0x00000000000089fc                pb_istream_from_buffer
 .text.pb_decode_varint
                0x0000000000008a10       0x68 /home/letrend/workspace/MKR1000_Lighthouse_Embed/build/pb_decode.o
                0x0000000000008a10                pb_decode_varint
 .text.pb_dec_uvarint
                0x0000000000008a78       0x70 /home/letrend/workspace/MKR1000_Lighthouse_Embed/build/pb_decode.o
 .text.pb_dec_varint
                0x0000000000008ae8       0x70 /home/letrend/workspace/MKR1000_Lighthouse_Embed/build/pb_decode.o
 .text.pb_decode_tag
                0x0000000000008b58       0x3c /home/letrend/workspace/MKR1000_Lighthouse_Embed/build/pb_decode.o
                0x0000000000008b58                pb_decode_tag
 .text.pb_skip_field
                0x0000000000008b94       0x68 /home/letrend/workspace/MKR1000_Lighthouse_Embed/build/pb_decode.o
                0x0000000000008b94                pb_skip_field
 .text.pb_make_string_substream
                0x0000000000008bfc       0x40 /home/letrend/workspace/MKR1000_Lighthouse_Embed/build/pb_decode.o
                0x0000000000008bfc                pb_make_string_substream
 .text.decode_field
                0x0000000000008c3c      0x210 /home/letrend/workspace/MKR1000_Lighthouse_Embed/build/pb_decode.o
 .text.pb_decode_noinit
                0x0000000000008e4c      0x19c /home/letrend/workspace/MKR1000_Lighthouse_Embed/build/pb_decode.o
                0x0000000000008e4c                pb_decode_noinit
 .text.pb_decode
                0x0000000000008fe8       0x1c /home/letrend/workspace/MKR1000_Lighthouse_Embed/build/pb_decode.o
                0x0000000000008fe8                pb_decode
 .text.pb_dec_submessage
                0x0000000000009004       0x78 /home/letrend/workspace/MKR1000_Lighthouse_Embed/build/pb_decode.o
 .text.pb_decode_svarint
                0x000000000000907c       0x2c /home/letrend/workspace/MKR1000_Lighthouse_Embed/build/pb_decode.o
                0x000000000000907c                pb_decode_svarint
 .text.pb_dec_svarint
                0x00000000000090a8       0x78 /home/letrend/workspace/MKR1000_Lighthouse_Embed/build/pb_decode.o
 .text.pb_decode_fixed32
                0x0000000000009120       0x2a /home/letrend/workspace/MKR1000_Lighthouse_Embed/build/pb_decode.o
                0x0000000000009120                pb_decode_fixed32
 .text.pb_dec_fixed32
                0x000000000000914a        0xa /home/letrend/workspace/MKR1000_Lighthouse_Embed/build/pb_decode.o
 .text.pb_decode_fixed64
                0x0000000000009154       0x42 /home/letrend/workspace/MKR1000_Lighthouse_Embed/build/pb_decode.o
                0x0000000000009154                pb_decode_fixed64
 .text.pb_dec_fixed64
                0x0000000000009196        0xa /home/letrend/workspace/MKR1000_Lighthouse_Embed/build/pb_decode.o
 .text.pb_field_iter_begin
                0x00000000000091a0       0x22 /home/letrend/workspace/MKR1000_Lighthouse_Embed/build/pb_common.o
                0x00000000000091a0                pb_field_iter_begin
 .text.pb_field_iter_next
                0x00000000000091c2       0x82 /home/letrend/workspace/MKR1000_Lighthouse_Embed/build/pb_common.o
                0x00000000000091c2                pb_field_iter_next
 .text.pb_field_iter_find
                0x0000000000009244       0x2e /home/letrend/workspace/MKR1000_Lighthouse_Embed/build/pb_common.o
                0x0000000000009244                pb_field_iter_find
 *fill*         0x0000000000009272        0x2 
 .text.attachInterrupt
                0x0000000000009274      0x108 /home/letrend/workspace/MKR1000_Lighthouse_Embed/lib/libcore.a(WInterrupts.c.o)
                0x0000000000009274                attachInterrupt
 .text.detachInterrupt
                0x000000000000937c       0x30 /home/letrend/workspace/MKR1000_Lighthouse_Embed/lib/libcore.a(WInterrupts.c.o)
                0x000000000000937c                detachInterrupt
 .text.EIC_Handler
                0x00000000000093ac       0x30 /home/letrend/workspace/MKR1000_Lighthouse_Embed/lib/libcore.a(WInterrupts.c.o)
                0x00000000000093ac                EIC_Handler
 .text.Dummy_Handler
                0x00000000000093dc        0x2 /home/letrend/workspace/MKR1000_Lighthouse_Embed/lib/libcore.a(cortex_handlers.c.o)
                0x00000000000093dc                DMAC_Handler
                0x00000000000093dc                HardFault_Handler
                0x00000000000093dc                AC_Handler
                0x00000000000093dc                PendSV_Handler
                0x00000000000093dc                NMI_Handler
                0x00000000000093dc                TC7_Handler
                0x00000000000093dc                SERCOM1_Handler
                0x00000000000093dc                ADC_Handler
                0x00000000000093dc                TCC1_Handler
                0x00000000000093dc                SERCOM2_Handler
                0x00000000000093dc                TCC0_Handler
                0x00000000000093dc                RTC_Handler
                0x00000000000093dc                TC6_Handler
                0x00000000000093dc                WDT_Handler
                0x00000000000093dc                TC4_Handler
                0x00000000000093dc                TC3_Handler
                0x00000000000093dc                Dummy_Handler
                0x00000000000093dc                PM_Handler
                0x00000000000093dc                SVC_Handler
                0x00000000000093dc                TCC2_Handler
                0x00000000000093dc                EVSYS_Handler
                0x00000000000093dc                SERCOM3_Handler
                0x00000000000093dc                SERCOM4_Handler
                0x00000000000093dc                I2S_Handler
                0x00000000000093dc                NVMCTRL_Handler
                0x00000000000093dc                SERCOM0_Handler
                0x00000000000093dc                DAC_Handler
                0x00000000000093dc                PTC_Handler
                0x00000000000093dc                SYSCTRL_Handler
 *fill*         0x00000000000093de        0x2 
 .text.USB_Handler
                0x00000000000093e0       0x14 /home/letrend/workspace/MKR1000_Lighthouse_Embed/lib/libcore.a(cortex_handlers.c.o)
                0x00000000000093e0                USB_Handler
 .text.Reset_Handler
                0x00000000000093f4       0x54 /home/letrend/workspace/MKR1000_Lighthouse_Embed/lib/libcore.a(cortex_handlers.c.o)
                0x00000000000093f4                Reset_Handler
 .text.SysTick_Handler
                0x0000000000009448       0x10 /home/letrend/workspace/MKR1000_Lighthouse_Embed/lib/libcore.a(cortex_handlers.c.o)
                0x0000000000009448                SysTick_Handler
 .text.USB_SetHandler
                0x0000000000009458        0xc /home/letrend/workspace/MKR1000_Lighthouse_Embed/lib/libcore.a(cortex_handlers.c.o)
                0x0000000000009458                USB_SetHandler
 .text.millis   0x0000000000009464        0xc /home/letrend/workspace/MKR1000_Lighthouse_Embed/lib/libcore.a(delay.c.o)
                0x0000000000009464                millis
 .text.micros   0x0000000000009470       0x64 /home/letrend/workspace/MKR1000_Lighthouse_Embed/lib/libcore.a(delay.c.o)
                0x0000000000009470                micros
 .text.delay    0x00000000000094d4       0x20 /home/letrend/workspace/MKR1000_Lighthouse_Embed/lib/libcore.a(delay.c.o)
                0x00000000000094d4                delay
 .text.SysTick_DefaultHandler
                0x00000000000094f4       0x14 /home/letrend/workspace/MKR1000_Lighthouse_Embed/lib/libcore.a(delay.c.o)
                0x00000000000094f4                SysTick_DefaultHandler
 .text.__empty  0x0000000000009508        0x2 /home/letrend/workspace/MKR1000_Lighthouse_Embed/lib/libcore.a(hooks.c.o)
                0x0000000000009508                yield
 .text.__false  0x000000000000950a        0x4 /home/letrend/workspace/MKR1000_Lighthouse_Embed/lib/libcore.a(hooks.c.o)
                0x000000000000950a                sysTickHook
 *fill*         0x000000000000950e        0x2 
 .text.SystemInit
                0x0000000000009510      0x16c /home/letrend/workspace/MKR1000_Lighthouse_Embed/lib/libcore.a(startup.c.o)
                0x0000000000009510                SystemInit
 .text.init     0x000000000000967c       0xe4 /home/letrend/workspace/MKR1000_Lighthouse_Embed/lib/libcore.a(wiring.c.o)
                0x000000000000967c                init
 .text.analogReference
                0x0000000000009760       0x5c /home/letrend/workspace/MKR1000_Lighthouse_Embed/lib/libcore.a(wiring_analog.c.o)
                0x0000000000009760                analogReference
 .text.pinMode  0x00000000000097bc       0xc0 /home/letrend/workspace/MKR1000_Lighthouse_Embed/lib/libcore.a(wiring_digital.c.o)
                0x00000000000097bc                pinMode
 .text.digitalWrite
                0x000000000000987c       0x60 /home/letrend/workspace/MKR1000_Lighthouse_Embed/lib/libcore.a(wiring_digital.c.o)
                0x000000000000987c                digitalWrite
 .text.pinPeripheral
                0x00000000000098dc       0xc4 /home/letrend/workspace/MKR1000_Lighthouse_Embed/lib/libcore.a(wiring_private.c.o)
                0x00000000000098dc                pinPeripheral
 .text._ZNK9IPAddress7printToER5Print
                0x00000000000099a0       0x3c /home/letrend/workspace/MKR1000_Lighthouse_Embed/lib/libcore.a(IPAddress.cpp.o)
                0x00000000000099a0                IPAddress::printTo(Print&) const
 .text._ZN9IPAddressC2Ev
                0x00000000000099dc       0x10 /home/letrend/workspace/MKR1000_Lighthouse_Embed/lib/libcore.a(IPAddress.cpp.o)
                0x00000000000099dc                IPAddress::IPAddress()
                0x00000000000099dc                IPAddress::IPAddress()
 .text._ZN9IPAddressC2Ehhhh
                0x00000000000099ec       0x1c /home/letrend/workspace/MKR1000_Lighthouse_Embed/lib/libcore.a(IPAddress.cpp.o)
                0x00000000000099ec                IPAddress::IPAddress(unsigned char, unsigned char, unsigned char, unsigned char)
                0x00000000000099ec                IPAddress::IPAddress(unsigned char, unsigned char, unsigned char, unsigned char)
 .text._ZN9IPAddressC2Em
                0x0000000000009a08       0x10 /home/letrend/workspace/MKR1000_Lighthouse_Embed/lib/libcore.a(IPAddress.cpp.o)
                0x0000000000009a08                IPAddress::IPAddress(unsigned long)
                0x0000000000009a08                IPAddress::IPAddress(unsigned long)
 .text._ZN9IPAddress10fromStringEPKc
                0x0000000000009a18       0x4c /home/letrend/workspace/MKR1000_Lighthouse_Embed/lib/libcore.a(IPAddress.cpp.o)
                0x0000000000009a18                IPAddress::fromString(char const*)
 .text._ZN9IPAddressaSEm
                0x0000000000009a64        0x4 /home/letrend/workspace/MKR1000_Lighthouse_Embed/lib/libcore.a(IPAddress.cpp.o)
                0x0000000000009a64                IPAddress::operator=(unsigned long)
 .text.startup._GLOBAL__sub_I__ZN9IPAddressC2Ev
                0x0000000000009a68       0x1c /home/letrend/workspace/MKR1000_Lighthouse_Embed/lib/libcore.a(IPAddress.cpp.o)
 .text._ZN5Print5writeEPKhj
                0x0000000000009a84       0x28 /home/letrend/workspace/MKR1000_Lighthouse_Embed/lib/libcore.a(Print.cpp.o)
                0x0000000000009a84                Print::write(unsigned char const*, unsigned int)
 .text._ZN5Print5printEmi.part.3
                0x0000000000009aac        0xc /home/letrend/workspace/MKR1000_Lighthouse_Embed/lib/libcore.a(Print.cpp.o)
 .text._ZN5Print5printEPKc
                0x0000000000009ab8        0x8 /home/letrend/workspace/MKR1000_Lighthouse_Embed/lib/libcore.a(Print.cpp.o)
                0x0000000000009ab8                Print::print(char const*)
 .text._ZN5Print5printEc
                0x0000000000009ac0        0xa /home/letrend/workspace/MKR1000_Lighthouse_Embed/lib/libcore.a(Print.cpp.o)
                0x0000000000009ac0                Print::print(char)
 .text._ZN5Print5printERK9Printable
                0x0000000000009aca       0x10 /home/letrend/workspace/MKR1000_Lighthouse_Embed/lib/libcore.a(Print.cpp.o)
                0x0000000000009aca                Print::print(Printable const&)
 *fill*         0x0000000000009ada        0x2 
 .text._ZN5Print7printlnEv
                0x0000000000009adc       0x10 /home/letrend/workspace/MKR1000_Lighthouse_Embed/lib/libcore.a(Print.cpp.o)
                0x0000000000009adc                Print::println()
 .text._ZN5Print7printlnEPKc
                0x0000000000009aec       0x14 /home/letrend/workspace/MKR1000_Lighthouse_Embed/lib/libcore.a(Print.cpp.o)
                0x0000000000009aec                Print::println(char const*)
 .text._ZN5Print7printlnERK9Printable
                0x0000000000009b00       0x14 /home/letrend/workspace/MKR1000_Lighthouse_Embed/lib/libcore.a(Print.cpp.o)
                0x0000000000009b00                Print::println(Printable const&)
 .text._ZN5Print11printNumberEmh
                0x0000000000009b14       0x4e /home/letrend/workspace/MKR1000_Lighthouse_Embed/lib/libcore.a(Print.cpp.o)
                0x0000000000009b14                Print::printNumber(unsigned long, unsigned char)
 .text._ZN5Print5printEli
                0x0000000000009b62       0x3c /home/letrend/workspace/MKR1000_Lighthouse_Embed/lib/libcore.a(Print.cpp.o)
                0x0000000000009b62                Print::print(long, int)
 .text._ZN5Print7printlnEii
                0x0000000000009b9e       0x14 /home/letrend/workspace/MKR1000_Lighthouse_Embed/lib/libcore.a(Print.cpp.o)
                0x0000000000009b9e                Print::println(int, int)
 .text._ZN5Print5printEmi
                0x0000000000009bb2       0x14 /home/letrend/workspace/MKR1000_Lighthouse_Embed/lib/libcore.a(Print.cpp.o)
                0x0000000000009bb2                Print::print(unsigned long, int)
 .text._ZN5Print5printEhi
                0x0000000000009bc6        0x8 /home/letrend/workspace/MKR1000_Lighthouse_Embed/lib/libcore.a(Print.cpp.o)
                0x0000000000009bc6                Print::print(unsigned char, int)
 .text._ZN5Print7printlnEhi
                0x0000000000009bce       0x14 /home/letrend/workspace/MKR1000_Lighthouse_Embed/lib/libcore.a(Print.cpp.o)
                0x0000000000009bce                Print::println(unsigned char, int)
 .text._ZN5Print7printlnEmi
                0x0000000000009be2       0x14 /home/letrend/workspace/MKR1000_Lighthouse_Embed/lib/libcore.a(Print.cpp.o)
                0x0000000000009be2                Print::println(unsigned long, int)
 *fill*         0x0000000000009bf6        0x2 
 .text.initiateReset
                0x0000000000009bf8        0xc /home/letrend/workspace/MKR1000_Lighthouse_Embed/lib/libcore.a(Reset.cpp.o)
                0x0000000000009bf8                initiateReset
 .text.cancelReset
                0x0000000000009c04       0x10 /home/letrend/workspace/MKR1000_Lighthouse_Embed/lib/libcore.a(Reset.cpp.o)
                0x0000000000009c04                cancelReset
 .text.tickReset
                0x0000000000009c14       0x5c /home/letrend/workspace/MKR1000_Lighthouse_Embed/lib/libcore.a(Reset.cpp.o)
                0x0000000000009c14                tickReset
 .text._ZN6SERCOMC2EP6Sercom
                0x0000000000009c70        0x4 /home/letrend/workspace/MKR1000_Lighthouse_Embed/lib/libcore.a(SERCOM.cpp.o)
                0x0000000000009c70                SERCOM::SERCOM(Sercom*)
                0x0000000000009c70                SERCOM::SERCOM(Sercom*)
 .text._ZN6SERCOM9initFrameE18SercomUartCharSize15SercomDataOrder16SercomParityMode19SercomNumberStopBit
                0x0000000000009c74       0x38 /home/letrend/workspace/MKR1000_Lighthouse_Embed/lib/libcore.a(SERCOM.cpp.o)
                0x0000000000009c74                SERCOM::initFrame(SercomUartCharSize, SercomDataOrder, SercomParityMode, SercomNumberStopBit)
 .text._ZN6SERCOM8initPadsE15SercomUartTXPad11SercomRXPad
                0x0000000000009cac       0x26 /home/letrend/workspace/MKR1000_Lighthouse_Embed/lib/libcore.a(SERCOM.cpp.o)
                0x0000000000009cac                SERCOM::initPads(SercomUartTXPad, SercomRXPad)
 .text._ZN6SERCOM9resetUARTEv
                0x0000000000009cd2       0x1c /home/letrend/workspace/MKR1000_Lighthouse_Embed/lib/libcore.a(SERCOM.cpp.o)
                0x0000000000009cd2                SERCOM::resetUART()
 .text._ZN6SERCOM10enableUARTEv
                0x0000000000009cee       0x14 /home/letrend/workspace/MKR1000_Lighthouse_Embed/lib/libcore.a(SERCOM.cpp.o)
                0x0000000000009cee                SERCOM::enableUART()
 .text._ZN6SERCOM9flushUARTEv
                0x0000000000009d02       0x10 /home/letrend/workspace/MKR1000_Lighthouse_Embed/lib/libcore.a(SERCOM.cpp.o)
                0x0000000000009d02                SERCOM::flushUART()
 .text._ZN6SERCOM15clearStatusUARTEv
                0x0000000000009d12        0x8 /home/letrend/workspace/MKR1000_Lighthouse_Embed/lib/libcore.a(SERCOM.cpp.o)
                0x0000000000009d12                SERCOM::clearStatusUART()
 .text._ZN6SERCOM17availableDataUARTEv
                0x0000000000009d1a        0xa /home/letrend/workspace/MKR1000_Lighthouse_Embed/lib/libcore.a(SERCOM.cpp.o)
                0x0000000000009d1a                SERCOM::availableDataUART()
 .text._ZN6SERCOM11isUARTErrorEv
                0x0000000000009d24        0x8 /home/letrend/workspace/MKR1000_Lighthouse_Embed/lib/libcore.a(SERCOM.cpp.o)
                0x0000000000009d24                SERCOM::isUARTError()
 .text._ZN6SERCOM20acknowledgeUARTErrorEv
                0x0000000000009d2c        0xe /home/letrend/workspace/MKR1000_Lighthouse_Embed/lib/libcore.a(SERCOM.cpp.o)
                0x0000000000009d2c                SERCOM::acknowledgeUARTError()
 .text._ZN6SERCOM12readDataUARTEv
                0x0000000000009d3a        0x8 /home/letrend/workspace/MKR1000_Lighthouse_Embed/lib/libcore.a(SERCOM.cpp.o)
                0x0000000000009d3a                SERCOM::readDataUART()
 .text._ZN6SERCOM13writeDataUARTEh
                0x0000000000009d42        0xe /home/letrend/workspace/MKR1000_Lighthouse_Embed/lib/libcore.a(SERCOM.cpp.o)
                0x0000000000009d42                SERCOM::writeDataUART(unsigned char)
 .text._ZN6SERCOM12initSPIClockE18SercomSpiClockModem
                0x0000000000009d50       0x30 /home/letrend/workspace/MKR1000_Lighthouse_Embed/lib/libcore.a(SERCOM.cpp.o)
                0x0000000000009d50                SERCOM::initSPIClock(SercomSpiClockMode, unsigned long)
 .text._ZN6SERCOM8resetSPIEv
                0x0000000000009d80       0x1c /home/letrend/workspace/MKR1000_Lighthouse_Embed/lib/libcore.a(SERCOM.cpp.o)
                0x0000000000009d80                SERCOM::resetSPI()
 .text._ZN6SERCOM9enableSPIEv
                0x0000000000009d9c       0x14 /home/letrend/workspace/MKR1000_Lighthouse_Embed/lib/libcore.a(SERCOM.cpp.o)
                0x0000000000009d9c                SERCOM::enableSPI()
 .text._ZN6SERCOM10disableSPIEv
                0x0000000000009db0       0x14 /home/letrend/workspace/MKR1000_Lighthouse_Embed/lib/libcore.a(SERCOM.cpp.o)
                0x0000000000009db0                SERCOM::disableSPI()
 .text._ZN6SERCOM15setDataOrderSPIE15SercomDataOrder
                0x0000000000009dc4       0x28 /home/letrend/workspace/MKR1000_Lighthouse_Embed/lib/libcore.a(SERCOM.cpp.o)
                0x0000000000009dc4                SERCOM::setDataOrderSPI(SercomDataOrder)
 .text._ZN6SERCOM15getDataOrderSPIEv
                0x0000000000009dec        0xa /home/letrend/workspace/MKR1000_Lighthouse_Embed/lib/libcore.a(SERCOM.cpp.o)
                0x0000000000009dec                SERCOM::getDataOrderSPI()
 .text._ZN6SERCOM12writeDataSPIEh
                0x0000000000009df6       0x26 /home/letrend/workspace/MKR1000_Lighthouse_Embed/lib/libcore.a(SERCOM.cpp.o)
                0x0000000000009df6                SERCOM::writeDataSPI(unsigned char)
 .text._ZN6SERCOM11readDataSPIEv
                0x0000000000009e1c       0x1a /home/letrend/workspace/MKR1000_Lighthouse_Embed/lib/libcore.a(SERCOM.cpp.o)
                0x0000000000009e1c                SERCOM::readDataSPI()
 *fill*         0x0000000000009e36        0x2 
 .text._ZN6SERCOM13initClockNVICEv
                0x0000000000009e38       0xac /home/letrend/workspace/MKR1000_Lighthouse_Embed/lib/libcore.a(SERCOM.cpp.o)
                0x0000000000009e38                SERCOM::initClockNVIC()
 .text._ZN6SERCOM8initUARTE14SercomUartMode20SercomUartSampleRatem
                0x0000000000009ee4       0x6c /home/letrend/workspace/MKR1000_Lighthouse_Embed/lib/libcore.a(SERCOM.cpp.o)
                0x0000000000009ee4                SERCOM::initUART(SercomUartMode, SercomUartSampleRate, unsigned long)
 .text._ZN6SERCOM7initSPIE14SercomSpiTXPad11SercomRXPad17SercomSpiCharSize15SercomDataOrder
                0x0000000000009f50       0x48 /home/letrend/workspace/MKR1000_Lighthouse_Embed/lib/libcore.a(SERCOM.cpp.o)
                0x0000000000009f50                SERCOM::initSPI(SercomSpiTXPad, SercomRXPad, SercomSpiCharSize, SercomDataOrder)
 .text._ZN4UartcvbEv
                0x0000000000009f98        0x4 /home/letrend/workspace/MKR1000_Lighthouse_Embed/lib/libcore.a(Uart.cpp.o)
                0x0000000000009f98                Uart::operator bool()
 .text._ZN4Uart5beginEm
                0x0000000000009f9c        0xc /home/letrend/workspace/MKR1000_Lighthouse_Embed/lib/libcore.a(Uart.cpp.o)
                0x0000000000009f9c                Uart::begin(unsigned long)
 .text._ZN4Uart3endEv
                0x0000000000009fa8       0x14 /home/letrend/workspace/MKR1000_Lighthouse_Embed/lib/libcore.a(Uart.cpp.o)
                0x0000000000009fa8                Uart::end()
 .text._ZN4Uart5flushEv
                0x0000000000009fbc        0xa /home/letrend/workspace/MKR1000_Lighthouse_Embed/lib/libcore.a(Uart.cpp.o)
                0x0000000000009fbc                Uart::flush()
 .text._ZN4Uart9availableEv
                0x0000000000009fc6        0xa /home/letrend/workspace/MKR1000_Lighthouse_Embed/lib/libcore.a(Uart.cpp.o)
                0x0000000000009fc6                Uart::available()
 .text._ZN4Uart4peekEv
                0x0000000000009fd0        0xa /home/letrend/workspace/MKR1000_Lighthouse_Embed/lib/libcore.a(Uart.cpp.o)
                0x0000000000009fd0                Uart::peek()
 .text._ZN4Uart4readEv
                0x0000000000009fda        0xa /home/letrend/workspace/MKR1000_Lighthouse_Embed/lib/libcore.a(Uart.cpp.o)
                0x0000000000009fda                Uart::read()
 .text._ZN4Uart5writeEh
                0x0000000000009fe4        0xc /home/letrend/workspace/MKR1000_Lighthouse_Embed/lib/libcore.a(Uart.cpp.o)
                0x0000000000009fe4                Uart::write(unsigned char)
 .text._ZN4UartC2EP6SERCOMhh11SercomRXPad15SercomUartTXPad
                0x0000000000009ff0       0x48 /home/letrend/workspace/MKR1000_Lighthouse_Embed/lib/libcore.a(Uart.cpp.o)
                0x0000000000009ff0                Uart::Uart(SERCOM*, unsigned char, unsigned char, SercomRXPad, SercomUartTXPad)
                0x0000000000009ff0                Uart::Uart(SERCOM*, unsigned char, unsigned char, SercomRXPad, SercomUartTXPad)
 .text._ZN4Uart10IrqHandlerEv
                0x000000000000a038       0x36 /home/letrend/workspace/MKR1000_Lighthouse_Embed/lib/libcore.a(Uart.cpp.o)
                0x000000000000a038                Uart::IrqHandler()
 .text._ZN4Uart16extractNbStopBitEt
                0x000000000000a06e        0xe /home/letrend/workspace/MKR1000_Lighthouse_Embed/lib/libcore.a(Uart.cpp.o)
                0x000000000000a06e                Uart::extractNbStopBit(unsigned short)
 .text._ZN4Uart15extractCharSizeEt
                0x000000000000a07c       0x2c /home/letrend/workspace/MKR1000_Lighthouse_Embed/lib/libcore.a(Uart.cpp.o)
                0x000000000000a07c                Uart::extractCharSize(unsigned short)
 .text._ZN4Uart13extractParityEt
                0x000000000000a0a8       0x18 /home/letrend/workspace/MKR1000_Lighthouse_Embed/lib/libcore.a(Uart.cpp.o)
                0x000000000000a0a8                Uart::extractParity(unsigned short)
 .text._ZN4Uart5beginEmt
                0x000000000000a0c0       0x88 /home/letrend/workspace/MKR1000_Lighthouse_Embed/lib/libcore.a(Uart.cpp.o)
                0x000000000000a0c0                Uart::begin(unsigned long, unsigned short)
 .text.__cxa_pure_virtual
                0x000000000000a148        0x2 /home/letrend/workspace/MKR1000_Lighthouse_Embed/lib/libcore.a(abi.cpp.o)
                0x000000000000a148                __cxa_pure_virtual
 .text._ZN7Serial_17availableForWriteEv
                0x000000000000a14a        0x4 /home/letrend/workspace/MKR1000_Lighthouse_Embed/lib/libcore.a(CDC.cpp.o)
                0x000000000000a14a                Serial_::availableForWrite()
 .text._ZN7Serial_5writeEh
                0x000000000000a14e       0x14 /home/letrend/workspace/MKR1000_Lighthouse_Embed/lib/libcore.a(CDC.cpp.o)
                0x000000000000a14e                Serial_::write(unsigned char)
 .text._ZN7Serial_9availableEv
                0x000000000000a162        0xc /home/letrend/workspace/MKR1000_Lighthouse_Embed/lib/libcore.a(CDC.cpp.o)
                0x000000000000a162                Serial_::available()
 .text._ZN7Serial_5flushEv
                0x000000000000a16e        0xc /home/letrend/workspace/MKR1000_Lighthouse_Embed/lib/libcore.a(CDC.cpp.o)
                0x000000000000a16e                Serial_::flush()
 .text._ZN7Serial_5writeEPKhj
                0x000000000000a17a       0x1c /home/letrend/workspace/MKR1000_Lighthouse_Embed/lib/libcore.a(CDC.cpp.o)
                0x000000000000a17a                Serial_::write(unsigned char const*, unsigned int)
 *fill*         0x000000000000a196        0x2 
 .text._ZN7Serial_4peekEv
                0x000000000000a198       0x1c /home/letrend/workspace/MKR1000_Lighthouse_Embed/lib/libcore.a(CDC.cpp.o)
                0x000000000000a198                Serial_::peek()
 .text._ZN7Serial_4readEv
                0x000000000000a1b4       0x24 /home/letrend/workspace/MKR1000_Lighthouse_Embed/lib/libcore.a(CDC.cpp.o)
                0x000000000000a1b4                Serial_::read()
 .text._Z16CDC_GetInterfacePh
                0x000000000000a1d8       0x1c /home/letrend/workspace/MKR1000_Lighthouse_Embed/lib/libcore.a(CDC.cpp.o)
                0x000000000000a1d8                CDC_GetInterface(unsigned char*)
 .text._Z9CDC_SetupR8USBSetup
                0x000000000000a1f4       0x80 /home/letrend/workspace/MKR1000_Lighthouse_Embed/lib/libcore.a(CDC.cpp.o)
                0x000000000000a1f4                CDC_Setup(USBSetup&)
 .text.startup._GLOBAL__sub_I__Z17_CDC_GetInterfacev
                0x000000000000a274       0x28 /home/letrend/workspace/MKR1000_Lighthouse_Embed/lib/libcore.a(CDC.cpp.o)
 .text._ZN14USBDeviceClass6initEPEmm.part.4
                0x000000000000a29c       0x80 /home/letrend/workspace/MKR1000_Lighthouse_Embed/lib/libcore.a(USBCore.cpp.o)
 .text._ZN20USBDevice_SAMD21G18x5resetEv
                0x000000000000a31c       0x28 /home/letrend/workspace/MKR1000_Lighthouse_Embed/lib/libcore.a(USBCore.cpp.o)
                0x000000000000a31c                USBDevice_SAMD21G18x::reset()
 .text._ZN20USBDevice_SAMD21G18x9calibrateEv
                0x000000000000a344       0x5c /home/letrend/workspace/MKR1000_Lighthouse_Embed/lib/libcore.a(USBCore.cpp.o)
                0x000000000000a344                USBDevice_SAMD21G18x::calibrate()
 .text._ZN7__GuardC2Ev
                0x000000000000a3a0        0xe /home/letrend/workspace/MKR1000_Lighthouse_Embed/lib/libcore.a(USBCore.cpp.o)
                0x000000000000a3a0                __Guard::__Guard()
                0x000000000000a3a0                __Guard::__Guard()
 .text._ZN7__GuardD2Ev
                0x000000000000a3ae        0xe /home/letrend/workspace/MKR1000_Lighthouse_Embed/lib/libcore.a(USBCore.cpp.o)
                0x000000000000a3ae                __Guard::~__Guard()
                0x000000000000a3ae                __Guard::~__Guard()
 .text._ZNK26DoubleBufferedEPOutHandler9availableEv
                0x000000000000a3bc       0x5e /home/letrend/workspace/MKR1000_Lighthouse_Embed/lib/libcore.a(USBCore.cpp.o)
                0x000000000000a3bc                DoubleBufferedEPOutHandler::available() const
 *fill*         0x000000000000a41a        0x2 
 .text._ZN26DoubleBufferedEPOutHandler7releaseEv
                0x000000000000a41c       0x5c /home/letrend/workspace/MKR1000_Lighthouse_Embed/lib/libcore.a(USBCore.cpp.o)
                0x000000000000a41c                DoubleBufferedEPOutHandler::release()
 .text._ZN26DoubleBufferedEPOutHandler4recvEPvm
                0x000000000000a478      0x11c /home/letrend/workspace/MKR1000_Lighthouse_Embed/lib/libcore.a(USBCore.cpp.o)
                0x000000000000a478                DoubleBufferedEPOutHandler::recv(void*, unsigned long)
 .text._ZN26DoubleBufferedEPOutHandler14handleEndpointEv
                0x000000000000a594       0xc4 /home/letrend/workspace/MKR1000_Lighthouse_Embed/lib/libcore.a(USBCore.cpp.o)
                0x000000000000a594                DoubleBufferedEPOutHandler::handleEndpoint()
 .text._ZN14USBDeviceClass14SendInterfacesEPm
                0x000000000000a658       0x2c /home/letrend/workspace/MKR1000_Lighthouse_Embed/lib/libcore.a(USBCore.cpp.o)
                0x000000000000a658                USBDeviceClass::SendInterfaces(unsigned long*)
 .text._ZN14USBDeviceClass14handleEndpointEh
                0x000000000000a684       0x40 /home/letrend/workspace/MKR1000_Lighthouse_Embed/lib/libcore.a(USBCore.cpp.o)
                0x000000000000a684                USBDeviceClass::handleEndpoint(unsigned char)
 .text._ZN14USBDeviceClass4initEv
                0x000000000000a6c4       0xc0 /home/letrend/workspace/MKR1000_Lighthouse_Embed/lib/libcore.a(USBCore.cpp.o)
                0x000000000000a6c4                USBDeviceClass::init()
 .text._ZN14USBDeviceClass6attachEv
                0x000000000000a784       0x34 /home/letrend/workspace/MKR1000_Lighthouse_Embed/lib/libcore.a(USBCore.cpp.o)
                0x000000000000a784                USBDeviceClass::attach()
 .text._ZN14USBDeviceClass10setAddressEm
                0x000000000000a7b8       0x48 /home/letrend/workspace/MKR1000_Lighthouse_Embed/lib/libcore.a(USBCore.cpp.o)
                0x000000000000a7b8                USBDeviceClass::setAddress(unsigned long)
 .text._ZN14USBDeviceClass25handleClassInterfaceSetupER8USBSetup
                0x000000000000a800       0x40 /home/letrend/workspace/MKR1000_Lighthouse_Embed/lib/libcore.a(USBCore.cpp.o)
                0x000000000000a800                USBDeviceClass::handleClassInterfaceSetup(USBSetup&)
 .text._ZN14USBDeviceClass6initEPEmm
                0x000000000000a840      0x128 /home/letrend/workspace/MKR1000_Lighthouse_Embed/lib/libcore.a(USBCore.cpp.o)
                0x000000000000a840                USBDeviceClass::initEP(unsigned long, unsigned long)
 .text._ZN14USBDeviceClass13initEndpointsEv
                0x000000000000a968       0x24 /home/letrend/workspace/MKR1000_Lighthouse_Embed/lib/libcore.a(USBCore.cpp.o)
                0x000000000000a968                USBDeviceClass::initEndpoints()
 .text._ZN14USBDeviceClass9availableEm
                0x000000000000a98c       0x2c /home/letrend/workspace/MKR1000_Lighthouse_Embed/lib/libcore.a(USBCore.cpp.o)
                0x000000000000a98c                USBDeviceClass::available(unsigned long)
 .text._ZN14USBDeviceClass5flushEm
                0x000000000000a9b8       0x2c /home/letrend/workspace/MKR1000_Lighthouse_Embed/lib/libcore.a(USBCore.cpp.o)
                0x000000000000a9b8                USBDeviceClass::flush(unsigned long)
 .text._ZN14USBDeviceClass14armRecvCtrlOUTEm
                0x000000000000a9e4       0x60 /home/letrend/workspace/MKR1000_Lighthouse_Embed/lib/libcore.a(USBCore.cpp.o)
                0x000000000000a9e4                USBDeviceClass::armRecvCtrlOUT(unsigned long)
 .text._ZN14USBDeviceClass11recvControlEPvm
                0x000000000000aa44       0x3c /home/letrend/workspace/MKR1000_Lighthouse_Embed/lib/libcore.a(USBCore.cpp.o)
                0x000000000000aa44                USBDeviceClass::recvControl(void*, unsigned long)
 .text._ZN14USBDeviceClass7armRecvEm
                0x000000000000aa80       0x3c /home/letrend/workspace/MKR1000_Lighthouse_Embed/lib/libcore.a(USBCore.cpp.o)
                0x000000000000aa80                USBDeviceClass::armRecv(unsigned long)
 .text._ZN14USBDeviceClass4recvEmPvm
                0x000000000000aabc       0xc8 /home/letrend/workspace/MKR1000_Lighthouse_Embed/lib/libcore.a(USBCore.cpp.o)
                0x000000000000aabc                USBDeviceClass::recv(unsigned long, void*, unsigned long)
 .text._ZN14USBDeviceClass4recvEm
                0x000000000000ab84       0x1c /home/letrend/workspace/MKR1000_Lighthouse_Embed/lib/libcore.a(USBCore.cpp.o)
                0x000000000000ab84                USBDeviceClass::recv(unsigned long)
 .text._ZN14USBDeviceClass4sendEmPKvm
                0x000000000000aba0      0x10c /home/letrend/workspace/MKR1000_Lighthouse_Embed/lib/libcore.a(USBCore.cpp.o)
                0x000000000000aba0                USBDeviceClass::send(unsigned long, void const*, unsigned long)
 .text._ZN14USBDeviceClass7armSendEmPKvm
                0x000000000000acac       0x48 /home/letrend/workspace/MKR1000_Lighthouse_Embed/lib/libcore.a(USBCore.cpp.o)
                0x000000000000acac                USBDeviceClass::armSend(unsigned long, void const*, unsigned long)
 .text._ZN14USBDeviceClass11sendControlEPKvm
                0x000000000000acf4       0x58 /home/letrend/workspace/MKR1000_Lighthouse_Embed/lib/libcore.a(USBCore.cpp.o)
                0x000000000000acf4                USBDeviceClass::sendControl(void const*, unsigned long)
 .text._ZN14USBDeviceClass20sendStringDescriptorEPKhh
                0x000000000000ad4c       0x68 /home/letrend/workspace/MKR1000_Lighthouse_Embed/lib/libcore.a(USBCore.cpp.o)
                0x000000000000ad4c                USBDeviceClass::sendStringDescriptor(unsigned char const*, unsigned char)
 .text._ZN14USBDeviceClass12packMessagesEb.part.6
                0x000000000000adb4       0x20 /home/letrend/workspace/MKR1000_Lighthouse_Embed/lib/libcore.a(USBCore.cpp.o)
 .text._ZN14USBDeviceClass17sendConfigurationEm
                0x000000000000add4       0x90 /home/letrend/workspace/MKR1000_Lighthouse_Embed/lib/libcore.a(USBCore.cpp.o)
                0x000000000000add4                USBDeviceClass::sendConfiguration(unsigned long)
 .text._ZN14USBDeviceClass14sendDescriptorER8USBSetup
                0x000000000000ae64       0xb4 /home/letrend/workspace/MKR1000_Lighthouse_Embed/lib/libcore.a(USBCore.cpp.o)
                0x000000000000ae64                USBDeviceClass::sendDescriptor(USBSetup&)
 .text._ZN14USBDeviceClass19handleStandardSetupER8USBSetup
                0x000000000000af18      0x11c /home/letrend/workspace/MKR1000_Lighthouse_Embed/lib/libcore.a(USBCore.cpp.o)
                0x000000000000af18                USBDeviceClass::handleStandardSetup(USBSetup&)
 .text._ZN14USBDeviceClass10ISRHandlerEv
                0x000000000000b034      0x10c /home/letrend/workspace/MKR1000_Lighthouse_Embed/lib/libcore.a(USBCore.cpp.o)
                0x000000000000b034                USBDeviceClass::ISRHandler()
 .text.UDD_Handler
                0x000000000000b140       0x10 /home/letrend/workspace/MKR1000_Lighthouse_Embed/lib/libcore.a(USBCore.cpp.o)
                0x000000000000b140                UDD_Handler
 .text.startup._GLOBAL__sub_I__ZN20USBDevice_SAMD21G18x5resetEv
                0x000000000000b150       0x10 /home/letrend/workspace/MKR1000_Lighthouse_Embed/lib/libcore.a(USBCore.cpp.o)
 .text._ZN10RingBufferC2Ev
                0x000000000000b160       0x16 /home/letrend/workspace/MKR1000_Lighthouse_Embed/lib/libcore.a(RingBuffer.cpp.o)
                0x000000000000b160                RingBuffer::RingBuffer()
                0x000000000000b160                RingBuffer::RingBuffer()
 .text._ZN10RingBuffer10store_charEh
                0x000000000000b176       0x16 /home/letrend/workspace/MKR1000_Lighthouse_Embed/lib/libcore.a(RingBuffer.cpp.o)
                0x000000000000b176                RingBuffer::store_char(unsigned char)
 .text._ZN10RingBuffer5clearEv
                0x000000000000b18c        0x8 /home/letrend/workspace/MKR1000_Lighthouse_Embed/lib/libcore.a(RingBuffer.cpp.o)
                0x000000000000b18c                RingBuffer::clear()
 .text._ZN10RingBuffer9read_charEv
                0x000000000000b194       0x1c /home/letrend/workspace/MKR1000_Lighthouse_Embed/lib/libcore.a(RingBuffer.cpp.o)
                0x000000000000b194                RingBuffer::read_char()
 .text._ZN10RingBuffer9availableEv
                0x000000000000b1b0        0xc /home/letrend/workspace/MKR1000_Lighthouse_Embed/lib/libcore.a(RingBuffer.cpp.o)
                0x000000000000b1b0                RingBuffer::available()
 .text._ZN10RingBuffer4peekEv
                0x000000000000b1bc       0x12 /home/letrend/workspace/MKR1000_Lighthouse_Embed/lib/libcore.a(RingBuffer.cpp.o)
                0x000000000000b1bc                RingBuffer::peek()
 .text._Znwj    0x000000000000b1ce        0x8 /home/letrend/workspace/MKR1000_Lighthouse_Embed/lib/libcore.a(new.cpp.o)
                0x000000000000b1ce                operator new(unsigned int)
 .text._ZN13PluggableUSB_12getInterfaceEPh
                0x000000000000b1d6       0x2a /home/letrend/workspace/MKR1000_Lighthouse_Embed/lib/libcore.a(PluggableUSB.cpp.o)
                0x000000000000b1d6                PluggableUSB_::getInterface(unsigned char*)
 .text._ZN13PluggableUSB_13getDescriptorER8USBSetup
                0x000000000000b200       0x20 /home/letrend/workspace/MKR1000_Lighthouse_Embed/lib/libcore.a(PluggableUSB.cpp.o)
                0x000000000000b200                PluggableUSB_::getDescriptor(USBSetup&)
 .text._ZN13PluggableUSB_12getShortNameEPc
                0x000000000000b220       0x1e /home/letrend/workspace/MKR1000_Lighthouse_Embed/lib/libcore.a(PluggableUSB.cpp.o)
                0x000000000000b220                PluggableUSB_::getShortName(char*)
 .text._ZN13PluggableUSB_5setupER8USBSetup
                0x000000000000b23e       0x24 /home/letrend/workspace/MKR1000_Lighthouse_Embed/lib/libcore.a(PluggableUSB.cpp.o)
                0x000000000000b23e                PluggableUSB_::setup(USBSetup&)
 *fill*         0x000000000000b262        0x2 
 .text._Z12PluggableUSBv
                0x000000000000b264       0x24 /home/letrend/workspace/MKR1000_Lighthouse_Embed/lib/libcore.a(PluggableUSB.cpp.o)
                0x000000000000b264                PluggableUSB()
 .text.__fpclassifyd
                0x000000000000b288       0x60 /home/letrend/workspace/MKR1000_Lighthouse_Embed/tools/gcc-arm-none-eabi/bin/../lib/gcc/arm-none-eabi/4.8.3/../../../../arm-none-eabi/lib/armv6-m/libm.a(lib_a-s_fpclassify.o)
                0x000000000000b288                __fpclassifyd
 .text          0x000000000000b2e8       0x14 /home/letrend/workspace/MKR1000_Lighthouse_Embed/tools/gcc-arm-none-eabi/bin/../lib/gcc/arm-none-eabi/4.8.3/armv6-m/libgcc.a(_thumb1_case_uqi.o)
                0x000000000000b2e8                __gnu_thumb1_case_uqi
 .text          0x000000000000b2fc       0x9c /home/letrend/workspace/MKR1000_Lighthouse_Embed/tools/gcc-arm-none-eabi/bin/../lib/gcc/arm-none-eabi/4.8.3/armv6-m/libgcc.a(_udivsi3.o)
                0x000000000000b2fc                __udivsi3
                0x000000000000b2fc                __aeabi_uidiv
                0x000000000000b384                __aeabi_uidivmod
 .text          0x000000000000b398       0xc0 /home/letrend/workspace/MKR1000_Lighthouse_Embed/tools/gcc-arm-none-eabi/bin/../lib/gcc/arm-none-eabi/4.8.3/armv6-m/libgcc.a(_divsi3.o)
                0x000000000000b398                __aeabi_idiv
                0x000000000000b398                __divsi3
                0x000000000000b444                __aeabi_idivmod
 .text          0x000000000000b458        0x4 /home/letrend/workspace/MKR1000_Lighthouse_Embed/tools/gcc-arm-none-eabi/bin/../lib/gcc/arm-none-eabi/4.8.3/armv6-m/libgcc.a(_dvmd_tls.o)
                0x000000000000b458                __aeabi_ldiv0
                0x000000000000b458                __aeabi_idiv0
 .text          0x000000000000b45c       0x18 /home/letrend/workspace/MKR1000_Lighthouse_Embed/tools/gcc-arm-none-eabi/bin/../lib/gcc/arm-none-eabi/4.8.3/armv6-m/libgcc.a(_ashldi3.o)
                0x000000000000b45c                __ashldi3
                0x000000000000b45c                __aeabi_llsl
 .text          0x000000000000b474       0x7c /home/letrend/workspace/MKR1000_Lighthouse_Embed/tools/gcc-arm-none-eabi/bin/../lib/gcc/arm-none-eabi/4.8.3/armv6-m/libgcc.a(_arm_cmpdf2.o)
                0x000000000000b474                __aeabi_cdrcmple
                0x000000000000b484                __aeabi_cdcmple
                0x000000000000b484                __aeabi_cdcmpeq
                0x000000000000b494                __aeabi_dcmpeq
                0x000000000000b4a0                __aeabi_dcmplt
                0x000000000000b4b4                __aeabi_dcmple
                0x000000000000b4c8                __aeabi_dcmpgt
                0x000000000000b4dc                __aeabi_dcmpge
 .text          0x000000000000b4f0       0xa0 /home/letrend/workspace/MKR1000_Lighthouse_Embed/tools/gcc-arm-none-eabi/bin/../lib/gcc/arm-none-eabi/4.8.3/armv6-m/libgcc.a(floatunsisf.o)
                0x000000000000b4f0                __aeabi_ui2f
 .text          0x000000000000b590      0x638 /home/letrend/workspace/MKR1000_Lighthouse_Embed/tools/gcc-arm-none-eabi/bin/../lib/gcc/arm-none-eabi/4.8.3/armv6-m/libgcc.a(adddf3.o)
                0x000000000000b590                __aeabi_dadd
 .text          0x000000000000bbc8      0x648 /home/letrend/workspace/MKR1000_Lighthouse_Embed/tools/gcc-arm-none-eabi/bin/../lib/gcc/arm-none-eabi/4.8.3/armv6-m/libgcc.a(divdf3.o)
                0x000000000000bbc8                __aeabi_ddiv
 .text          0x000000000000c210       0x94 /home/letrend/workspace/MKR1000_Lighthouse_Embed/tools/gcc-arm-none-eabi/bin/../lib/gcc/arm-none-eabi/4.8.3/armv6-m/libgcc.a(eqdf2.o)
                0x000000000000c210                __eqdf2
                0x000000000000c210                __nedf2
 .text          0x000000000000c2a4       0xfc /home/letrend/workspace/MKR1000_Lighthouse_Embed/tools/gcc-arm-none-eabi/bin/../lib/gcc/arm-none-eabi/4.8.3/armv6-m/libgcc.a(gedf2.o)
                0x000000000000c2a4                __gtdf2
                0x000000000000c2a4                __gedf2
 .text          0x000000000000c3a0       0xfc /home/letrend/workspace/MKR1000_Lighthouse_Embed/tools/gcc-arm-none-eabi/bin/../lib/gcc/arm-none-eabi/4.8.3/armv6-m/libgcc.a(ledf2.o)
                0x000000000000c3a0                __ltdf2
                0x000000000000c3a0                __ledf2
 .text          0x000000000000c49c      0x520 /home/letrend/workspace/MKR1000_Lighthouse_Embed/tools/gcc-arm-none-eabi/bin/../lib/gcc/arm-none-eabi/4.8.3/armv6-m/libgcc.a(muldf3.o)
                0x000000000000c49c                __aeabi_dmul
 .text          0x000000000000c9bc      0x654 /home/letrend/workspace/MKR1000_Lighthouse_Embed/tools/gcc-arm-none-eabi/bin/../lib/gcc/arm-none-eabi/4.8.3/armv6-m/libgcc.a(subdf3.o)
                0x000000000000c9bc                __aeabi_dsub
 .text          0x000000000000d010       0x68 /home/letrend/workspace/MKR1000_Lighthouse_Embed/tools/gcc-arm-none-eabi/bin/../lib/gcc/arm-none-eabi/4.8.3/armv6-m/libgcc.a(fixdfsi.o)
                0x000000000000d010                __aeabi_d2iz
 .text          0x000000000000d078       0x68 /home/letrend/workspace/MKR1000_Lighthouse_Embed/tools/gcc-arm-none-eabi/bin/../lib/gcc/arm-none-eabi/4.8.3/armv6-m/libgcc.a(floatunsidf.o)
                0x000000000000d078                __aeabi_ui2d
 .text          0x000000000000d0e0       0xa4 /home/letrend/workspace/MKR1000_Lighthouse_Embed/tools/gcc-arm-none-eabi/bin/../lib/gcc/arm-none-eabi/4.8.3/armv6-m/libgcc.a(extendsfdf2.o)
                0x000000000000d0e0                __aeabi_f2d
 .text          0x000000000000d184      0x118 /home/letrend/workspace/MKR1000_Lighthouse_Embed/tools/gcc-arm-none-eabi/bin/../lib/gcc/arm-none-eabi/4.8.3/armv6-m/libgcc.a(truncdfsf2.o)
                0x000000000000d184                __aeabi_d2f