Archive member included because of file (symbol)

/home/sebtut/WS16_17/Roboy/MKR1000_Lighthouse_Embed/lib/libcore.a(WInterrupts.c.o)
                              /home/sebtut/WS16_17/Roboy/MKR1000_Lighthouse_Embed/build/main.o (attachInterrupt)
/home/sebtut/WS16_17/Roboy/MKR1000_Lighthouse_Embed/lib/libcore.a(cortex_handlers.c.o)
                              (Reset_Handler)
/home/sebtut/WS16_17/Roboy/MKR1000_Lighthouse_Embed/lib/libcore.a(delay.c.o)
                              /home/sebtut/WS16_17/Roboy/MKR1000_Lighthouse_Embed/build/main.o (delay)
/home/sebtut/WS16_17/Roboy/MKR1000_Lighthouse_Embed/lib/libcore.a(hooks.c.o)
                              /home/sebtut/WS16_17/Roboy/MKR1000_Lighthouse_Embed/lib/libcore.a(delay.c.o) (yield)
/home/sebtut/WS16_17/Roboy/MKR1000_Lighthouse_Embed/lib/libcore.a(startup.c.o)
                              /home/sebtut/WS16_17/Roboy/MKR1000_Lighthouse_Embed/lib/libcore.a(cortex_handlers.c.o) (SystemInit)
/home/sebtut/WS16_17/Roboy/MKR1000_Lighthouse_Embed/lib/libcore.a(wiring.c.o)
                              /home/sebtut/WS16_17/Roboy/MKR1000_Lighthouse_Embed/build/main.o (init)
/home/sebtut/WS16_17/Roboy/MKR1000_Lighthouse_Embed/lib/libcore.a(wiring_analog.c.o)
                              /home/sebtut/WS16_17/Roboy/MKR1000_Lighthouse_Embed/lib/libcore.a(wiring.c.o) (analogReference)
/home/sebtut/WS16_17/Roboy/MKR1000_Lighthouse_Embed/lib/libcore.a(wiring_digital.c.o)
                              /home/sebtut/WS16_17/Roboy/MKR1000_Lighthouse_Embed/build/main.o (pinMode)
/home/sebtut/WS16_17/Roboy/MKR1000_Lighthouse_Embed/lib/libcore.a(wiring_private.c.o)
                              /home/sebtut/WS16_17/Roboy/MKR1000_Lighthouse_Embed/lib/libcore.a(WInterrupts.c.o) (pinPeripheral)
/home/sebtut/WS16_17/Roboy/MKR1000_Lighthouse_Embed/lib/libcore.a(Print.cpp.o)
                              /home/sebtut/WS16_17/Roboy/MKR1000_Lighthouse_Embed/build/LightHouseTimer.o (Print::print(char const*))
/home/sebtut/WS16_17/Roboy/MKR1000_Lighthouse_Embed/lib/libcore.a(Reset.cpp.o)
                              /home/sebtut/WS16_17/Roboy/MKR1000_Lighthouse_Embed/lib/libcore.a(delay.c.o) (tickReset)
/home/sebtut/WS16_17/Roboy/MKR1000_Lighthouse_Embed/lib/libcore.a(abi.cpp.o)
                              /home/sebtut/WS16_17/Roboy/MKR1000_Lighthouse_Embed/lib/libcore.a(Print.cpp.o) (__cxa_pure_virtual)
/home/sebtut/WS16_17/Roboy/MKR1000_Lighthouse_Embed/lib/libcore.a(CDC.cpp.o)
                              /home/sebtut/WS16_17/Roboy/MKR1000_Lighthouse_Embed/build/main.o (SerialUSB)
/home/sebtut/WS16_17/Roboy/MKR1000_Lighthouse_Embed/lib/libcore.a(USBCore.cpp.o)
                              /home/sebtut/WS16_17/Roboy/MKR1000_Lighthouse_Embed/build/main.o (USBDeviceClass::init())
/home/sebtut/WS16_17/Roboy/MKR1000_Lighthouse_Embed/lib/libcore.a(new.cpp.o)
                              /home/sebtut/WS16_17/Roboy/MKR1000_Lighthouse_Embed/lib/libcore.a(USBCore.cpp.o) (operator new(unsigned int))
/home/sebtut/WS16_17/Roboy/MKR1000_Lighthouse_Embed/lib/libcore.a(PluggableUSB.cpp.o)
                              /home/sebtut/WS16_17/Roboy/MKR1000_Lighthouse_Embed/lib/libcore.a(USBCore.cpp.o) (PluggableUSB_::getInterface(unsigned char*))
/home/sebtut/WS16_17/Roboy/MKR1000_Lighthouse_Embed/tools/gcc-arm-none-eabi/bin/../lib/gcc/arm-none-eabi/4.8.3/../../../../arm-none-eabi/lib/armv6-m/libm.a(lib_a-s_fpclassify.o)
                              /home/sebtut/WS16_17/Roboy/MKR1000_Lighthouse_Embed/lib/libcore.a(Print.cpp.o) (__fpclassifyd)
/home/sebtut/WS16_17/Roboy/MKR1000_Lighthouse_Embed/tools/gcc-arm-none-eabi/bin/../lib/gcc/arm-none-eabi/4.8.3/armv6-m/libgcc.a(_thumb1_case_uqi.o)
                              /home/sebtut/WS16_17/Roboy/MKR1000_Lighthouse_Embed/lib/libcore.a(WInterrupts.c.o) (__gnu_thumb1_case_uqi)
/home/sebtut/WS16_17/Roboy/MKR1000_Lighthouse_Embed/tools/gcc-arm-none-eabi/bin/../lib/gcc/arm-none-eabi/4.8.3/armv6-m/libgcc.a(_udivsi3.o)
                              /home/sebtut/WS16_17/Roboy/MKR1000_Lighthouse_Embed/lib/libcore.a(wiring.c.o) (__aeabi_uidiv)
/home/sebtut/WS16_17/Roboy/MKR1000_Lighthouse_Embed/tools/gcc-arm-none-eabi/bin/../lib/gcc/arm-none-eabi/4.8.3/armv6-m/libgcc.a(_dvmd_tls.o)
                              /home/sebtut/WS16_17/Roboy/MKR1000_Lighthouse_Embed/tools/gcc-arm-none-eabi/bin/../lib/gcc/arm-none-eabi/4.8.3/armv6-m/libgcc.a(_udivsi3.o) (__aeabi_idiv0)
/home/sebtut/WS16_17/Roboy/MKR1000_Lighthouse_Embed/tools/gcc-arm-none-eabi/bin/../lib/gcc/arm-none-eabi/4.8.3/armv6-m/libgcc.a(_arm_cmpdf2.o)
                              /home/sebtut/WS16_17/Roboy/MKR1000_Lighthouse_Embed/lib/libcore.a(Print.cpp.o) (__aeabi_dcmplt)
/home/sebtut/WS16_17/Roboy/MKR1000_Lighthouse_Embed/tools/gcc-arm-none-eabi/bin/../lib/gcc/arm-none-eabi/4.8.3/armv6-m/libgcc.a(_fixunsdfsi.o)
                              /home/sebtut/WS16_17/Roboy/MKR1000_Lighthouse_Embed/lib/libcore.a(Print.cpp.o) (__aeabi_d2uiz)
[...]
Memory Configuration

Name             Origin             Length             Attributes
FLASH            0x0000000000002000 0x000000000003e000 xr
RAM              0x0000000020000000 0x0000000000008000 xrw
*default*        0x0000000000000000 0xffffffffffffffff

Linker script and memory map

LOAD /home/sebtut/WS16_17/Roboy/MKR1000_Lighthouse_Embed/tools/gcc-arm-none-eabi/bin/../lib/gcc/arm-none-eabi/4.8.3/armv6-m/crti.o
LOAD /home/sebtut/WS16_17/Roboy/MKR1000_Lighthouse_Embed/tools/gcc-arm-none-eabi/bin/../lib/gcc/arm-none-eabi/4.8.3/armv6-m/crtbegin.o
LOAD /home/sebtut/WS16_17/Roboy/MKR1000_Lighthouse_Embed/tools/gcc-arm-none-eabi/bin/../lib/gcc/arm-none-eabi/4.8.3/../../../../arm-none-eabi/lib/armv6-m/crt0.o
LOAD /home/sebtut/WS16_17/Roboy/MKR1000_Lighthouse_Embed/build/main.o
LOAD /home/sebtut/WS16_17/Roboy/MKR1000_Lighthouse_Embed/build/variant.o
LOAD /home/sebtut/WS16_17/Roboy/MKR1000_Lighthouse_Embed/build/LightHouseTimer.o
START GROUP
LOAD /home/sebtut/WS16_17/Roboy/MKR1000_Lighthouse_Embed/tools/gcc-arm-none-eabi/bin/../lib/gcc/arm-none-eabi/4.8.3/../../../../arm-none-eabi/lib/armv6-m/libm.a
LOAD /home/sebtut/WS16_17/Roboy/MKR1000_Lighthouse_Embed/lib/libcore.a
END GROUP
START GROUP
LOAD /home/sebtut/WS16_17/Roboy/MKR1000_Lighthouse_Embed/tools/gcc-arm-none-eabi/bin/../lib/gcc/arm-none-eabi/4.8.3/armv6-m/libgcc.a
LOAD /home/sebtut/WS16_17/Roboy/MKR1000_Lighthouse_Embed/tools/gcc-arm-none-eabi/bin/../lib/gcc/arm-none-eabi/4.8.3/../../../../arm-none-eabi/lib/armv6-m/libc_s.a
END GROUP
START GROUP
LOAD /home/sebtut/WS16_17/Roboy/MKR1000_Lighthouse_Embed/tools/gcc-arm-none-eabi/bin/../lib/gcc/arm-none-eabi/4.8.3/armv6-m/libgcc.a
LOAD /home/sebtut/WS16_17/Roboy/MKR1000_Lighthouse_Embed/tools/gcc-arm-none-eabi/bin/../lib/gcc/arm-none-eabi/4.8.3/../../../../arm-none-eabi/lib/armv6-m/libc_s.a
LOAD /home/sebtut/WS16_17/Roboy/MKR1000_Lighthouse_Embed/tools/gcc-arm-none-eabi/bin/../lib/gcc/arm-none-eabi/4.8.3/../../../../arm-none-eabi/lib/armv6-m/libnosys.a
END GROUP
START GROUP
LOAD /home/sebtut/WS16_17/Roboy/MKR1000_Lighthouse_Embed/tools/gcc-arm-none-eabi/bin/../lib/gcc/arm-none-eabi/4.8.3/armv6-m/libgcc.a
LOAD /home/sebtut/WS16_17/Roboy/MKR1000_Lighthouse_Embed/tools/gcc-arm-none-eabi/bin/../lib/gcc/arm-none-eabi/4.8.3/../../../../arm-none-eabi/lib/armv6-m/libc_s.a
LOAD /home/sebtut/WS16_17/Roboy/MKR1000_Lighthouse_Embed/tools/gcc-arm-none-eabi/bin/../lib/gcc/arm-none-eabi/4.8.3/../../../../arm-none-eabi/lib/armv6-m/libnosys.a
END GROUP
LOAD /home/sebtut/WS16_17/Roboy/MKR1000_Lighthouse_Embed/tools/gcc-arm-none-eabi/bin/../lib/gcc/arm-none-eabi/4.8.3/armv6-m/crtend.o
LOAD /home/sebtut/WS16_17/Roboy/MKR1000_Lighthouse_Embed/tools/gcc-arm-none-eabi/bin/../lib/gcc/arm-none-eabi/4.8.3/armv6-m/crtn.o

.text           0x0000000000002000     0x22d0
 *(.isr_vector)
 .isr_vector    0x0000000000002000       0xb0 /home/sebtut/WS16_17/Roboy/MKR1000_Lighthouse_Embed/lib/libcore.a(cortex_handlers.c.o)
                0x0000000000002000                exception_table
 *(.text*)
 .text          0x00000000000020b0       0x60 /home/sebtut/WS16_17/Roboy/MKR1000_Lighthouse_Embed/tools/gcc-arm-none-eabi/bin/../lib/gcc/arm-none-eabi/4.8.3/armv6-m/crtbegin.o
 .text._Z11initVariantv
                0x0000000000002110        0x2 /home/sebtut/WS16_17/Roboy/MKR1000_Lighthouse_Embed/build/main.o
                0x0000000000002110                initVariant()
 *fill*         0x0000000000002112        0x2 
 .text.startup.main
                0x0000000000002114       0xb8 /home/sebtut/WS16_17/Roboy/MKR1000_Lighthouse_Embed/build/main.o
                0x0000000000002114                main
 .text._Z13rising_IRQ_S1v
                0x00000000000021cc       0x14 /home/sebtut/WS16_17/Roboy/MKR1000_Lighthouse_Embed/build/LightHouseTimer.o
                0x00000000000021cc                rising_IRQ_S1()
 .text._Z13rising_IRQ_S2v
                0x00000000000021e0       0x14 /home/sebtut/WS16_17/Roboy/MKR1000_Lighthouse_Embed/build/LightHouseTimer.o
                0x00000000000021e0                rising_IRQ_S2()
 .text._Z13rising_IRQ_S3v
                0x00000000000021f4       0x14 /home/sebtut/WS16_17/Roboy/MKR1000_Lighthouse_Embed/build/LightHouseTimer.o
                0x00000000000021f4                rising_IRQ_S3()
 .text._Z14falling_IRQ_S1v
                0x0000000000002208       0x34 /home/sebtut/WS16_17/Roboy/MKR1000_Lighthouse_Embed/build/LightHouseTimer.o
                0x0000000000002208                falling_IRQ_S1()
 .text._Z14falling_IRQ_S2v
                0x000000000000223c       0x34 /home/sebtut/WS16_17/Roboy/MKR1000_Lighthouse_Embed/build/LightHouseTimer.o
                0x000000000000223c                falling_IRQ_S2()
 .text._Z14falling_IRQ_S3v
                0x0000000000002270       0x34 /home/sebtut/WS16_17/Roboy/MKR1000_Lighthouse_Embed/build/LightHouseTimer.o
                0x0000000000002270                falling_IRQ_S3()
 .text._Z11initSensorsv
                0x00000000000022a4       0x24 /home/sebtut/WS16_17/Roboy/MKR1000_Lighthouse_Embed/build/LightHouseTimer.o
                0x00000000000022a4                initSensors()
 .text._Z9initTimerv
                0x00000000000022c8       0x6c /home/sebtut/WS16_17/Roboy/MKR1000_Lighthouse_Embed/build/LightHouseTimer.o
                0x00000000000022c8                initTimer()
 .text._Z17printSensorValuesv
                0x0000000000002334       0xe0 /home/sebtut/WS16_17/Roboy/MKR1000_Lighthouse_Embed/build/LightHouseTimer.o
                0x0000000000002334                printSensorValues()
 .text.attachInterrupt
                0x0000000000002414      0x108 /home/sebtut/WS16_17/Roboy/MKR1000_Lighthouse_Embed/lib/libcore.a(WInterrupts.c.o)
                0x0000000000002414                attachInterrupt
 .text.EIC_Handler
                0x000000000000251c       0x30 /home/sebtut/WS16_17/Roboy/MKR1000_Lighthouse_Embed/lib/libcore.a(WInterrupts.c.o)
                0x000000000000251c                EIC_Handler
 .text.Dummy_Handler
                0x000000000000254c        0x2 /home/sebtut/WS16_17/Roboy/MKR1000_Lighthouse_Embed/lib/libcore.a(cortex_handlers.c.o)
                0x000000000000254c                DMAC_Handler
                0x000000000000254c                HardFault_Handler
                0x000000000000254c                AC_Handler
                0x000000000000254c                PendSV_Handler
                0x000000000000254c                NMI_Handler
                0x000000000000254c                TC7_Handler
                0x000000000000254c                SERCOM1_Handler
                0x000000000000254c                ADC_Handler
                0x000000000000254c                TCC1_Handler
                0x000000000000254c                SERCOM2_Handler
                0x000000000000254c                TCC0_Handler
                0x000000000000254c                RTC_Handler
                0x000000000000254c                TC6_Handler
                0x000000000000254c                WDT_Handler
                0x000000000000254c                TC4_Handler
                0x000000000000254c                TC3_Handler
                0x000000000000254c                Dummy_Handler
                0x000000000000254c                PM_Handler
                0x000000000000254c                SERCOM5_Handler
                0x000000000000254c                SVC_Handler
                0x000000000000254c                TCC2_Handler
                0x000000000000254c                EVSYS_Handler
                0x000000000000254c                SERCOM3_Handler
                0x000000000000254c                SERCOM4_Handler
                0x000000000000254c                I2S_Handler
                0x000000000000254c                NVMCTRL_Handler
                0x000000000000254c                SERCOM0_Handler
                0x000000000000254c                DAC_Handler
                0x000000000000254c                PTC_Handler
                0x000000000000254c                SYSCTRL_Handler
 *fill*         0x000000000000254e        0x2 
 .text.USB_Handler
                0x0000000000002550       0x14 /home/sebtut/WS16_17/Roboy/MKR1000_Lighthouse_Embed/lib/libcore.a(cortex_handlers.c.o)
                0x0000000000002550                USB_Handler
 .text.Reset_Handler
                0x0000000000002564       0x54 /home/sebtut/WS16_17/Roboy/MKR1000_Lighthouse_Embed/lib/libcore.a(cortex_handlers.c.o)
                0x0000000000002564                Reset_Handler
 .text.SysTick_Handler
                0x00000000000025b8       0x10 /home/sebtut/WS16_17/Roboy/MKR1000_Lighthouse_Embed/lib/libcore.a(cortex_handlers.c.o)
                0x00000000000025b8                SysTick_Handler
 .text.USB_SetHandler
                0x00000000000025c8        0xc /home/sebtut/WS16_17/Roboy/MKR1000_Lighthouse_Embed/lib/libcore.a(cortex_handlers.c.o)
                0x00000000000025c8                USB_SetHandler
 .text.delay    0x00000000000025d4       0x20 /home/sebtut/WS16_17/Roboy/MKR1000_Lighthouse_Embed/lib/libcore.a(delay.c.o)
                0x00000000000025d4                delay
 .text.SysTick_DefaultHandler
                0x00000000000025f4       0x14 /home/sebtut/WS16_17/Roboy/MKR1000_Lighthouse_Embed/lib/libcore.a(delay.c.o)
                0x00000000000025f4                SysTick_DefaultHandler
 .text.__empty  0x0000000000002608        0x2 /home/sebtut/WS16_17/Roboy/MKR1000_Lighthouse_Embed/lib/libcore.a(hooks.c.o)
                0x0000000000002608                yield
 .text.__false  0x000000000000260a        0x4 /home/sebtut/WS16_17/Roboy/MKR1000_Lighthouse_Embed/lib/libcore.a(hooks.c.o)
                0x000000000000260a                sysTickHook
 *fill*         0x000000000000260e        0x2 
 .text.SystemInit
                0x0000000000002610      0x16c /home/sebtut/WS16_17/Roboy/MKR1000_Lighthouse_Embed/lib/libcore.a(startup.c.o)
                0x0000000000002610                SystemInit
 .text.init     0x000000000000277c       0xe4 /home/sebtut/WS16_17/Roboy/MKR1000_Lighthouse_Embed/lib/libcore.a(wiring.c.o)
                0x000000000000277c                init
 .text.analogReference
                0x0000000000002860       0x5c /home/sebtut/WS16_17/Roboy/MKR1000_Lighthouse_Embed/lib/libcore.a(wiring_analog.c.o)
                0x0000000000002860                analogReference
 .text.pinMode  0x00000000000028bc       0xc0 /home/sebtut/WS16_17/Roboy/MKR1000_Lighthouse_Embed/lib/libcore.a(wiring_digital.c.o)
                0x00000000000028bc                pinMode
 .text.pinPeripheral
                0x000000000000297c       0xc4 /home/sebtut/WS16_17/Roboy/MKR1000_Lighthouse_Embed/lib/libcore.a(wiring_private.c.o)
                0x000000000000297c                pinPeripheral
 .text._ZN5Print5writeEPKc
                0x0000000000002a40       0x1c /home/sebtut/WS16_17/Roboy/MKR1000_Lighthouse_Embed/lib/libcore.a(Print.cpp.o)
                0x0000000000002a40                Print::write(char const*)
 .text._ZN5Print5printEPKc
                0x0000000000002a5c        0x8 /home/sebtut/WS16_17/Roboy/MKR1000_Lighthouse_Embed/lib/libcore.a(Print.cpp.o)
                0x0000000000002a5c                Print::print(char const*)
 .text._ZN5Print5printEc
                0x0000000000002a64        0xa /home/sebtut/WS16_17/Roboy/MKR1000_Lighthouse_Embed/lib/libcore.a(Print.cpp.o)
                0x0000000000002a64                Print::print(char)
 *fill*         0x0000000000002a6e        0x2 
 .text._ZN5Print7printlnEv
                0x0000000000002a70       0x10 /home/sebtut/WS16_17/Roboy/MKR1000_Lighthouse_Embed/lib/libcore.a(Print.cpp.o)
                0x0000000000002a70                Print::println()
 .text._ZN5Print11printNumberEmh
                0x0000000000002a80       0x4e /home/sebtut/WS16_17/Roboy/MKR1000_Lighthouse_Embed/lib/libcore.a(Print.cpp.o)
                0x0000000000002a80                Print::printNumber(unsigned long, unsigned char)
 .text._ZN5Print5printEli
                0x0000000000002ace       0x3c /home/sebtut/WS16_17/Roboy/MKR1000_Lighthouse_Embed/lib/libcore.a(Print.cpp.o)
                0x0000000000002ace                Print::print(long, int)
 .text._ZN5Print7printlnEii
                0x0000000000002b0a       0x14 /home/sebtut/WS16_17/Roboy/MKR1000_Lighthouse_Embed/lib/libcore.a(Print.cpp.o)
                0x0000000000002b0a                Print::println(int, int)
 *fill*         0x0000000000002b1e        0x2 
 .text.initiateReset
                0x0000000000002b20        0xc /home/sebtut/WS16_17/Roboy/MKR1000_Lighthouse_Embed/lib/libcore.a(Reset.cpp.o)
                0x0000000000002b20                initiateReset
 .text.cancelReset
                0x0000000000002b2c       0x10 /home/sebtut/WS16_17/Roboy/MKR1000_Lighthouse_Embed/lib/libcore.a(Reset.cpp.o)
                0x0000000000002b2c                cancelReset
 .text.tickReset
                0x0000000000002b3c       0x5c /home/sebtut/WS16_17/Roboy/MKR1000_Lighthouse_Embed/lib/libcore.a(Reset.cpp.o)
                0x0000000000002b3c                tickReset
 .text._ZN7Serial_17availableForWriteEv
                0x0000000000002b98        0x4 /home/sebtut/WS16_17/Roboy/MKR1000_Lighthouse_Embed/lib/libcore.a(CDC.cpp.o)
                0x0000000000002b98                Serial_::availableForWrite()
 .text._ZN7Serial_5writeEh
                0x0000000000002b9c       0x14 /home/sebtut/WS16_17/Roboy/MKR1000_Lighthouse_Embed/lib/libcore.a(CDC.cpp.o)
                0x0000000000002b9c                Serial_::write(unsigned char)
 .text._ZN7Serial_9availableEv
                0x0000000000002bb0        0xc /home/sebtut/WS16_17/Roboy/MKR1000_Lighthouse_Embed/lib/libcore.a(CDC.cpp.o)
                0x0000000000002bb0                Serial_::available()
 .text._ZN7Serial_5flushEv
                0x0000000000002bbc        0xc /home/sebtut/WS16_17/Roboy/MKR1000_Lighthouse_Embed/lib/libcore.a(CDC.cpp.o)
                0x0000000000002bbc                Serial_::flush()
 .text._ZN7Serial_5writeEPKhj
                0x0000000000002bc8       0x1c /home/sebtut/WS16_17/Roboy/MKR1000_Lighthouse_Embed/lib/libcore.a(CDC.cpp.o)
                0x0000000000002bc8                Serial_::write(unsigned char const*, unsigned int)
 .text._ZN7Serial_4peekEv
                0x0000000000002be4       0x1c /home/sebtut/WS16_17/Roboy/MKR1000_Lighthouse_Embed/lib/libcore.a(CDC.cpp.o)
                0x0000000000002be4                Serial_::peek()
 .text._ZN7Serial_4readEv
                0x0000000000002c00       0x24 /home/sebtut/WS16_17/Roboy/MKR1000_Lighthouse_Embed/lib/libcore.a(CDC.cpp.o)
                0x0000000000002c00                Serial_::read()
 .text._Z16CDC_GetInterfacePh
                0x0000000000002c24       0x1c /home/sebtut/WS16_17/Roboy/MKR1000_Lighthouse_Embed/lib/libcore.a(CDC.cpp.o)
                0x0000000000002c24                CDC_GetInterface(unsigned char*)
 .text._Z9CDC_SetupR8USBSetup
                0x0000000000002c40       0x80 /home/sebtut/WS16_17/Roboy/MKR1000_Lighthouse_Embed/lib/libcore.a(CDC.cpp.o)
                0x0000000000002c40                CDC_Setup(USBSetup&)
 .text.startup._GLOBAL__sub_I__Z17_CDC_GetInterfacev
                0x0000000000002cc0       0x28 /home/sebtut/WS16_17/Roboy/MKR1000_Lighthouse_Embed/lib/libcore.a(CDC.cpp.o)
 .text._ZN14USBDeviceClass6initEPEmm.part.4
                0x0000000000002ce8       0x80 /home/sebtut/WS16_17/Roboy/MKR1000_Lighthouse_Embed/lib/libcore.a(USBCore.cpp.o)
 .text._ZN20USBDevice_SAMD21G18x5resetEv
                0x0000000000002d68       0x28 /home/sebtut/WS16_17/Roboy/MKR1000_Lighthouse_Embed/lib/libcore.a(USBCore.cpp.o)
                0x0000000000002d68                USBDevice_SAMD21G18x::reset()
 .text._ZN20USBDevice_SAMD21G18x9calibrateEv
                0x0000000000002d90       0x5c /home/sebtut/WS16_17/Roboy/MKR1000_Lighthouse_Embed/lib/libcore.a(USBCore.cpp.o)
                0x0000000000002d90                USBDevice_SAMD21G18x::calibrate()
 .text._ZN7__GuardC2Ev
                0x0000000000002dec        0xe /home/sebtut/WS16_17/Roboy/MKR1000_Lighthouse_Embed/lib/libcore.a(USBCore.cpp.o)
                0x0000000000002dec                __Guard::__Guard()
                0x0000000000002dec                __Guard::__Guard()
 .text._ZN7__GuardD2Ev
                0x0000000000002dfa        0xe /home/sebtut/WS16_17/Roboy/MKR1000_Lighthouse_Embed/lib/libcore.a(USBCore.cpp.o)
                0x0000000000002dfa                __Guard::~__Guard()
                0x0000000000002dfa                __Guard::~__Guard()
 .text._ZNK26DoubleBufferedEPOutHandler9availableEv
                0x0000000000002e08       0x5e /home/sebtut/WS16_17/Roboy/MKR1000_Lighthouse_Embed/lib/libcore.a(USBCore.cpp.o)
                0x0000000000002e08                DoubleBufferedEPOutHandler::available() const
 *fill*         0x0000000000002e66        0x2 
 .text._ZN26DoubleBufferedEPOutHandler7releaseEv
                0x0000000000002e68       0x5c /home/sebtut/WS16_17/Roboy/MKR1000_Lighthouse_Embed/lib/libcore.a(USBCore.cpp.o)
                0x0000000000002e68                DoubleBufferedEPOutHandler::release()
 .text._ZN26DoubleBufferedEPOutHandler4recvEPvm
                0x0000000000002ec4      0x11c /home/sebtut/WS16_17/Roboy/MKR1000_Lighthouse_Embed/lib/libcore.a(USBCore.cpp.o)
                0x0000000000002ec4                DoubleBufferedEPOutHandler::recv(void*, unsigned long)
 .text._ZN26DoubleBufferedEPOutHandler14handleEndpointEv
                0x0000000000002fe0       0xc4 /home/sebtut/WS16_17/Roboy/MKR1000_Lighthouse_Embed/lib/libcore.a(USBCore.cpp.o)
                0x0000000000002fe0                DoubleBufferedEPOutHandler::handleEndpoint()
 .text._ZN14USBDeviceClass14SendInterfacesEPm
                0x00000000000030a4       0x2c /home/sebtut/WS16_17/Roboy/MKR1000_Lighthouse_Embed/lib/libcore.a(USBCore.cpp.o)
                0x00000000000030a4                USBDeviceClass::SendInterfaces(unsigned long*)
 .text._ZN14USBDeviceClass14handleEndpointEh
                0x00000000000030d0       0x40 /home/sebtut/WS16_17/Roboy/MKR1000_Lighthouse_Embed/lib/libcore.a(USBCore.cpp.o)
                0x00000000000030d0                USBDeviceClass::handleEndpoint(unsigned char)
 .text._ZN14USBDeviceClass4initEv
                0x0000000000003110       0xc0 /home/sebtut/WS16_17/Roboy/MKR1000_Lighthouse_Embed/lib/libcore.a(USBCore.cpp.o)
                0x0000000000003110                USBDeviceClass::init()
 .text._ZN14USBDeviceClass6attachEv
                0x00000000000031d0       0x34 /home/sebtut/WS16_17/Roboy/MKR1000_Lighthouse_Embed/lib/libcore.a(USBCore.cpp.o)
                0x00000000000031d0                USBDeviceClass::attach()
 .text._ZN14USBDeviceClass10setAddressEm
                0x0000000000003204       0x48 /home/sebtut/WS16_17/Roboy/MKR1000_Lighthouse_Embed/lib/libcore.a(USBCore.cpp.o)
                0x0000000000003204                USBDeviceClass::setAddress(unsigned long)
 .text._ZN14USBDeviceClass25handleClassInterfaceSetupER8USBSetup
                0x000000000000324c       0x40 /home/sebtut/WS16_17/Roboy/MKR1000_Lighthouse_Embed/lib/libcore.a(USBCore.cpp.o)
                0x000000000000324c                USBDeviceClass::handleClassInterfaceSetup(USBSetup&)
 .text._ZN14USBDeviceClass6initEPEmm
                0x000000000000328c      0x128 /home/sebtut/WS16_17/Roboy/MKR1000_Lighthouse_Embed/lib/libcore.a(USBCore.cpp.o)
                0x000000000000328c                USBDeviceClass::initEP(unsigned long, unsigned long)
 .text._ZN14USBDeviceClass13initEndpointsEv
                0x00000000000033b4       0x24 /home/sebtut/WS16_17/Roboy/MKR1000_Lighthouse_Embed/lib/libcore.a(USBCore.cpp.o)
                0x00000000000033b4                USBDeviceClass::initEndpoints()
 .text._ZN14USBDeviceClass9availableEm
                0x00000000000033d8       0x2c /home/sebtut/WS16_17/Roboy/MKR1000_Lighthouse_Embed/lib/libcore.a(USBCore.cpp.o)
                0x00000000000033d8                USBDeviceClass::available(unsigned long)
 .text._ZN14USBDeviceClass5flushEm
                0x0000000000003404       0x2c /home/sebtut/WS16_17/Roboy/MKR1000_Lighthouse_Embed/lib/libcore.a(USBCore.cpp.o)
                0x0000000000003404                USBDeviceClass::flush(unsigned long)
 .text._ZN14USBDeviceClass14armRecvCtrlOUTEm
                0x0000000000003430       0x60 /home/sebtut/WS16_17/Roboy/MKR1000_Lighthouse_Embed/lib/libcore.a(USBCore.cpp.o)
                0x0000000000003430                USBDeviceClass::armRecvCtrlOUT(unsigned long)
 .text._ZN14USBDeviceClass11recvControlEPvm
                0x0000000000003490       0x3c /home/sebtut/WS16_17/Roboy/MKR1000_Lighthouse_Embed/lib/libcore.a(USBCore.cpp.o)
                0x0000000000003490                USBDeviceClass::recvControl(void*, unsigned long)
 .text._ZN14USBDeviceClass7armRecvEm
                0x00000000000034cc       0x3c /home/sebtut/WS16_17/Roboy/MKR1000_Lighthouse_Embed/lib/libcore.a(USBCore.cpp.o)
                0x00000000000034cc                USBDeviceClass::armRecv(unsigned long)
 .text._ZN14USBDeviceClass4recvEmPvm
                0x0000000000003508       0xc8 /home/sebtut/WS16_17/Roboy/MKR1000_Lighthouse_Embed/lib/libcore.a(USBCore.cpp.o)
                0x0000000000003508                USBDeviceClass::recv(unsigned long, void*, unsigned long)
 .text._ZN14USBDeviceClass4recvEm
                0x00000000000035d0       0x1c /home/sebtut/WS16_17/Roboy/MKR1000_Lighthouse_Embed/lib/libcore.a(USBCore.cpp.o)
                0x00000000000035d0                USBDeviceClass::recv(unsigned long)
 .text._ZN14USBDeviceClass4sendEmPKvm
                0x00000000000035ec      0x10c /home/sebtut/WS16_17/Roboy/MKR1000_Lighthouse_Embed/lib/libcore.a(USBCore.cpp.o)
                0x00000000000035ec                USBDeviceClass::send(unsigned long, void const*, unsigned long)
 .text._ZN14USBDeviceClass7armSendEmPKvm
                0x00000000000036f8       0x48 /home/sebtut/WS16_17/Roboy/MKR1000_Lighthouse_Embed/lib/libcore.a(USBCore.cpp.o)
                0x00000000000036f8                USBDeviceClass::armSend(unsigned long, void const*, unsigned long)
 .text._ZN14USBDeviceClass11sendControlEPKvm
                0x0000000000003740       0x58 /home/sebtut/WS16_17/Roboy/MKR1000_Lighthouse_Embed/lib/libcore.a(USBCore.cpp.o)
                0x0000000000003740                USBDeviceClass::sendControl(void const*, unsigned long)
 .text._ZN14USBDeviceClass20sendStringDescriptorEPKhh
                0x0000000000003798       0x68 /home/sebtut/WS16_17/Roboy/MKR1000_Lighthouse_Embed/lib/libcore.a(USBCore.cpp.o)
                0x0000000000003798                USBDeviceClass::sendStringDescriptor(unsigned char const*, unsigned char)
 .text._ZN14USBDeviceClass12packMessagesEb.part.6
                0x0000000000003800       0x20 /home/sebtut/WS16_17/Roboy/MKR1000_Lighthouse_Embed/lib/libcore.a(USBCore.cpp.o)
 .text._ZN14USBDeviceClass17sendConfigurationEm
                0x0000000000003820       0x90 /home/sebtut/WS16_17/Roboy/MKR1000_Lighthouse_Embed/lib/libcore.a(USBCore.cpp.o)
                0x0000000000003820                USBDeviceClass::sendConfiguration(unsigned long)
 .text._ZN14USBDeviceClass14sendDescriptorER8USBSetup
                0x00000000000038b0       0xb4 /home/sebtut/WS16_17/Roboy/MKR1000_Lighthouse_Embed/lib/libcore.a(USBCore.cpp.o)
                0x00000000000038b0                USBDeviceClass::sendDescriptor(USBSetup&)
 .text._ZN14USBDeviceClass19handleStandardSetupER8USBSetup
                0x0000000000003964      0x11c /home/sebtut/WS16_17/Roboy/MKR1000_Lighthouse_Embed/lib/libcore.a(USBCore.cpp.o)
                0x0000000000003964                USBDeviceClass::handleStandardSetup(USBSetup&)
 .text._ZN14USBDeviceClass10ISRHandlerEv
                0x0000000000003a80      0x10c /home/sebtut/WS16_17/Roboy/MKR1000_Lighthouse_Embed/lib/libcore.a(USBCore.cpp.o)
                0x0000000000003a80                USBDeviceClass::ISRHandler()
 .text.UDD_Handler
                0x0000000000003b8c       0x10 /home/sebtut/WS16_17/Roboy/MKR1000_Lighthouse_Embed/lib/libcore.a(USBCore.cpp.o)
                0x0000000000003b8c                UDD_Handler
 .text.startup._GLOBAL__sub_I__ZN20USBDevice_SAMD21G18x5resetEv
                0x0000000000003b9c       0x10 /home/sebtut/WS16_17/Roboy/MKR1000_Lighthouse_Embed/lib/libcore.a(USBCore.cpp.o)
 .text._Znwj    0x0000000000003bac        0x8 /home/sebtut/WS16_17/Roboy/MKR1000_Lighthouse_Embed/lib/libcore.a(new.cpp.o)
                0x0000000000003bac                operator new(unsigned int)
 .text._ZN13PluggableUSB_12getInterfaceEPh
                0x0000000000003bb4       0x2a /home/sebtut/WS16_17/Roboy/MKR1000_Lighthouse_Embed/lib/libcore.a(PluggableUSB.cpp.o)
                0x0000000000003bb4                PluggableUSB_::getInterface(unsigned char*)
 .text._ZN13PluggableUSB_13getDescriptorER8USBSetup
                0x0000000000003bde       0x20 /home/sebtut/WS16_17/Roboy/MKR1000_Lighthouse_Embed/lib/libcore.a(PluggableUSB.cpp.o)
                0x0000000000003bde                PluggableUSB_::getDescriptor(USBSetup&)
 .text._ZN13PluggableUSB_12getShortNameEPc
                0x0000000000003bfe       0x1e /home/sebtut/WS16_17/Roboy/MKR1000_Lighthouse_Embed/lib/libcore.a(PluggableUSB.cpp.o)
                0x0000000000003bfe                PluggableUSB_::getShortName(char*)
 .text._ZN13PluggableUSB_5setupER8USBSetup
                0x0000000000003c1c       0x24 /home/sebtut/WS16_17/Roboy/MKR1000_Lighthouse_Embed/lib/libcore.a(PluggableUSB.cpp.o)
                0x0000000000003c1c                PluggableUSB_::setup(USBSetup&)
 .text._Z12PluggableUSBv
                0x0000000000003c40       0x24 /home/sebtut/WS16_17/Roboy/MKR1000_Lighthouse_Embed/lib/libcore.a(PluggableUSB.cpp.o)
                0x0000000000003c40                PluggableUSB()
 .text          0x0000000000003c64       0x14 /home/sebtut/WS16_17/Roboy/MKR1000_Lighthouse_Embed/tools/gcc-arm-none-eabi/bin/../lib/gcc/arm-none-eabi/4.8.3/armv6-m/libgcc.a(_thumb1_case_uqi.o)
                0x0000000000003c64                __gnu_thumb1_case_uqi
 .text          0x0000000000003c78       0x9c /home/sebtut/WS16_17/Roboy/MKR1000_Lighthouse_Embed/tools/gcc-arm-none-eabi/bin/../lib/gcc/arm-none-eabi/4.8.3/armv6-m/libgcc.a(_udivsi3.o)
                0x0000000000003c78                __udivsi3
                0x0000000000003c78                __aeabi_uidiv
                0x0000000000003d00                __aeabi_uidivmod
 .text          0x0000000000003d14        0x4 /home/sebtut/WS16_17/Roboy/MKR1000_Lighthouse_Embed/tools/gcc-arm-none-eabi/bin/../lib/gcc/arm-none-eabi/4.8.3/armv6-m/libgcc.a(_dvmd_tls.o)
                0x0000000000003d14                __aeabi_ldiv0
                0x0000000000003d14                __aeabi_idiv0
 .text.__libc_init_array
                0x0000000000003d18       0x4c /home/sebtut/WS16_17/Roboy/MKR1000_Lighthouse_Embed/tools/gcc-arm-none-eabi/bin/../lib/gcc/arm-none-eabi/4.8.3/../../../../arm-none-eabi/lib/armv6-m/libc_s.a(lib_a-init.o)
                0x0000000000003d18                __libc_init_array
 .text.malloc   0x0000000000003d64       0x14 /home/sebtut/WS16_17/Roboy/MKR1000_Lighthouse_Embed/tools/gcc-arm-none-eabi/bin/../lib/gcc/arm-none-eabi/4.8.3/../../../../arm-none-eabi/lib/armv6-m/libc_s.a(lib_a-malloc.o)
                0x0000000000003d64                malloc
 .text.memcpy   0x0000000000003d78       0x12 /home/sebtut/WS16_17/Roboy/MKR1000_Lighthouse_Embed/tools/gcc-arm-none-eabi/bin/../lib/gcc/arm-none-eabi/4.8.3/../../../../arm-none-eabi/lib/armv6-m/libc_s.a(lib_a-memcpy-stub.o)
                0x0000000000003d78                memcpy
 .text.memset   0x0000000000003d8a       0x10 /home/sebtut/WS16_17/Roboy/MKR1000_Lighthouse_Embed/tools/gcc-arm-none-eabi/bin/../lib/gcc/arm-none-eabi/4.8.3/../../../../arm-none-eabi/lib/armv6-m/libc_s.a(lib_a-memset.o)
                0x0000000000003d8a                memset
 *fill*         0x0000000000003d9a        0x2 
 .text._malloc_r
                0x0000000000003d9c       0xa8 /home/sebtut/WS16_17/Roboy/MKR1000_Lighthouse_Embed/tools/gcc-arm-none-eabi/bin/../lib/gcc/arm-none-eabi/4.8.3/../../../../arm-none-eabi/lib/armv6-m/libc_s.a(lib_a-nano-mallocr.o)
                0x0000000000003d9c                _malloc_r
 .text._sbrk_r  0x0000000000003e44       0x24 /home/sebtut/WS16_17/Roboy/MKR1000_Lighthouse_Embed/tools/gcc-arm-none-eabi/bin/../lib/gcc/arm-none-eabi/4.8.3/../../../../arm-none-eabi/lib/armv6-m/libc_s.a(lib_a-sbrkr.o)
                0x0000000000003e44                _sbrk_r
 .text.strlen   0x0000000000003e68        0xe /home/sebtut/WS16_17/Roboy/MKR1000_Lighthouse_Embed/tools/gcc-arm-none-eabi/bin/../lib/gcc/arm-none-eabi/4.8.3/../../../../arm-none-eabi/lib/armv6-m/libc_s.a(lib_a-strlen.o)
                0x0000000000003e68                strlen
 *fill*         0x0000000000003e76        0x2 
 .text._sbrk    0x0000000000003e78       0x34 /home/sebtut/WS16_17/Roboy/MKR1000_Lighthouse_Embed/tools/gcc-arm-none-eabi/bin/../lib/gcc/arm-none-eabi/4.8.3/../../../../arm-none-eabi/lib/armv6-m/libnosys.a(sbrk.o)
                0x0000000000003e78                _sbrk
 *(.init)
 .init          0x0000000000003eac        0x4 /home/sebtut/WS16_17/Roboy/MKR1000_Lighthouse_Embed/tools/gcc-arm-none-eabi/bin/../lib/gcc/arm-none-eabi/4.8.3/armv6-m/crti.o
                0x0000000000003eac                _init
 .init          0x0000000000003eb0        0x8 /home/sebtut/WS16_17/Roboy/MKR1000_Lighthouse_Embed/tools/gcc-arm-none-eabi/bin/../lib/gcc/arm-none-eabi/4.8.3/armv6-m/crtn.o
 *(.fini)
 .fini          0x0000000000003eb8        0x4 /home/sebtut/WS16_17/Roboy/MKR1000_Lighthouse_Embed/tools/gcc-arm-none-eabi/bin/../lib/gcc/arm-none-eabi/4.8.3/armv6-m/crti.o
                0x0000000000003eb8                _fini
 .fini          0x0000000000003ebc        0x8 /home/sebtut/WS16_17/Roboy/MKR1000_Lighthouse_Embed/tools/gcc-arm-none-eabi/bin/../lib/gcc/arm-none-eabi/4.8.3/armv6-m/crtn.o
 *crtbegin.o(.ctors)
 *crtbegin?.o(.ctors)
 *(EXCLUDE_FILE(*crtend.o *crtend?.o) .ctors)
 *(SORT(.ctors.*))
 *(.ctors)
 *crtbegin.o(.dtors)
 *crtbegin?.o(.dtors)
 *(EXCLUDE_FILE(*crtend.o *crtend?.o) .dtors)
 *(SORT(.dtors.*))
 *(.dtors)
 *(.rodata*)
 .rodata.g_APinDescription
                0x0000000000003ec4      0x360 /home/sebtut/WS16_17/Roboy/MKR1000_Lighthouse_Embed/build/variant.o
                0x0000000000003ec4                g_APinDescription
 .rodata.str1.1
                0x0000000000004224       0x1e /home/sebtut/WS16_17/Roboy/MKR1000_Lighthouse_Embed/build/LightHouseTimer.o
 .rodata.str1.1
                0x0000000000004242       0x11 /home/sebtut/WS16_17/Roboy/MKR1000_Lighthouse_Embed/lib/libcore.a(Print.cpp.o)
 *fill*         0x0000000000004253        0x5 
 .rodata._ZTV7Serial_
                0x0000000000004258       0x28 /home/sebtut/WS16_17/Roboy/MKR1000_Lighthouse_Embed/lib/libcore.a(CDC.cpp.o)
                0x0000000000004258                vtable for Serial_
 .rodata._ZTV26DoubleBufferedEPOutHandler
                0x0000000000004280       0x18 /home/sebtut/WS16_17/Roboy/MKR1000_Lighthouse_Embed/lib/libcore.a(USBCore.cpp.o)
                0x0000000000004280                vtable for DoubleBufferedEPOutHandler
 .rodata._ZL19STRING_MANUFACTURER
                0x0000000000004298        0xc /home/sebtut/WS16_17/Roboy/MKR1000_Lighthouse_Embed/lib/libcore.a(USBCore.cpp.o)
 .rodata._ZL15STRING_LANGUAGE
                0x00000000000042a4        0x4 /home/sebtut/WS16_17/Roboy/MKR1000_Lighthouse_Embed/lib/libcore.a(USBCore.cpp.o)
 .rodata._ZL21USB_DeviceDescriptorB
                0x00000000000042a8       0x12 /home/sebtut/WS16_17/Roboy/MKR1000_Lighthouse_Embed/lib/libcore.a(USBCore.cpp.o)
 .rodata._ZL14STRING_PRODUCT
                0x00000000000042ba       0x10 /home/sebtut/WS16_17/Roboy/MKR1000_Lighthouse_Embed/lib/libcore.a(USBCore.cpp.o)
 .rodata.str1.1
                0x00000000000042ca        0x2 /home/sebtut/WS16_17/Roboy/MKR1000_Lighthouse_Embed/tools/gcc-arm-none-eabi/bin/../lib/gcc/arm-none-eabi/4.8.3/../../../../arm-none-eabi/lib/armv6-m/libc_s.a(lib_a-impure.o)
 *(.eh_frame*)
 .eh_frame      0x00000000000042cc        0x0 /home/sebtut/WS16_17/Roboy/MKR1000_Lighthouse_Embed/tools/gcc-arm-none-eabi/bin/../lib/gcc/arm-none-eabi/4.8.3/armv6-m/crtbegin.o
 .eh_frame      0x00000000000042cc        0x4 /home/sebtut/WS16_17/Roboy/MKR1000_Lighthouse_Embed/tools/gcc-arm-none-eabi/bin/../lib/gcc/arm-none-eabi/4.8.3/armv6-m/crtend.o

.glue_7         0x00000000000042d0        0x0
 .glue_7        0x0000000000000000        0x0 linker stubs

.glue_7t        0x00000000000042d0        0x0
 .glue_7t       0x0000000000000000        0x0 linker stubs

.vfp11_veneer   0x00000000000042d0        0x0
 .vfp11_veneer  0x0000000000000000        0x0 linker stubs

.v4_bx          0x00000000000042d0        0x0
 .v4_bx         0x0000000000000000        0x0 linker stubs

.iplt           0x00000000000042d0        0x0
 .iplt          0x0000000000000000        0x0 /home/sebtut/WS16_17/Roboy/MKR1000_Lighthouse_Embed/tools/gcc-arm-none-eabi/bin/../lib/gcc/arm-none-eabi/4.8.3/armv6-m/crtbegin.o

.rel.dyn        0x00000000000042d0        0x0
 .rel.iplt      0x0000000000000000        0x0 /home/sebtut/WS16_17/Roboy/MKR1000_Lighthouse_Embed/tools/gcc-arm-none-eabi/bin/../lib/gcc/arm-none-eabi/4.8.3/armv6-m/crtbegin.o

.ARM.extab
 *(.ARM.extab* .gnu.linkonce.armextab.*)
                0x00000000000042d0                __exidx_start = .

.ARM.exidx
 *(.ARM.exidx* .gnu.linkonce.armexidx.*)
                0x00000000000042d0                __exidx_end = .
                0x00000000000042d0                __etext = .

.data           0x0000000020000000       0xfc load address 0x00000000000042d0
                0x0000000020000000                __data_start__ = .
 *(vtable)
 *(.data*)
 .data.SystemCoreClock
                0x0000000020000000        0x4 /home/sebtut/WS16_17/Roboy/MKR1000_Lighthouse_Embed/lib/libcore.a(wiring.c.o)
                0x0000000020000000                SystemCoreClock
 .data._ZL5ticks
                0x0000000020000004        0x4 /home/sebtut/WS16_17/Roboy/MKR1000_Lighthouse_Embed/lib/libcore.a(Reset.cpp.o)
 .data._ZL12_usbLineInfo
                0x0000000020000008        0x8 /home/sebtut/WS16_17/Roboy/MKR1000_Lighthouse_Embed/lib/libcore.a(CDC.cpp.o)
 .data._ZL10breakValue
                0x0000000020000010        0x4 /home/sebtut/WS16_17/Roboy/MKR1000_Lighthouse_Embed/lib/libcore.a(CDC.cpp.o)
 .data._ZL13_cdcInterface
                0x0000000020000014       0x42 /home/sebtut/WS16_17/Roboy/MKR1000_Lighthouse_Embed/lib/libcore.a(CDC.cpp.o)
 *fill*         0x0000000020000056        0x2 
 .data._serialPeek
                0x0000000020000058        0x4 /home/sebtut/WS16_17/Roboy/MKR1000_Lighthouse_Embed/lib/libcore.a(CDC.cpp.o)
                0x0000000020000058                _serialPeek
 .data.EndPoints
                0x000000002000005c       0x28 /home/sebtut/WS16_17/Roboy/MKR1000_Lighthouse_Embed/lib/libcore.a(USBCore.cpp.o)
                0x000000002000005c                EndPoints
 .data.impure_data
                0x0000000020000084       0x60 /home/sebtut/WS16_17/Roboy/MKR1000_Lighthouse_Embed/tools/gcc-arm-none-eabi/bin/../lib/gcc/arm-none-eabi/4.8.3/../../../../arm-none-eabi/lib/armv6-m/libc_s.a(lib_a-impure.o)
 .data._impure_ptr
                0x00000000200000e4        0x4 /home/sebtut/WS16_17/Roboy/MKR1000_Lighthouse_Embed/tools/gcc-arm-none-eabi/bin/../lib/gcc/arm-none-eabi/4.8.3/../../../../arm-none-eabi/lib/armv6-m/libc_s.a(lib_a-impure.o)
                0x00000000200000e4                _impure_ptr
                0x00000000200000e8                . = ALIGN (0x4)
                0x00000000200000e8                PROVIDE (__preinit_array_start, .)
 *(.preinit_array)
                0x00000000200000e8                PROVIDE (__preinit_array_end, .)
                0x00000000200000e8                . = ALIGN (0x4)
                0x00000000200000e8                PROVIDE (__init_array_start, .)
 *(SORT(.init_array.*))
 *(.init_array)
 .init_array    0x00000000200000e8        0x4 /home/sebtut/WS16_17/Roboy/MKR1000_Lighthouse_Embed/tools/gcc-arm-none-eabi/bin/../lib/gcc/arm-none-eabi/4.8.3/armv6-m/crtbegin.o
 .init_array    0x00000000200000ec        0x4 /home/sebtut/WS16_17/Roboy/MKR1000_Lighthouse_Embed/lib/libcore.a(CDC.cpp.o)
 .init_array    0x00000000200000f0        0x4 /home/sebtut/WS16_17/Roboy/MKR1000_Lighthouse_Embed/lib/libcore.a(USBCore.cpp.o)
                0x00000000200000f4                PROVIDE (__init_array_end, .)
                0x00000000200000f4                . = ALIGN (0x4)
                0x00000000200000f4                PROVIDE (__fini_array_start, .)
 *(SORT(.fini_array.*))
 *(.fini_array)
 .fini_array    0x00000000200000f4        0x4 /home/sebtut/WS16_17/Roboy/MKR1000_Lighthouse_Embed/tools/gcc-arm-none-eabi/bin/../lib/gcc/arm-none-eabi/4.8.3/armv6-m/crtbegin.o
                0x00000000200000f8                PROVIDE (__fini_array_end, .)
 *(.jcr*)
 .jcr           0x00000000200000f8        0x0 /home/sebtut/WS16_17/Roboy/MKR1000_Lighthouse_Embed/tools/gcc-arm-none-eabi/bin/../lib/gcc/arm-none-eabi/4.8.3/armv6-m/crtbegin.o
 .jcr           0x00000000200000f8        0x4 /home/sebtut/WS16_17/Roboy/MKR1000_Lighthouse_Embed/tools/gcc-arm-none-eabi/bin/../lib/gcc/arm-none-eabi/4.8.3/armv6-m/crtend.o
                0x00000000200000fc                . = ALIGN (0x4)
                0x00000000200000fc                __data_end__ = .

.igot.plt       0x00000000200000fc        0x0 load address 0x00000000000043cc
 .igot.plt      0x0000000000000000        0x0 /home/sebtut/WS16_17/Roboy/MKR1000_Lighthouse_Embed/tools/gcc-arm-none-eabi/bin/../lib/gcc/arm-none-eabi/4.8.3/armv6-m/crtbegin.o

.bss            0x00000000200000fc      0x970 load address 0x00000000000043cc
                0x00000000200000fc                . = ALIGN (0x4)
                0x00000000200000fc                __bss_start__ = .
 *(.bss*)
 .bss           0x00000000200000fc       0x1c /home/sebtut/WS16_17/Roboy/MKR1000_Lighthouse_Embed/tools/gcc-arm-none-eabi/bin/../lib/gcc/arm-none-eabi/4.8.3/armv6-m/crtbegin.o
 .bss._ZL8sensor_1
                0x0000000020000118      0x106 /home/sebtut/WS16_17/Roboy/MKR1000_Lighthouse_Embed/build/LightHouseTimer.o
 .bss._ZL8sensor_2
                0x000000002000021e      0x106 /home/sebtut/WS16_17/Roboy/MKR1000_Lighthouse_Embed/build/LightHouseTimer.o
 .bss._ZL8sensor_3
                0x0000000020000324      0x106 /home/sebtut/WS16_17/Roboy/MKR1000_Lighthouse_Embed/build/LightHouseTimer.o
 *fill*         0x000000002000042a        0x2 
 .bss.enabled.12256
                0x000000002000042c        0x4 /home/sebtut/WS16_17/Roboy/MKR1000_Lighthouse_Embed/lib/libcore.a(WInterrupts.c.o)
 .bss.callbacksInt
                0x0000000020000430       0x44 /home/sebtut/WS16_17/Roboy/MKR1000_Lighthouse_Embed/lib/libcore.a(WInterrupts.c.o)
 .bss.usb_isr   0x0000000020000474        0x4 /home/sebtut/WS16_17/Roboy/MKR1000_Lighthouse_Embed/lib/libcore.a(cortex_handlers.c.o)
 .bss._ulTickCount
                0x0000000020000478        0x4 /home/sebtut/WS16_17/Roboy/MKR1000_Lighthouse_Embed/lib/libcore.a(delay.c.o)
 .bss.SerialUSB
                0x000000002000047c       0x1c /home/sebtut/WS16_17/Roboy/MKR1000_Lighthouse_Embed/lib/libcore.a(CDC.cpp.o)
                0x000000002000047c                SerialUSB
 .bss._ZL14isEndpointHalt
                0x0000000020000498        0x1 /home/sebtut/WS16_17/Roboy/MKR1000_Lighthouse_Embed/lib/libcore.a(USBCore.cpp.o)
 .bss._pack_buffer
                0x0000000020000499      0x100 /home/sebtut/WS16_17/Roboy/MKR1000_Lighthouse_Embed/lib/libcore.a(USBCore.cpp.o)
                0x0000000020000499                _pack_buffer
 *fill*         0x0000000020000599        0x1 
 .bss._pack_size
                0x000000002000059a        0x2 /home/sebtut/WS16_17/Roboy/MKR1000_Lighthouse_Embed/lib/libcore.a(USBCore.cpp.o)
                0x000000002000059a                _pack_size
 .bss._ZL20LastTransmitTimedOut
                0x000000002000059c        0x7 /home/sebtut/WS16_17/Roboy/MKR1000_Lighthouse_Embed/lib/libcore.a(USBCore.cpp.o)
 *fill*         0x00000000200005a3        0x1 
 .bss._ZL22udd_ep_in_cache_buffer
                0x00000000200005a4      0x1c0 /home/sebtut/WS16_17/Roboy/MKR1000_Lighthouse_Embed/lib/libcore.a(USBCore.cpp.o)
 .bss._ZL23udd_ep_out_cache_buffer
                0x0000000020000764      0x1c0 /home/sebtut/WS16_17/Roboy/MKR1000_Lighthouse_Embed/lib/libcore.a(USBCore.cpp.o)
 .bss._ZL10epHandlers
                0x0000000020000924       0x1c /home/sebtut/WS16_17/Roboy/MKR1000_Lighthouse_Embed/lib/libcore.a(USBCore.cpp.o)
 .bss._pack_message
                0x0000000020000940        0x1 /home/sebtut/WS16_17/Roboy/MKR1000_Lighthouse_Embed/lib/libcore.a(USBCore.cpp.o)
                0x0000000020000940                _pack_message
 .bss._ZL21isRemoteWakeUpEnabled
                0x0000000020000941        0x1 /home/sebtut/WS16_17/Roboy/MKR1000_Lighthouse_Embed/lib/libcore.a(USBCore.cpp.o)
 .bss._dry_run  0x0000000020000942        0x1 /home/sebtut/WS16_17/Roboy/MKR1000_Lighthouse_Embed/lib/libcore.a(USBCore.cpp.o)
                0x0000000020000942                _dry_run
 .bss.USBDevice
                0x0000000020000943        0x1 /home/sebtut/WS16_17/Roboy/MKR1000_Lighthouse_Embed/lib/libcore.a(USBCore.cpp.o)
                0x0000000020000943                USBDevice
 .bss._usbSetInterface
                0x0000000020000944        0x4 /home/sebtut/WS16_17/Roboy/MKR1000_Lighthouse_Embed/lib/libcore.a(USBCore.cpp.o)
                0x0000000020000944                _usbSetInterface
 .bss.usbd      0x0000000020000948      0x104 /home/sebtut/WS16_17/Roboy/MKR1000_Lighthouse_Embed/lib/libcore.a(USBCore.cpp.o)
                0x0000000020000948                usbd
 .bss._usbConfiguration
                0x0000000020000a4c        0x4 /home/sebtut/WS16_17/Roboy/MKR1000_Lighthouse_Embed/lib/libcore.a(USBCore.cpp.o)
                0x0000000020000a4c                _usbConfiguration
 .bss._ZZ12PluggableUSBvE3obj
                0x0000000020000a50        0x8 /home/sebtut/WS16_17/Roboy/MKR1000_Lighthouse_Embed/lib/libcore.a(PluggableUSB.cpp.o)
 .bss._ZGVZ12PluggableUSBvE3obj
                0x0000000020000a58        0x4 /home/sebtut/WS16_17/Roboy/MKR1000_Lighthouse_Embed/lib/libcore.a(PluggableUSB.cpp.o)
 .bss.__malloc_sbrk_start
                0x0000000020000a5c        0x4 /home/sebtut/WS16_17/Roboy/MKR1000_Lighthouse_Embed/tools/gcc-arm-none-eabi/bin/../lib/gcc/arm-none-eabi/4.8.3/../../../../arm-none-eabi/lib/armv6-m/libc_s.a(lib_a-nano-mallocr.o)
                0x0000000020000a5c                __malloc_sbrk_start
 .bss.__malloc_free_list
                0x0000000020000a60        0x4 /home/sebtut/WS16_17/Roboy/MKR1000_Lighthouse_Embed/tools/gcc-arm-none-eabi/bin/../lib/gcc/arm-none-eabi/4.8.3/../../../../arm-none-eabi/lib/armv6-m/libc_s.a(lib_a-nano-mallocr.o)
                0x0000000020000a60                __malloc_free_list
 .bss.heap_end.4243
                0x0000000020000a64        0x4 /home/sebtut/WS16_17/Roboy/MKR1000_Lighthouse_Embed/tools/gcc-arm-none-eabi/bin/../lib/gcc/arm-none-eabi/4.8.3/../../../../arm-none-eabi/lib/armv6-m/libnosys.a(sbrk.o)
 *(COMMON)
 COMMON         0x0000000020000a68        0x4 /home/sebtut/WS16_17/Roboy/MKR1000_Lighthouse_Embed/tools/gcc-arm-none-eabi/bin/../lib/gcc/arm-none-eabi/4.8.3/../../../../arm-none-eabi/lib/armv6-m/libc_s.a(lib_a-reent.o)
                0x0000000020000a68                errno
                0x0000000020000a6c                . = ALIGN (0x4)
                0x0000000020000a6c                __bss_end__ = .

.heap           0x0000000020000a6c        0x0
                0x0000000020000a6c                __end__ = .
                0x0000000020000a6c                PROVIDE (end, .)
 *(.heap*)
                0x0000000020000a6c                __HeapLimit = .

.stack_dummy    0x0000000020000a6c        0x0
 *(.stack*)
                0x0000000020008000                __StackTop = (ORIGIN (RAM) + 0x8000)
                0x0000000020008000                __StackLimit = (__StackTop - SIZEOF (.stack_dummy))
                0x0000000020008000                PROVIDE (__stack, __StackTop)
                0x0000000020007fff                __ram_end__ = ((ORIGIN (RAM) + 0x8000) - 0x1)
                0x0000000000000001                ASSERT ((__StackLimit >= __HeapLimit), region RAM overflowed with stack)
OUTPUT(/home/sebtut/WS16_17/Roboy/MKR1000_Lighthouse_Embed/build/LighthouseLogging.elf elf32-littlearm)

.ARM.attributes
                0x0000000000000000       0x28
 .ARM.attributes
                0x0000000000000000       0x1e /home/sebtut/WS16_17/Roboy/MKR1000_Lighthouse_Embed/tools/gcc-arm-none-eabi/bin/../lib/gcc/arm-none-eabi/4.8.3/armv6-m/crti.o
 .ARM.attributes
                0x000000000000001e       0x2c /home/sebtut/WS16_17/Roboy/MKR1000_Lighthouse_Embed/tools/gcc-arm-none-eabi/bin/../lib/gcc/arm-none-eabi/4.8.3/armv6-m/crtbegin.o
 .ARM.attributes
                0x000000000000004a       0x32 /home/sebtut/WS16_17/Roboy/MKR1000_Lighthouse_Embed/build/main.o
 .ARM.attributes
                0x000000000000007c       0x32 /home/sebtut/WS16_17/Roboy/MKR1000_Lighthouse_Embed/build/variant.o
 .ARM.attributes
                0x00000000000000ae       0x32 /home/sebtut/WS16_17/Roboy/MKR1000_Lighthouse_Embed/build/LightHouseTimer.o
 .ARM.attributes
                0x00000000000000e0       0x32 /home/sebtut/WS16_17/Roboy/MKR1000_Lighthouse_Embed/lib/libcore.a(WInterrupts.c.o)
 .ARM.attributes
                0x0000000000000112       0x32 /home/sebtut/WS16_17/Roboy/MKR1000_Lighthouse_Embed/lib/libcore.a(cortex_handlers.c.o)
 .ARM.attributes
                0x0000000000000144       0x32 /home/sebtut/WS16_17/Roboy/MKR1000_Lighthouse_Embed/lib/libcore.a(delay.c.o)
 .ARM.attributes
                0x0000000000000176       0x32 /home/sebtut/WS16_17/Roboy/MKR1000_Lighthouse_Embed/lib/libcore.a(hooks.c.o)
 .ARM.attributes
                0x00000000000001a8       0x32 /home/sebtut/WS16_17/Roboy/MKR1000_Lighthouse_Embed/lib/libcore.a(startup.c.o)
 .ARM.attributes
                0x00000000000001da       0x32 /home/sebtut/WS16_17/Roboy/MKR1000_Lighthouse_Embed/lib/libcore.a(wiring.c.o)
 .ARM.attributes
                0x000000000000020c       0x32 /home/sebtut/WS16_17/Roboy/MKR1000_Lighthouse_Embed/lib/libcore.a(wiring_analog.c.o)
 .ARM.attributes
                0x000000000000023e       0x32 /home/sebtut/WS16_17/Roboy/MKR1000_Lighthouse_Embed/lib/libcore.a(wiring_digital.c.o)
 .ARM.attributes
                0x0000000000000270       0x32 /home/sebtut/WS16_17/Roboy/MKR1000_Lighthouse_Embed/lib/libcore.a(wiring_private.c.o)
 .ARM.attributes
                0x00000000000002a2       0x32 /home/sebtut/WS16_17/Roboy/MKR1000_Lighthouse_Embed/lib/libcore.a(Print.cpp.o)
 .ARM.attributes
                0x00000000000002d4       0x32 /home/sebtut/WS16_17/Roboy/MKR1000_Lighthouse_Embed/lib/libcore.a(Reset.cpp.o)
 .ARM.attributes
                0x0000000000000306       0x32 /home/sebtut/WS16_17/Roboy/MKR1000_Lighthouse_Embed/lib/libcore.a(CDC.cpp.o)
 .ARM.attributes
                0x0000000000000338       0x32 /home/sebtut/WS16_17/Roboy/MKR1000_Lighthouse_Embed/lib/libcore.a(USBCore.cpp.o)
 .ARM.attributes
                0x000000000000036a       0x32 /home/sebtut/WS16_17/Roboy/MKR1000_Lighthouse_Embed/lib/libcore.a(new.cpp.o)
 .ARM.attributes
                0x000000000000039c       0x32 /home/sebtut/WS16_17/Roboy/MKR1000_Lighthouse_Embed/lib/libcore.a(PluggableUSB.cpp.o)
 .ARM.attributes
                0x00000000000003ce       0x1e /home/sebtut/WS16_17/Roboy/MKR1000_Lighthouse_Embed/tools/gcc-arm-none-eabi/bin/../lib/gcc/arm-none-eabi/4.8.3/armv6-m/libgcc.a(_thumb1_case_uqi.o)
 .ARM.attributes
                0x00000000000003ec       0x1e /home/sebtut/WS16_17/Roboy/MKR1000_Lighthouse_Embed/tools/gcc-arm-none-eabi/bin/../lib/gcc/arm-none-eabi/4.8.3/armv6-m/libgcc.a(_udivsi3.o)
 .ARM.attributes
                0x000000000000040a       0x1e /home/sebtut/WS16_17/Roboy/MKR1000_Lighthouse_Embed/tools/gcc-arm-none-eabi/bin/../lib/gcc/arm-none-eabi/4.8.3/armv6-m/libgcc.a(_dvmd_tls.o)
 .ARM.attributes
                0x0000000000000428       0x2c /home/sebtut/WS16_17/Roboy/MKR1000_Lighthouse_Embed/tools/gcc-arm-none-eabi/bin/../lib/gcc/arm-none-eabi/4.8.3/../../../../arm-none-eabi/lib/armv6-m/libc_s.a(lib_a-impure.o)
 .ARM.attributes
                0x0000000000000454       0x2c /home/sebtut/WS16_17/Roboy/MKR1000_Lighthouse_Embed/tools/gcc-arm-none-eabi/bin/../lib/gcc/arm-none-eabi/4.8.3/../../../../arm-none-eabi/lib/armv6-m/libc_s.a(lib_a-init.o)
 .ARM.attributes
                0x0000000000000480       0x2c /home/sebtut/WS16_17/Roboy/MKR1000_Lighthouse_Embed/tools/gcc-arm-none-eabi/bin/../lib/gcc/arm-none-eabi/4.8.3/../../../../arm-none-eabi/lib/armv6-m/libc_s.a(lib_a-malloc.o)
 .ARM.attributes
                0x00000000000004ac       0x2c /home/sebtut/WS16_17/Roboy/MKR1000_Lighthouse_Embed/tools/gcc-arm-none-eabi/bin/../lib/gcc/arm-none-eabi/4.8.3/../../../../arm-none-eabi/lib/armv6-m/libc_s.a(lib_a-memcpy-stub.o)
 .ARM.attributes
                0x00000000000004d8       0x2c /home/sebtut/WS16_17/Roboy/MKR1000_Lighthouse_Embed/tools/gcc-arm-none-eabi/bin/../lib/gcc/arm-none-eabi/4.8.3/../../../../arm-none-eabi/lib/armv6-m/libc_s.a(lib_a-memset.o)
 .ARM.attributes
                0x0000000000000504       0x2c /home/sebtut/WS16_17/Roboy/MKR1000_Lighthouse_Embed/tools/gcc-arm-none-eabi/bin/../lib/gcc/arm-none-eabi/4.8.3/../../../../arm-none-eabi/lib/armv6-m/libc_s.a(lib_a-nano-mallocr.o)
 .ARM.attributes
                0x0000000000000530       0x2c /home/sebtut/WS16_17/Roboy/MKR1000_Lighthouse_Embed/tools/gcc-arm-none-eabi/bin/../lib/gcc/arm-none-eabi/4.8.3/../../../../arm-none-eabi/lib/armv6-m/libc_s.a(lib_a-sbrkr.o)
 .ARM.attributes
                0x000000000000055c       0x2c /home/sebtut/WS16_17/Roboy/MKR1000_Lighthouse_Embed/tools/gcc-arm-none-eabi/bin/../lib/gcc/arm-none-eabi/4.8.3/../../../../arm-none-eabi/lib/armv6-m/libc_s.a(lib_a-strlen.o)
 .ARM.attributes
                0x0000000000000588       0x2c /home/sebtut/WS16_17/Roboy/MKR1000_Lighthouse_Embed/tools/gcc-arm-none-eabi/bin/../lib/gcc/arm-none-eabi/4.8.3/../../../../arm-none-eabi/lib/armv6-m/libc_s.a(lib_a-reent.o)
 .ARM.attributes
                0x00000000000005b4       0x2c /home/sebtut/WS16_17/Roboy/MKR1000_Lighthouse_Embed/tools/gcc-arm-none-eabi/bin/../lib/gcc/arm-none-eabi/4.8.3/../../../../arm-none-eabi/lib/armv6-m/libnosys.a(sbrk.o)
 .ARM.attributes
                0x00000000000005e0       0x2c /home/sebtut/WS16_17/Roboy/MKR1000_Lighthouse_Embed/tools/gcc-arm-none-eabi/bin/../lib/gcc/arm-none-eabi/4.8.3/armv6-m/crtend.o
 .ARM.attributes
                0x000000000000060c       0x1e /home/sebtut/WS16_17/Roboy/MKR1000_Lighthouse_Embed/tools/gcc-arm-none-eabi/bin/../lib/gcc/arm-none-eabi/4.8.3/armv6-m/crtn.o

.comment        0x0000000000000000       0x80
 .comment       0x0000000000000000       0x80 /home/sebtut/WS16_17/Roboy/MKR1000_Lighthouse_Embed/build/main.o
                                         0x81 (size before relaxing)
 .comment       0x0000000000000000       0x81 /home/sebtut/WS16_17/Roboy/MKR1000_Lighthouse_Embed/build/variant.o
 .comment       0x0000000000000000       0x81 /home/sebtut/WS16_17/Roboy/MKR1000_Lighthouse_Embed/build/LightHouseTimer.o
 .comment       0x0000000000000000       0x81 /home/sebtut/WS16_17/Roboy/MKR1000_Lighthouse_Embed/lib/libcore.a(WInterrupts.c.o)
 .comment       0x0000000000000000       0x81 /home/sebtut/WS16_17/Roboy/MKR1000_Lighthouse_Embed/lib/libcore.a(cortex_handlers.c.o)
 .comment       0x0000000000000000       0x81 /home/sebtut/WS16_17/Roboy/MKR1000_Lighthouse_Embed/lib/libcore.a(delay.c.o)
 .comment       0x0000000000000000       0x81 /home/sebtut/WS16_17/Roboy/MKR1000_Lighthouse_Embed/lib/libcore.a(hooks.c.o)
 .comment       0x0000000000000000       0x81 /home/sebtut/WS16_17/Roboy/MKR1000_Lighthouse_Embed/lib/libcore.a(startup.c.o)
 .comment       0x0000000000000000       0x81 /home/sebtut/WS16_17/Roboy/MKR1000_Lighthouse_Embed/lib/libcore.a(wiring.c.o)
 .comment       0x0000000000000000       0x81 /home/sebtut/WS16_17/Roboy/MKR1000_Lighthouse_Embed/lib/libcore.a(wiring_analog.c.o)
 .comment       0x0000000000000000       0x81 /home/sebtut/WS16_17/Roboy/MKR1000_Lighthouse_Embed/lib/libcore.a(wiring_digital.c.o)
 .comment       0x0000000000000000       0x81 /home/sebtut/WS16_17/Roboy/MKR1000_Lighthouse_Embed/lib/libcore.a(wiring_private.c.o)
 .comment       0x0000000000000000       0x81 /home/sebtut/WS16_17/Roboy/MKR1000_Lighthouse_Embed/lib/libcore.a(Print.cpp.o)
 .comment       0x0000000000000000       0x81 /home/sebtut/WS16_17/Roboy/MKR1000_Lighthouse_Embed/lib/libcore.a(Reset.cpp.o)
 .comment       0x0000000000000000       0x81 /home/sebtut/WS16_17/Roboy/MKR1000_Lighthouse_Embed/lib/libcore.a(CDC.cpp.o)
 .comment       0x0000000000000000       0x81 /home/sebtut/WS16_17/Roboy/MKR1000_Lighthouse_Embed/lib/libcore.a(USBCore.cpp.o)
 .comment       0x0000000000000000       0x81 /home/sebtut/WS16_17/Roboy/MKR1000_Lighthouse_Embed/lib/libcore.a(new.cpp.o)
 .comment       0x0000000000000000       0x81 /home/sebtut/WS16_17/Roboy/MKR1000_Lighthouse_Embed/lib/libcore.a(PluggableUSB.cpp.o)

.debug_info     0x0000000000000000    0x19eb1
 .debug_info    0x0000000000000000     0x172d /home/sebtut/WS16_17/Roboy/MKR1000_Lighthouse_Embed/lib/libcore.a(WInterrupts.c.o)
 .debug_info    0x000000000000172d      0x4f9 /home/sebtut/WS16_17/Roboy/MKR1000_Lighthouse_Embed/lib/libcore.a(cortex_handlers.c.o)
 .debug_info    0x0000000000001c26      0x391 /home/sebtut/WS16_17/Roboy/MKR1000_Lighthouse_Embed/lib/libcore.a(delay.c.o)
 .debug_info    0x0000000000001fb7       0x60 /home/sebtut/WS16_17/Roboy/MKR1000_Lighthouse_Embed/lib/libcore.a(hooks.c.o)
 .debug_info    0x0000000000002017     0x29a1 /home/sebtut/WS16_17/Roboy/MKR1000_Lighthouse_Embed/lib/libcore.a(startup.c.o)
 .debug_info    0x00000000000049b8     0x1dfe /home/sebtut/WS16_17/Roboy/MKR1000_Lighthouse_Embed/lib/libcore.a(wiring.c.o)
 .debug_info    0x00000000000067b6     0x43fe /home/sebtut/WS16_17/Roboy/MKR1000_Lighthouse_Embed/lib/libcore.a(wiring_analog.c.o)
 .debug_info    0x000000000000abb4      0xbbe /home/sebtut/WS16_17/Roboy/MKR1000_Lighthouse_Embed/lib/libcore.a(wiring_digital.c.o)
 .debug_info    0x000000000000b772      0xba7 /home/sebtut/WS16_17/Roboy/MKR1000_Lighthouse_Embed/lib/libcore.a(wiring_private.c.o)
 .debug_info    0x000000000000c319     0x271c /home/sebtut/WS16_17/Roboy/MKR1000_Lighthouse_Embed/lib/libcore.a(Print.cpp.o)
 .debug_info    0x000000000000ea35      0x832 /home/sebtut/WS16_17/Roboy/MKR1000_Lighthouse_Embed/lib/libcore.a(Reset.cpp.o)
 .debug_info    0x000000000000f267     0x2c0e /home/sebtut/WS16_17/Roboy/MKR1000_Lighthouse_Embed/lib/libcore.a(CDC.cpp.o)
 .debug_info    0x0000000000011e75     0x77ab /home/sebtut/WS16_17/Roboy/MKR1000_Lighthouse_Embed/lib/libcore.a(USBCore.cpp.o)
 .debug_info    0x0000000000019620      0x1a1 /home/sebtut/WS16_17/Roboy/MKR1000_Lighthouse_Embed/lib/libcore.a(new.cpp.o)
 .debug_info    0x00000000000197c1      0x6f0 /home/sebtut/WS16_17/Roboy/MKR1000_Lighthouse_Embed/lib/libcore.a(PluggableUSB.cpp.o)

.debug_abbrev   0x0000000000000000     0x2ac3
 .debug_abbrev  0x0000000000000000      0x30a /home/sebtut/WS16_17/Roboy/MKR1000_Lighthouse_Embed/lib/libcore.a(WInterrupts.c.o)
 .debug_abbrev  0x000000000000030a      0x159 /home/sebtut/WS16_17/Roboy/MKR1000_Lighthouse_Embed/lib/libcore.a(cortex_handlers.c.o)
 .debug_abbrev  0x0000000000000463      0x158 /home/sebtut/WS16_17/Roboy/MKR1000_Lighthouse_Embed/lib/libcore.a(delay.c.o)
 .debug_abbrev  0x00000000000005bb       0x47 /home/sebtut/WS16_17/Roboy/MKR1000_Lighthouse_Embed/lib/libcore.a(hooks.c.o)
 .debug_abbrev  0x0000000000000602      0x17a /home/sebtut/WS16_17/Roboy/MKR1000_Lighthouse_Embed/lib/libcore.a(startup.c.o)
 .debug_abbrev  0x000000000000077c      0x273 /home/sebtut/WS16_17/Roboy/MKR1000_Lighthouse_Embed/lib/libcore.a(wiring.c.o)
 .debug_abbrev  0x00000000000009ef      0x38f /home/sebtut/WS16_17/Roboy/MKR1000_Lighthouse_Embed/lib/libcore.a(wiring_analog.c.o)
 .debug_abbrev  0x0000000000000d7e      0x201 /home/sebtut/WS16_17/Roboy/MKR1000_Lighthouse_Embed/lib/libcore.a(wiring_digital.c.o)
 .debug_abbrev  0x0000000000000f7f      0x21b /home/sebtut/WS16_17/Roboy/MKR1000_Lighthouse_Embed/lib/libcore.a(wiring_private.c.o)
 .debug_abbrev  0x000000000000119a      0x476 /home/sebtut/WS16_17/Roboy/MKR1000_Lighthouse_Embed/lib/libcore.a(Print.cpp.o)
 .debug_abbrev  0x0000000000001610      0x216 /home/sebtut/WS16_17/Roboy/MKR1000_Lighthouse_Embed/lib/libcore.a(Reset.cpp.o)
 .debug_abbrev  0x0000000000001826      0x629 /home/sebtut/WS16_17/Roboy/MKR1000_Lighthouse_Embed/lib/libcore.a(CDC.cpp.o)
 .debug_abbrev  0x0000000000001e4f      0x8ac /home/sebtut/WS16_17/Roboy/MKR1000_Lighthouse_Embed/lib/libcore.a(USBCore.cpp.o)
 .debug_abbrev  0x00000000000026fb       0xd7 /home/sebtut/WS16_17/Roboy/MKR1000_Lighthouse_Embed/lib/libcore.a(new.cpp.o)
 .debug_abbrev  0x00000000000027d2      0x2f1 /home/sebtut/WS16_17/Roboy/MKR1000_Lighthouse_Embed/lib/libcore.a(PluggableUSB.cpp.o)

.debug_loc      0x0000000000000000     0x4a4f
 .debug_loc     0x0000000000000000      0x1a0 /home/sebtut/WS16_17/Roboy/MKR1000_Lighthouse_Embed/lib/libcore.a(WInterrupts.c.o)
 .debug_loc     0x00000000000001a0       0x7b /home/sebtut/WS16_17/Roboy/MKR1000_Lighthouse_Embed/lib/libcore.a(cortex_handlers.c.o)
 .debug_loc     0x000000000000021b       0xf4 /home/sebtut/WS16_17/Roboy/MKR1000_Lighthouse_Embed/lib/libcore.a(delay.c.o)
 .debug_loc     0x000000000000030f       0x58 /home/sebtut/WS16_17/Roboy/MKR1000_Lighthouse_Embed/lib/libcore.a(startup.c.o)
 .debug_loc     0x0000000000000367       0xa7 /home/sebtut/WS16_17/Roboy/MKR1000_Lighthouse_Embed/lib/libcore.a(wiring.c.o)
 .debug_loc     0x000000000000040e      0x635 /home/sebtut/WS16_17/Roboy/MKR1000_Lighthouse_Embed/lib/libcore.a(wiring_analog.c.o)
 .debug_loc     0x0000000000000a43      0x19f /home/sebtut/WS16_17/Roboy/MKR1000_Lighthouse_Embed/lib/libcore.a(wiring_digital.c.o)
 .debug_loc     0x0000000000000be2      0x123 /home/sebtut/WS16_17/Roboy/MKR1000_Lighthouse_Embed/lib/libcore.a(wiring_private.c.o)
 .debug_loc     0x0000000000000d05     0x115f /home/sebtut/WS16_17/Roboy/MKR1000_Lighthouse_Embed/lib/libcore.a(Print.cpp.o)
 .debug_loc     0x0000000000001e64      0x544 /home/sebtut/WS16_17/Roboy/MKR1000_Lighthouse_Embed/lib/libcore.a(CDC.cpp.o)
 .debug_loc     0x00000000000023a8     0x23cb /home/sebtut/WS16_17/Roboy/MKR1000_Lighthouse_Embed/lib/libcore.a(USBCore.cpp.o)
 .debug_loc     0x0000000000004773       0x84 /home/sebtut/WS16_17/Roboy/MKR1000_Lighthouse_Embed/lib/libcore.a(new.cpp.o)
 .debug_loc     0x00000000000047f7      0x258 /home/sebtut/WS16_17/Roboy/MKR1000_Lighthouse_Embed/lib/libcore.a(PluggableUSB.cpp.o)

.debug_aranges  0x0000000000000000      0x598
 .debug_aranges
                0x0000000000000000       0x30 /home/sebtut/WS16_17/Roboy/MKR1000_Lighthouse_Embed/lib/libcore.a(WInterrupts.c.o)
 .debug_aranges
                0x0000000000000030       0x40 /home/sebtut/WS16_17/Roboy/MKR1000_Lighthouse_Embed/lib/libcore.a(cortex_handlers.c.o)
 .debug_aranges
                0x0000000000000070       0x38 /home/sebtut/WS16_17/Roboy/MKR1000_Lighthouse_Embed/lib/libcore.a(delay.c.o)
 .debug_aranges
                0x00000000000000a8       0x30 /home/sebtut/WS16_17/Roboy/MKR1000_Lighthouse_Embed/lib/libcore.a(hooks.c.o)
 .debug_aranges
                0x00000000000000d8       0x20 /home/sebtut/WS16_17/Roboy/MKR1000_Lighthouse_Embed/lib/libcore.a(startup.c.o)
 .debug_aranges
                0x00000000000000f8       0x20 /home/sebtut/WS16_17/Roboy/MKR1000_Lighthouse_Embed/lib/libcore.a(wiring.c.o)
 .debug_aranges
                0x0000000000000118       0x48 /home/sebtut/WS16_17/Roboy/MKR1000_Lighthouse_Embed/lib/libcore.a(wiring_analog.c.o)
 .debug_aranges
                0x0000000000000160       0x30 /home/sebtut/WS16_17/Roboy/MKR1000_Lighthouse_Embed/lib/libcore.a(wiring_digital.c.o)
 .debug_aranges
                0x0000000000000190       0x20 /home/sebtut/WS16_17/Roboy/MKR1000_Lighthouse_Embed/lib/libcore.a(wiring_private.c.o)
 .debug_aranges
                0x00000000000001b0       0xf8 /home/sebtut/WS16_17/Roboy/MKR1000_Lighthouse_Embed/lib/libcore.a(Print.cpp.o)
 .debug_aranges
                0x00000000000002a8       0x30 /home/sebtut/WS16_17/Roboy/MKR1000_Lighthouse_Embed/lib/libcore.a(Reset.cpp.o)
 .debug_aranges
                0x00000000000002d8       0xd8 /home/sebtut/WS16_17/Roboy/MKR1000_Lighthouse_Embed/lib/libcore.a(CDC.cpp.o)
 .debug_aranges
                0x00000000000003b0      0x160 /home/sebtut/WS16_17/Roboy/MKR1000_Lighthouse_Embed/lib/libcore.a(USBCore.cpp.o)
 .debug_aranges
                0x0000000000000510       0x38 /home/sebtut/WS16_17/Roboy/MKR1000_Lighthouse_Embed/lib/libcore.a(new.cpp.o)
 .debug_aranges
                0x0000000000000548       0x50 /home/sebtut/WS16_17/Roboy/MKR1000_Lighthouse_Embed/lib/libcore.a(PluggableUSB.cpp.o)

.debug_ranges   0x0000000000000000      0xdc8
 .debug_ranges  0x0000000000000000       0x20 /home/sebtut/WS16_17/Roboy/MKR1000_Lighthouse_Embed/lib/libcore.a(WInterrupts.c.o)
 .debug_ranges  0x0000000000000020       0x30 /home/sebtut/WS16_17/Roboy/MKR1000_Lighthouse_Embed/lib/libcore.a(cortex_handlers.c.o)
 .debug_ranges  0x0000000000000050       0x28 /home/sebtut/WS16_17/Roboy/MKR1000_Lighthouse_Embed/lib/libcore.a(delay.c.o)
 .debug_ranges  0x0000000000000078       0x20 /home/sebtut/WS16_17/Roboy/MKR1000_Lighthouse_Embed/lib/libcore.a(hooks.c.o)
 .debug_ranges  0x0000000000000098       0x10 /home/sebtut/WS16_17/Roboy/MKR1000_Lighthouse_Embed/lib/libcore.a(startup.c.o)
 .debug_ranges  0x00000000000000a8       0x28 /home/sebtut/WS16_17/Roboy/MKR1000_Lighthouse_Embed/lib/libcore.a(wiring.c.o)
 .debug_ranges  0x00000000000000d0       0x38 /home/sebtut/WS16_17/Roboy/MKR1000_Lighthouse_Embed/lib/libcore.a(wiring_analog.c.o)
 .debug_ranges  0x0000000000000108       0x20 /home/sebtut/WS16_17/Roboy/MKR1000_Lighthouse_Embed/lib/libcore.a(wiring_digital.c.o)
 .debug_ranges  0x0000000000000128       0x28 /home/sebtut/WS16_17/Roboy/MKR1000_Lighthouse_Embed/lib/libcore.a(wiring_private.c.o)
 .debug_ranges  0x0000000000000150      0x280 /home/sebtut/WS16_17/Roboy/MKR1000_Lighthouse_Embed/lib/libcore.a(Print.cpp.o)
 .debug_ranges  0x00000000000003d0       0x20 /home/sebtut/WS16_17/Roboy/MKR1000_Lighthouse_Embed/lib/libcore.a(Reset.cpp.o)
 .debug_ranges  0x00000000000003f0      0x120 /home/sebtut/WS16_17/Roboy/MKR1000_Lighthouse_Embed/lib/libcore.a(CDC.cpp.o)
 .debug_ranges  0x0000000000000510      0x7c0 /home/sebtut/WS16_17/Roboy/MKR1000_Lighthouse_Embed/lib/libcore.a(USBCore.cpp.o)
 .debug_ranges  0x0000000000000cd0       0x28 /home/sebtut/WS16_17/Roboy/MKR1000_Lighthouse_Embed/lib/libcore.a(new.cpp.o)
 .debug_ranges  0x0000000000000cf8       0xd0 /home/sebtut/WS16_17/Roboy/MKR1000_Lighthouse_Embed/lib/libcore.a(PluggableUSB.cpp.o)

.debug_line     0x0000000000000000     0x3d3e
 .debug_line    0x0000000000000000      0x3cb /home/sebtut/WS16_17/Roboy/MKR1000_Lighthouse_Embed/lib/libcore.a(WInterrupts.c.o)
 .debug_line    0x00000000000003cb      0x2c6 /home/sebtut/WS16_17/Roboy/MKR1000_Lighthouse_Embed/lib/libcore.a(cortex_handlers.c.o)
 .debug_line    0x0000000000000691      0x2c9 /home/sebtut/WS16_17/Roboy/MKR1000_Lighthouse_Embed/lib/libcore.a(delay.c.o)
 .debug_line    0x000000000000095a       0xa2 /home/sebtut/WS16_17/Roboy/MKR1000_Lighthouse_Embed/lib/libcore.a(hooks.c.o)
 .debug_line    0x00000000000009fc      0x370 /home/sebtut/WS16_17/Roboy/MKR1000_Lighthouse_Embed/lib/libcore.a(startup.c.o)
 .debug_line    0x0000000000000d6c      0x3a7 /home/sebtut/WS16_17/Roboy/MKR1000_Lighthouse_Embed/lib/libcore.a(wiring.c.o)
 .debug_line    0x0000000000001113      0x4ae /home/sebtut/WS16_17/Roboy/MKR1000_Lighthouse_Embed/lib/libcore.a(wiring_analog.c.o)
 .debug_line    0x00000000000015c1      0x30e /home/sebtut/WS16_17/Roboy/MKR1000_Lighthouse_Embed/lib/libcore.a(wiring_digital.c.o)
 .debug_line    0x00000000000018cf      0x310 /home/sebtut/WS16_17/Roboy/MKR1000_Lighthouse_Embed/lib/libcore.a(wiring_private.c.o)
 .debug_line    0x0000000000001bdf      0x604 /home/sebtut/WS16_17/Roboy/MKR1000_Lighthouse_Embed/lib/libcore.a(Print.cpp.o)
 .debug_line    0x00000000000021e3      0x32a /home/sebtut/WS16_17/Roboy/MKR1000_Lighthouse_Embed/lib/libcore.a(Reset.cpp.o)
 .debug_line    0x000000000000250d      0x5cc /home/sebtut/WS16_17/Roboy/MKR1000_Lighthouse_Embed/lib/libcore.a(CDC.cpp.o)
 .debug_line    0x0000000000002ad9      0xdf1 /home/sebtut/WS16_17/Roboy/MKR1000_Lighthouse_Embed/lib/libcore.a(USBCore.cpp.o)
 .debug_line    0x00000000000038ca      0x1a5 /home/sebtut/WS16_17/Roboy/MKR1000_Lighthouse_Embed/lib/libcore.a(new.cpp.o)
 .debug_line    0x0000000000003a6f      0x2cf /home/sebtut/WS16_17/Roboy/MKR1000_Lighthouse_Embed/lib/libcore.a(PluggableUSB.cpp.o)

.debug_str      0x0000000000000000     0x6dde
 .debug_str     0x0000000000000000      0xd71 /home/sebtut/WS16_17/Roboy/MKR1000_Lighthouse_Embed/lib/libcore.a(WInterrupts.c.o)
                                        0xedd (size before relaxing)
 .debug_str     0x0000000000000d71      0x3e4 /home/sebtut/WS16_17/Roboy/MKR1000_Lighthouse_Embed/lib/libcore.a(cortex_handlers.c.o)
                                        0x5d4 (size before relaxing)
 .debug_str     0x0000000000001155       0xc1 /home/sebtut/WS16_17/Roboy/MKR1000_Lighthouse_Embed/lib/libcore.a(delay.c.o)
                                        0x2c8 (size before relaxing)
 .debug_str     0x0000000000001216       0x6a /home/sebtut/WS16_17/Roboy/MKR1000_Lighthouse_Embed/lib/libcore.a(hooks.c.o)
                                        0x129 (size before relaxing)
 .debug_str     0x0000000000001280      0x8c9 /home/sebtut/WS16_17/Roboy/MKR1000_Lighthouse_Embed/lib/libcore.a(startup.c.o)
                                        0xd5a (size before relaxing)
 .debug_str     0x0000000000001b49      0x1a9 /home/sebtut/WS16_17/Roboy/MKR1000_Lighthouse_Embed/lib/libcore.a(wiring.c.o)
                                        0xbfd (size before relaxing)
 .debug_str     0x0000000000001cf2      0x90f /home/sebtut/WS16_17/Roboy/MKR1000_Lighthouse_Embed/lib/libcore.a(wiring_analog.c.o)
                                       0x15ca (size before relaxing)
 .debug_str     0x0000000000002601      0x102 /home/sebtut/WS16_17/Roboy/MKR1000_Lighthouse_Embed/lib/libcore.a(wiring_digital.c.o)
                                        0x976 (size before relaxing)
 .debug_str     0x0000000000002703       0x6e /home/sebtut/WS16_17/Roboy/MKR1000_Lighthouse_Embed/lib/libcore.a(wiring_private.c.o)
                                        0x970 (size before relaxing)
 .debug_str     0x0000000000002771      0xe58 /home/sebtut/WS16_17/Roboy/MKR1000_Lighthouse_Embed/lib/libcore.a(Print.cpp.o)
                                        0xfb7 (size before relaxing)
 .debug_str     0x00000000000035c9      0x18e /home/sebtut/WS16_17/Roboy/MKR1000_Lighthouse_Embed/lib/libcore.a(Reset.cpp.o)
                                        0x5a3 (size before relaxing)
 .debug_str     0x0000000000003757     0x10db /home/sebtut/WS16_17/Roboy/MKR1000_Lighthouse_Embed/lib/libcore.a(CDC.cpp.o)
                                       0x1e14 (size before relaxing)
 .debug_str     0x0000000000004832     0x2486 /home/sebtut/WS16_17/Roboy/MKR1000_Lighthouse_Embed/lib/libcore.a(USBCore.cpp.o)
                                       0x3a8d (size before relaxing)
 .debug_str     0x0000000000006cb8       0x9f /home/sebtut/WS16_17/Roboy/MKR1000_Lighthouse_Embed/lib/libcore.a(new.cpp.o)
                                        0x26a (size before relaxing)
 .debug_str     0x0000000000006d57       0x87 /home/sebtut/WS16_17/Roboy/MKR1000_Lighthouse_Embed/lib/libcore.a(PluggableUSB.cpp.o)
                                        0x5c0 (size before relaxing)

.debug_frame    0x0000000000000000      0xf54
 .debug_frame   0x0000000000000000       0x5c /home/sebtut/WS16_17/Roboy/MKR1000_Lighthouse_Embed/lib/libcore.a(WInterrupts.c.o)
 .debug_frame   0x000000000000005c       0x7c /home/sebtut/WS16_17/Roboy/MKR1000_Lighthouse_Embed/lib/libcore.a(cortex_handlers.c.o)
 .debug_frame   0x00000000000000d8       0x78 /home/sebtut/WS16_17/Roboy/MKR1000_Lighthouse_Embed/lib/libcore.a(delay.c.o)
 .debug_frame   0x0000000000000150       0x40 /home/sebtut/WS16_17/Roboy/MKR1000_Lighthouse_Embed/lib/libcore.a(hooks.c.o)
 .debug_frame   0x0000000000000190       0x2c /home/sebtut/WS16_17/Roboy/MKR1000_Lighthouse_Embed/lib/libcore.a(startup.c.o)
 .debug_frame   0x00000000000001bc       0x28 /home/sebtut/WS16_17/Roboy/MKR1000_Lighthouse_Embed/lib/libcore.a(wiring.c.o)
 .debug_frame   0x00000000000001e4       0x90 /home/sebtut/WS16_17/Roboy/MKR1000_Lighthouse_Embed/lib/libcore.a(wiring_analog.c.o)
 .debug_frame   0x0000000000000274       0x58 /home/sebtut/WS16_17/Roboy/MKR1000_Lighthouse_Embed/lib/libcore.a(wiring_digital.c.o)
 .debug_frame   0x00000000000002cc       0x30 /home/sebtut/WS16_17/Roboy/MKR1000_Lighthouse_Embed/lib/libcore.a(wiring_private.c.o)
 .debug_frame   0x00000000000002fc      0x310 /home/sebtut/WS16_17/Roboy/MKR1000_Lighthouse_Embed/lib/libcore.a(Print.cpp.o)
 .debug_frame   0x000000000000060c       0x40 /home/sebtut/WS16_17/Roboy/MKR1000_Lighthouse_Embed/lib/libcore.a(Reset.cpp.o)
 .debug_frame   0x000000000000064c      0x1f4 /home/sebtut/WS16_17/Roboy/MKR1000_Lighthouse_Embed/lib/libcore.a(CDC.cpp.o)
 .debug_frame   0x0000000000000840      0x42c /home/sebtut/WS16_17/Roboy/MKR1000_Lighthouse_Embed/lib/libcore.a(USBCore.cpp.o)
 .debug_frame   0x0000000000000c6c       0x70 /home/sebtut/WS16_17/Roboy/MKR1000_Lighthouse_Embed/lib/libcore.a(new.cpp.o)
 .debug_frame   0x0000000000000cdc       0xc4 /home/sebtut/WS16_17/Roboy/MKR1000_Lighthouse_Embed/lib/libcore.a(PluggableUSB.cpp.o)
 .debug_frame   0x0000000000000da0       0x20 /home/sebtut/WS16_17/Roboy/MKR1000_Lighthouse_Embed/tools/gcc-arm-none-eabi/bin/../lib/gcc/arm-none-eabi/4.8.3/armv6-m/libgcc.a(_udivsi3.o)
 .debug_frame   0x0000000000000dc0       0x2c /home/sebtut/WS16_17/Roboy/MKR1000_Lighthouse_Embed/tools/gcc-arm-none-eabi/bin/../lib/gcc/arm-none-eabi/4.8.3/../../../../arm-none-eabi/lib/armv6-m/libc_s.a(lib_a-init.o)
 .debug_frame   0x0000000000000dec       0x40 /home/sebtut/WS16_17/Roboy/MKR1000_Lighthouse_Embed/tools/gcc-arm-none-eabi/bin/../lib/gcc/arm-none-eabi/4.8.3/../../../../arm-none-eabi/lib/armv6-m/libc_s.a(lib_a-malloc.o)
 .debug_frame   0x0000000000000e2c       0x28 /home/sebtut/WS16_17/Roboy/MKR1000_Lighthouse_Embed/tools/gcc-arm-none-eabi/bin/../lib/gcc/arm-none-eabi/4.8.3/../../../../arm-none-eabi/lib/armv6-m/libc_s.a(lib_a-memcpy-stub.o)
 .debug_frame   0x0000000000000e54       0x20 /home/sebtut/WS16_17/Roboy/MKR1000_Lighthouse_Embed/tools/gcc-arm-none-eabi/bin/../lib/gcc/arm-none-eabi/4.8.3/../../../../arm-none-eabi/lib/armv6-m/libc_s.a(lib_a-memset.o)
 .debug_frame   0x0000000000000e74       0x2c /home/sebtut/WS16_17/Roboy/MKR1000_Lighthouse_Embed/tools/gcc-arm-none-eabi/bin/../lib/gcc/arm-none-eabi/4.8.3/../../../../arm-none-eabi/lib/armv6-m/libc_s.a(lib_a-nano-mallocr.o)
 .debug_frame   0x0000000000000ea0       0x2c /home/sebtut/WS16_17/Roboy/MKR1000_Lighthouse_Embed/tools/gcc-arm-none-eabi/bin/../lib/gcc/arm-none-eabi/4.8.3/../../../../arm-none-eabi/lib/armv6-m/libc_s.a(lib_a-sbrkr.o)
 .debug_frame   0x0000000000000ecc       0x20 /home/sebtut/WS16_17/Roboy/MKR1000_Lighthouse_Embed/tools/gcc-arm-none-eabi/bin/../lib/gcc/arm-none-eabi/4.8.3/../../../../arm-none-eabi/lib/armv6-m/libc_s.a(lib_a-strlen.o)
 .debug_frame   0x0000000000000eec       0x48 /home/sebtut/WS16_17/Roboy/MKR1000_Lighthouse_Embed/tools/gcc-arm-none-eabi/bin/../lib/gcc/arm-none-eabi/4.8.3/../../../../arm-none-eabi/lib/armv6-m/libc_s.a(lib_a-reent.o)
 .debug_frame   0x0000000000000f34       0x20 /home/sebtut/WS16_17/Roboy/MKR1000_Lighthouse_Embed/tools/gcc-arm-none-eabi/bin/../lib/gcc/arm-none-eabi/4.8.3/../../../../arm-none-eabi/lib/armv6-m/libnosys.a(sbrk.o)

Cross Reference Table

Symbol                                            File
AC_Handler                                        /home/sebtut/WS16_17/Roboy/MKR1000_Lighthouse_Embed/lib/libcore.a(cortex_handlers.c.o)
ADC_Handler                                       /home/sebtut/WS16_17/Roboy/MKR1000_Lighthouse_Embed/lib/libcore.a(cortex_handlers.c.o)
CDC_GetInterface(unsigned char*)                  /home/sebtut/WS16_17/Roboy/MKR1000_Lighthouse_Embed/lib/libcore.a(CDC.cpp.o)
                                                  /home/sebtut/WS16_17/Roboy/MKR1000_Lighthouse_Embed/lib/libcore.a(USBCore.cpp.o)
CDC_Setup(USBSetup&)                              /home/sebtut/WS16_17/Roboy/MKR1000_Lighthouse_Embed/lib/libcore.a(CDC.cpp.o)
                                                  /home/sebtut/WS16_17/Roboy/MKR1000_Lighthouse_Embed/lib/libcore.a(USBCore.cpp.o)
DAC_Handler                                       /home/sebtut/WS16_17/Roboy/MKR1000_Lighthouse_Embed/lib/libcore.a(cortex_handlers.c.o)
DMAC_Handler                                      /home/sebtut/WS16_17/Roboy/MKR1000_Lighthouse_Embed/lib/libcore.a(cortex_handlers.c.o)
DoubleBufferedEPOutHandler::available() const     /home/sebtut/WS16_17/Roboy/MKR1000_Lighthouse_Embed/lib/libcore.a(USBCore.cpp.o)
DoubleBufferedEPOutHandler::handleEndpoint()      /home/sebtut/WS16_17/Roboy/MKR1000_Lighthouse_Embed/lib/libcore.a(USBCore.cpp.o)
DoubleBufferedEPOutHandler::recv(void*, unsigned long) /home/sebtut/WS16_17/Roboy/MKR1000_Lighthouse_Embed/lib/libcore.a(USBCore.cpp.o)
DoubleBufferedEPOutHandler::release()             /home/sebtut/WS16_17/Roboy/MKR1000_Lighthouse_Embed/lib/libcore.a(USBCore.cpp.o)
Dummy_Handler                                     /home/sebtut/WS16_17/Roboy/MKR1000_Lighthouse_Embed/lib/libcore.a(cortex_handlers.c.o)
EIC_Handler                                       /home/sebtut/WS16_17/Roboy/MKR1000_Lighthouse_Embed/lib/libcore.a(WInterrupts.c.o)
EVSYS_Handler                                     /home/sebtut/WS16_17/Roboy/MKR1000_Lighthouse_Embed/lib/libcore.a(cortex_handlers.c.o)
EndPoints                                         /home/sebtut/WS16_17/Roboy/MKR1000_Lighthouse_Embed/lib/libcore.a(USBCore.cpp.o)
                                                  /home/sebtut/WS16_17/Roboy/MKR1000_Lighthouse_Embed/lib/libcore.a(PluggableUSB.cpp.o)
HardFault_Handler                                 /home/sebtut/WS16_17/Roboy/MKR1000_Lighthouse_Embed/lib/libcore.a(cortex_handlers.c.o)
I2S_Handler                                       /home/sebtut/WS16_17/Roboy/MKR1000_Lighthouse_Embed/lib/libcore.a(cortex_handlers.c.o)
NMI_Handler                                       /home/sebtut/WS16_17/Roboy/MKR1000_Lighthouse_Embed/lib/libcore.a(cortex_handlers.c.o)
NVMCTRL_Handler                                   /home/sebtut/WS16_17/Roboy/MKR1000_Lighthouse_Embed/lib/libcore.a(cortex_handlers.c.o)
PM_Handler                                        /home/sebtut/WS16_17/Roboy/MKR1000_Lighthouse_Embed/lib/libcore.a(cortex_handlers.c.o)
PTC_Handler                                       /home/sebtut/WS16_17/Roboy/MKR1000_Lighthouse_Embed/lib/libcore.a(cortex_handlers.c.o)
PendSV_Handler                                    /home/sebtut/WS16_17/Roboy/MKR1000_Lighthouse_Embed/lib/libcore.a(cortex_handlers.c.o)
PluggableUSB()                                    /home/sebtut/WS16_17/Roboy/MKR1000_Lighthouse_Embed/lib/libcore.a(PluggableUSB.cpp.o)
                                                  /home/sebtut/WS16_17/Roboy/MKR1000_Lighthouse_Embed/lib/libcore.a(USBCore.cpp.o)
PluggableUSB_::PluggableUSB_()                    /home/sebtut/WS16_17/Roboy/MKR1000_Lighthouse_Embed/lib/libcore.a(PluggableUSB.cpp.o)
PluggableUSB_::PluggableUSB_()                    /home/sebtut/WS16_17/Roboy/MKR1000_Lighthouse_Embed/lib/libcore.a(PluggableUSB.cpp.o)
PluggableUSB_::getDescriptor(USBSetup&)           /home/sebtut/WS16_17/Roboy/MKR1000_Lighthouse_Embed/lib/libcore.a(PluggableUSB.cpp.o)
                                                  /home/sebtut/WS16_17/Roboy/MKR1000_Lighthouse_Embed/lib/libcore.a(USBCore.cpp.o)
PluggableUSB_::getInterface(unsigned char*)       /home/sebtut/WS16_17/Roboy/MKR1000_Lighthouse_Embed/lib/libcore.a(PluggableUSB.cpp.o)
                                                  /home/sebtut/WS16_17/Roboy/MKR1000_Lighthouse_Embed/lib/libcore.a(USBCore.cpp.o)
PluggableUSB_::getShortName(char*)                /home/sebtut/WS16_17/Roboy/MKR1000_Lighthouse_Embed/lib/libcore.a(PluggableUSB.cpp.o)
                                                  /home/sebtut/WS16_17/Roboy/MKR1000_Lighthouse_Embed/lib/libcore.a(USBCore.cpp.o)
PluggableUSB_::plug(PluggableUSBModule*)          /home/sebtut/WS16_17/Roboy/MKR1000_Lighthouse_Embed/lib/libcore.a(PluggableUSB.cpp.o)
PluggableUSB_::setup(USBSetup&)                   /home/sebtut/WS16_17/Roboy/MKR1000_Lighthouse_Embed/lib/libcore.a(PluggableUSB.cpp.o)
                                                  /home/sebtut/WS16_17/Roboy/MKR1000_Lighthouse_Embed/lib/libcore.a(USBCore.cpp.o)
Print::print(Printable const&)                    /home/sebtut/WS16_17/Roboy/MKR1000_Lighthouse_Embed/lib/libcore.a(Print.cpp.o)
Print::print(String const&)                       /home/sebtut/WS16_17/Roboy/MKR1000_Lighthouse_Embed/lib/libcore.a(Print.cpp.o)
Print::print(__FlashStringHelper const*)          /home/sebtut/WS16_17/Roboy/MKR1000_Lighthouse_Embed/lib/libcore.a(Print.cpp.o)
Print::print(char const*)                         /home/sebtut/WS16_17/Roboy/MKR1000_Lighthouse_Embed/lib/libcore.a(Print.cpp.o)
                                                  /home/sebtut/WS16_17/Roboy/MKR1000_Lighthouse_Embed/build/LightHouseTimer.o
Print::print(char)                                /home/sebtut/WS16_17/Roboy/MKR1000_Lighthouse_Embed/lib/libcore.a(Print.cpp.o)
Print::print(double, int)                         /home/sebtut/WS16_17/Roboy/MKR1000_Lighthouse_Embed/lib/libcore.a(Print.cpp.o)
Print::print(int, int)                            /home/sebtut/WS16_17/Roboy/MKR1000_Lighthouse_Embed/lib/libcore.a(Print.cpp.o)
Print::print(long, int)                           /home/sebtut/WS16_17/Roboy/MKR1000_Lighthouse_Embed/lib/libcore.a(Print.cpp.o)
Print::print(unsigned char, int)                  /home/sebtut/WS16_17/Roboy/MKR1000_Lighthouse_Embed/lib/libcore.a(Print.cpp.o)
Print::print(unsigned int, int)                   /home/sebtut/WS16_17/Roboy/MKR1000_Lighthouse_Embed/lib/libcore.a(Print.cpp.o)
Print::print(unsigned long, int)                  /home/sebtut/WS16_17/Roboy/MKR1000_Lighthouse_Embed/lib/libcore.a(Print.cpp.o)
Print::printFloat(double, unsigned char)          /home/sebtut/WS16_17/Roboy/MKR1000_Lighthouse_Embed/lib/libcore.a(Print.cpp.o)
Print::printNumber(unsigned long, unsigned char)  /home/sebtut/WS16_17/Roboy/MKR1000_Lighthouse_Embed/lib/libcore.a(Print.cpp.o)
Print::println()                                  /home/sebtut/WS16_17/Roboy/MKR1000_Lighthouse_Embed/lib/libcore.a(Print.cpp.o)
Print::println(Printable const&)                  /home/sebtut/WS16_17/Roboy/MKR1000_Lighthouse_Embed/lib/libcore.a(Print.cpp.o)
Print::println(String const&)                     /home/sebtut/WS16_17/Roboy/MKR1000_Lighthouse_Embed/lib/libcore.a(Print.cpp.o)
Print::println(__FlashStringHelper const*)        /home/sebtut/WS16_17/Roboy/MKR1000_Lighthouse_Embed/lib/libcore.a(Print.cpp.o)
Print::println(char const*)                       /home/sebtut/WS16_17/Roboy/MKR1000_Lighthouse_Embed/lib/libcore.a(Print.cpp.o)
                                                  /home/sebtut/WS16_17/Roboy/MKR1000_Lighthouse_Embed/build/main.o
Print::println(char)                              /home/sebtut/WS16_17/Roboy/MKR1000_Lighthouse_Embed/lib/libcore.a(Print.cpp.o)
Print::println(double, int)                       /home/sebtut/WS16_17/Roboy/MKR1000_Lighthouse_Embed/lib/libcore.a(Print.cpp.o)
Print::println(int, int)                          /home/sebtut/WS16_17/Roboy/MKR1000_Lighthouse_Embed/lib/libcore.a(Print.cpp.o)
                                                  /home/sebtut/WS16_17/Roboy/MKR1000_Lighthouse_Embed/build/LightHouseTimer.o
Print::println(long, int)                         /home/sebtut/WS16_17/Roboy/MKR1000_Lighthouse_Embed/lib/libcore.a(Print.cpp.o)
Print::println(unsigned char, int)                /home/sebtut/WS16_17/Roboy/MKR1000_Lighthouse_Embed/lib/libcore.a(Print.cpp.o)
Print::println(unsigned int, int)                 /home/sebtut/WS16_17/Roboy/MKR1000_Lighthouse_Embed/lib/libcore.a(Print.cpp.o)
Print::println(unsigned long, int)                /home/sebtut/WS16_17/Roboy/MKR1000_Lighthouse_Embed/lib/libcore.a(Print.cpp.o)
Print::write(char const*)                         /home/sebtut/WS16_17/Roboy/MKR1000_Lighthouse_Embed/lib/libcore.a(Print.cpp.o)
Print::write(unsigned char const*, unsigned int)  /home/sebtut/WS16_17/Roboy/MKR1000_Lighthouse_Embed/lib/libcore.a(Print.cpp.o)
RTC_Handler                                       /home/sebtut/WS16_17/Roboy/MKR1000_Lighthouse_Embed/lib/libcore.a(cortex_handlers.c.o)
Reset_Handler                                     /home/sebtut/WS16_17/Roboy/MKR1000_Lighthouse_Embed/lib/libcore.a(cortex_handlers.c.o)
SERCOM0_Handler                                   /home/sebtut/WS16_17/Roboy/MKR1000_Lighthouse_Embed/lib/libcore.a(cortex_handlers.c.o)
SERCOM1_Handler                                   /home/sebtut/WS16_17/Roboy/MKR1000_Lighthouse_Embed/lib/libcore.a(cortex_handlers.c.o)
SERCOM2_Handler                                   /home/sebtut/WS16_17/Roboy/MKR1000_Lighthouse_Embed/lib/libcore.a(cortex_handlers.c.o)
SERCOM3_Handler                                   /home/sebtut/WS16_17/Roboy/MKR1000_Lighthouse_Embed/lib/libcore.a(cortex_handlers.c.o)
SERCOM4_Handler                                   /home/sebtut/WS16_17/Roboy/MKR1000_Lighthouse_Embed/lib/libcore.a(cortex_handlers.c.o)
SERCOM5_Handler                                   /home/sebtut/WS16_17/Roboy/MKR1000_Lighthouse_Embed/lib/libcore.a(cortex_handlers.c.o)
SVC_Handler                                       /home/sebtut/WS16_17/Roboy/MKR1000_Lighthouse_Embed/lib/libcore.a(cortex_handlers.c.o)
SYSCTRL_Handler                                   /home/sebtut/WS16_17/Roboy/MKR1000_Lighthouse_Embed/lib/libcore.a(cortex_handlers.c.o)
SerialUSB                                         /home/sebtut/WS16_17/Roboy/MKR1000_Lighthouse_Embed/lib/libcore.a(CDC.cpp.o)
                                                  /home/sebtut/WS16_17/Roboy/MKR1000_Lighthouse_Embed/build/LightHouseTimer.o
                                                  /home/sebtut/WS16_17/Roboy/MKR1000_Lighthouse_Embed/build/main.o
Serial_::available()                              /home/sebtut/WS16_17/Roboy/MKR1000_Lighthouse_Embed/lib/libcore.a(CDC.cpp.o)
Serial_::availableForWrite()                      /home/sebtut/WS16_17/Roboy/MKR1000_Lighthouse_Embed/lib/libcore.a(CDC.cpp.o)
Serial_::baud()                                   /home/sebtut/WS16_17/Roboy/MKR1000_Lighthouse_Embed/lib/libcore.a(CDC.cpp.o)
Serial_::begin(unsigned long)                     /home/sebtut/WS16_17/Roboy/MKR1000_Lighthouse_Embed/lib/libcore.a(CDC.cpp.o)
Serial_::begin(unsigned long, unsigned char)      /home/sebtut/WS16_17/Roboy/MKR1000_Lighthouse_Embed/lib/libcore.a(CDC.cpp.o)
Serial_::dtr()                                    /home/sebtut/WS16_17/Roboy/MKR1000_Lighthouse_Embed/lib/libcore.a(CDC.cpp.o)
Serial_::end()                                    /home/sebtut/WS16_17/Roboy/MKR1000_Lighthouse_Embed/lib/libcore.a(CDC.cpp.o)
Serial_::flush()                                  /home/sebtut/WS16_17/Roboy/MKR1000_Lighthouse_Embed/lib/libcore.a(CDC.cpp.o)
Serial_::numbits()                                /home/sebtut/WS16_17/Roboy/MKR1000_Lighthouse_Embed/lib/libcore.a(CDC.cpp.o)
Serial_::operator bool()                          /home/sebtut/WS16_17/Roboy/MKR1000_Lighthouse_Embed/lib/libcore.a(CDC.cpp.o)
Serial_::paritytype()                             /home/sebtut/WS16_17/Roboy/MKR1000_Lighthouse_Embed/lib/libcore.a(CDC.cpp.o)
Serial_::peek()                                   /home/sebtut/WS16_17/Roboy/MKR1000_Lighthouse_Embed/lib/libcore.a(CDC.cpp.o)
Serial_::read()                                   /home/sebtut/WS16_17/Roboy/MKR1000_Lighthouse_Embed/lib/libcore.a(CDC.cpp.o)
Serial_::readBreak()                              /home/sebtut/WS16_17/Roboy/MKR1000_Lighthouse_Embed/lib/libcore.a(CDC.cpp.o)
Serial_::readBytes(char*, unsigned int)           /home/sebtut/WS16_17/Roboy/MKR1000_Lighthouse_Embed/lib/libcore.a(CDC.cpp.o)
Serial_::rts()                                    /home/sebtut/WS16_17/Roboy/MKR1000_Lighthouse_Embed/lib/libcore.a(CDC.cpp.o)
Serial_::stopbits()                               /home/sebtut/WS16_17/Roboy/MKR1000_Lighthouse_Embed/lib/libcore.a(CDC.cpp.o)
Serial_::write(unsigned char const*, unsigned int) /home/sebtut/WS16_17/Roboy/MKR1000_Lighthouse_Embed/lib/libcore.a(CDC.cpp.o)
Serial_::write(unsigned char)                     /home/sebtut/WS16_17/Roboy/MKR1000_Lighthouse_Embed/lib/libcore.a(CDC.cpp.o)
SysTick_DefaultHandler                            /home/sebtut/WS16_17/Roboy/MKR1000_Lighthouse_Embed/lib/libcore.a(delay.c.o)
                                                  /home/sebtut/WS16_17/Roboy/MKR1000_Lighthouse_Embed/lib/libcore.a(cortex_handlers.c.o)
SysTick_Handler                                   /home/sebtut/WS16_17/Roboy/MKR1000_Lighthouse_Embed/lib/libcore.a(cortex_handlers.c.o)
SystemCoreClock                                   /home/sebtut/WS16_17/Roboy/MKR1000_Lighthouse_Embed/lib/libcore.a(wiring.c.o)
                                                  /home/sebtut/WS16_17/Roboy/MKR1000_Lighthouse_Embed/lib/libcore.a(USBCore.cpp.o)
                                                  /home/sebtut/WS16_17/Roboy/MKR1000_Lighthouse_Embed/lib/libcore.a(startup.c.o)
SystemInit                                        /home/sebtut/WS16_17/Roboy/MKR1000_Lighthouse_Embed/lib/libcore.a(startup.c.o)
                                                  /home/sebtut/WS16_17/Roboy/MKR1000_Lighthouse_Embed/lib/libcore.a(cortex_handlers.c.o)
TC3_Handler                                       /home/sebtut/WS16_17/Roboy/MKR1000_Lighthouse_Embed/lib/libcore.a(cortex_handlers.c.o)
TC4_Handler                                       /home/sebtut/WS16_17/Roboy/MKR1000_Lighthouse_Embed/lib/libcore.a(cortex_handlers.c.o)
TC5_Handler                                       /home/sebtut/WS16_17/Roboy/MKR1000_Lighthouse_Embed/lib/libcore.a(cortex_handlers.c.o)
TC6_Handler                                       /home/sebtut/WS16_17/Roboy/MKR1000_Lighthouse_Embed/lib/libcore.a(cortex_handlers.c.o)
TC7_Handler                                       /home/sebtut/WS16_17/Roboy/MKR1000_Lighthouse_Embed/lib/libcore.a(cortex_handlers.c.o)
TCC0_Handler                                      /home/sebtut/WS16_17/Roboy/MKR1000_Lighthouse_Embed/lib/libcore.a(cortex_handlers.c.o)
TCC1_Handler                                      /home/sebtut/WS16_17/Roboy/MKR1000_Lighthouse_Embed/lib/libcore.a(cortex_handlers.c.o)
TCC2_Handler                                      /home/sebtut/WS16_17/Roboy/MKR1000_Lighthouse_Embed/lib/libcore.a(cortex_handlers.c.o)
UDD_Handler                                       /home/sebtut/WS16_17/Roboy/MKR1000_Lighthouse_Embed/lib/libcore.a(USBCore.cpp.o)
USBDevice                                         /home/sebtut/WS16_17/Roboy/MKR1000_Lighthouse_Embed/lib/libcore.a(USBCore.cpp.o)
                                                  /home/sebtut/WS16_17/Roboy/MKR1000_Lighthouse_Embed/lib/libcore.a(CDC.cpp.o)
                                                  /home/sebtut/WS16_17/Roboy/MKR1000_Lighthouse_Embed/build/main.o
USBDeviceClass::ISRHandler()                      /home/sebtut/WS16_17/Roboy/MKR1000_Lighthouse_Embed/lib/libcore.a(USBCore.cpp.o)
USBDeviceClass::SendInterfaces(unsigned long*)    /home/sebtut/WS16_17/Roboy/MKR1000_Lighthouse_Embed/lib/libcore.a(USBCore.cpp.o)
USBDeviceClass::armRecv(unsigned long)            /home/sebtut/WS16_17/Roboy/MKR1000_Lighthouse_Embed/lib/libcore.a(USBCore.cpp.o)
USBDeviceClass::armRecvCtrlOUT(unsigned long)     /home/sebtut/WS16_17/Roboy/MKR1000_Lighthouse_Embed/lib/libcore.a(USBCore.cpp.o)
USBDeviceClass::armSend(unsigned long, void const*, unsigned long) /home/sebtut/WS16_17/Roboy/MKR1000_Lighthouse_Embed/lib/libcore.a(USBCore.cpp.o)
USBDeviceClass::attach()                          /home/sebtut/WS16_17/Roboy/MKR1000_Lighthouse_Embed/lib/libcore.a(USBCore.cpp.o)
                                                  /home/sebtut/WS16_17/Roboy/MKR1000_Lighthouse_Embed/build/main.o
USBDeviceClass::available(unsigned long)          /home/sebtut/WS16_17/Roboy/MKR1000_Lighthouse_Embed/lib/libcore.a(USBCore.cpp.o)
                                                  /home/sebtut/WS16_17/Roboy/MKR1000_Lighthouse_Embed/lib/libcore.a(CDC.cpp.o)
USBDeviceClass::configured()                      /home/sebtut/WS16_17/Roboy/MKR1000_Lighthouse_Embed/lib/libcore.a(USBCore.cpp.o)
USBDeviceClass::connected()                       /home/sebtut/WS16_17/Roboy/MKR1000_Lighthouse_Embed/lib/libcore.a(USBCore.cpp.o)
USBDeviceClass::detach()                          /home/sebtut/WS16_17/Roboy/MKR1000_Lighthouse_Embed/lib/libcore.a(USBCore.cpp.o)
USBDeviceClass::flush(unsigned long)              /home/sebtut/WS16_17/Roboy/MKR1000_Lighthouse_Embed/lib/libcore.a(USBCore.cpp.o)
                                                  /home/sebtut/WS16_17/Roboy/MKR1000_Lighthouse_Embed/lib/libcore.a(CDC.cpp.o)
USBDeviceClass::handleClassInterfaceSetup(USBSetup&) /home/sebtut/WS16_17/Roboy/MKR1000_Lighthouse_Embed/lib/libcore.a(USBCore.cpp.o)
USBDeviceClass::handleEndpoint(unsigned char)     /home/sebtut/WS16_17/Roboy/MKR1000_Lighthouse_Embed/lib/libcore.a(USBCore.cpp.o)
USBDeviceClass::handleStandardSetup(USBSetup&)    /home/sebtut/WS16_17/Roboy/MKR1000_Lighthouse_Embed/lib/libcore.a(USBCore.cpp.o)
USBDeviceClass::init()                            /home/sebtut/WS16_17/Roboy/MKR1000_Lighthouse_Embed/lib/libcore.a(USBCore.cpp.o)
                                                  /home/sebtut/WS16_17/Roboy/MKR1000_Lighthouse_Embed/build/main.o
USBDeviceClass::initEP(unsigned long, unsigned long) /home/sebtut/WS16_17/Roboy/MKR1000_Lighthouse_Embed/lib/libcore.a(USBCore.cpp.o)
USBDeviceClass::initEndpoints()                   /home/sebtut/WS16_17/Roboy/MKR1000_Lighthouse_Embed/lib/libcore.a(USBCore.cpp.o)
USBDeviceClass::packMessages(bool)                /home/sebtut/WS16_17/Roboy/MKR1000_Lighthouse_Embed/lib/libcore.a(USBCore.cpp.o)
USBDeviceClass::recv(unsigned long)               /home/sebtut/WS16_17/Roboy/MKR1000_Lighthouse_Embed/lib/libcore.a(USBCore.cpp.o)
                                                  /home/sebtut/WS16_17/Roboy/MKR1000_Lighthouse_Embed/lib/libcore.a(CDC.cpp.o)
USBDeviceClass::recv(unsigned long, void*, unsigned long) /home/sebtut/WS16_17/Roboy/MKR1000_Lighthouse_Embed/lib/libcore.a(USBCore.cpp.o)
                                                  /home/sebtut/WS16_17/Roboy/MKR1000_Lighthouse_Embed/lib/libcore.a(CDC.cpp.o)
USBDeviceClass::recvControl(void*, unsigned long) /home/sebtut/WS16_17/Roboy/MKR1000_Lighthouse_Embed/lib/libcore.a(USBCore.cpp.o)
                                                  /home/sebtut/WS16_17/Roboy/MKR1000_Lighthouse_Embed/lib/libcore.a(CDC.cpp.o)
USBDeviceClass::send(unsigned long, void const*, unsigned long) /home/sebtut/WS16_17/Roboy/MKR1000_Lighthouse_Embed/lib/libcore.a(USBCore.cpp.o)
                                                  /home/sebtut/WS16_17/Roboy/MKR1000_Lighthouse_Embed/lib/libcore.a(CDC.cpp.o)
USBDeviceClass::sendConfiguration(unsigned long)  /home/sebtut/WS16_17/Roboy/MKR1000_Lighthouse_Embed/lib/libcore.a(USBCore.cpp.o)
USBDeviceClass::sendControl(void const*, unsigned long) /home/sebtut/WS16_17/Roboy/MKR1000_Lighthouse_Embed/lib/libcore.a(USBCore.cpp.o)
                                                  /home/sebtut/WS16_17/Roboy/MKR1000_Lighthouse_Embed/lib/libcore.a(CDC.cpp.o)
USBDeviceClass::sendDescriptor(USBSetup&)         /home/sebtut/WS16_17/Roboy/MKR1000_Lighthouse_Embed/lib/libcore.a(USBCore.cpp.o)
USBDeviceClass::sendStringDescriptor(unsigned char const*, unsigned char) /home/sebtut/WS16_17/Roboy/MKR1000_Lighthouse_Embed/lib/libcore.a(USBCore.cpp.o)
USBDeviceClass::sendZlp(unsigned long)            /home/sebtut/WS16_17/Roboy/MKR1000_Lighthouse_Embed/lib/libcore.a(USBCore.cpp.o)
USBDeviceClass::setAddress(unsigned long)         /home/sebtut/WS16_17/Roboy/MKR1000_Lighthouse_Embed/lib/libcore.a(USBCore.cpp.o)
USBDeviceClass::stall(unsigned long)              /home/sebtut/WS16_17/Roboy/MKR1000_Lighthouse_Embed/lib/libcore.a(USBCore.cpp.o)
USBDevice_SAMD21G18x::calibrate()                 /home/sebtut/WS16_17/Roboy/MKR1000_Lighthouse_Embed/lib/libcore.a(USBCore.cpp.o)
USBDevice_SAMD21G18x::reset()                     /home/sebtut/WS16_17/Roboy/MKR1000_Lighthouse_Embed/lib/libcore.a(USBCore.cpp.o)
USB_Handler                                       /home/sebtut/WS16_17/Roboy/MKR1000_Lighthouse_Embed/lib/libcore.a(cortex_handlers.c.o)
USB_SetHandler                                    /home/sebtut/WS16_17/Roboy/MKR1000_Lighthouse_Embed/lib/libcore.a(cortex_handlers.c.o)
                                                  /home/sebtut/WS16_17/Roboy/MKR1000_Lighthouse_Embed/lib/libcore.a(USBCore.cpp.o)
WDT_Handler                                       /home/sebtut/WS16_17/Roboy/MKR1000_Lighthouse_Embed/lib/libcore.a(cortex_handlers.c.o)
_CDC_GetInterface()                               /home/sebtut/WS16_17/Roboy/MKR1000_Lighthouse_Embed/lib/libcore.a(CDC.cpp.o)
_CDC_GetInterfaceLength()                         /home/sebtut/WS16_17/Roboy/MKR1000_Lighthouse_Embed/lib/libcore.a(CDC.cpp.o)
_Jv_RegisterClasses                               /home/sebtut/WS16_17/Roboy/MKR1000_Lighthouse_Embed/tools/gcc-arm-none-eabi/bin/../lib/gcc/arm-none-eabi/4.8.3/armv6-m/crtbegin.o
__Guard::__Guard()                                /home/sebtut/WS16_17/Roboy/MKR1000_Lighthouse_Embed/lib/libcore.a(USBCore.cpp.o)
__Guard::__Guard()                                /home/sebtut/WS16_17/Roboy/MKR1000_Lighthouse_Embed/lib/libcore.a(USBCore.cpp.o)
__Guard::~__Guard()                               /home/sebtut/WS16_17/Roboy/MKR1000_Lighthouse_Embed/lib/libcore.a(USBCore.cpp.o)
__Guard::~__Guard()                               /home/sebtut/WS16_17/Roboy/MKR1000_Lighthouse_Embed/lib/libcore.a(USBCore.cpp.o)
__StackTop                                        /home/sebtut/WS16_17/Roboy/MKR1000_Lighthouse_Embed/lib/libcore.a(cortex_handlers.c.o)